<?xml version="1.0" encoding="utf-8"?>
<TestRun id="f9cb31b1-691e-48a6-84eb-5723156c3d6c" name="olexi@SAI-W11 2026-04-27 15:11:03" runUser="SAI-W11\olexi" xmlns="http://microsoft.com/schemas/VisualStudio/TeamTest/2010">
  <Times creation="2026-04-27T15:11:03.5552294+01:00" queuing="2026-04-27T15:11:03.5552299+01:00" start="2026-04-27T15:11:01.3323381+01:00" finish="2026-04-27T15:12:42.8227867+01:00" />
  <TestSettings name="default" id="1b6bb15f-4763-4ee4-a44b-f40b5a51e7fd">
    <Deployment runDeploymentRoot="olexi_SAI-W11_2026-04-27_15_11_03" />
  </TestSettings>
  <Results>
    <UnitTestResult executionId="a8a31c54-7263-42ab-9af1-7b5e311d4dc4" testId="a9a149e2-684b-29cd-32ba-3268edaa6702" testName="Sai.DealAssistant.Infrastructure.Tests.Repositories.GenericRepositoryTests.ReadRepositoryTests.CountAsync_ReturnsFiltered" computerName="SAI-W11" duration="00:00:00.1573037" startTime="2026-04-27T15:11:03.6206992+01:00" endTime="2026-04-27T15:11:03.6206995+01:00" testType="13cdc9d9-ddb5-4fa4-a97d-d965ccfc6d4b" outcome="Passed" testListId="8c84fa94-04c1-424b-9868-57a2d4851a1d" relativeResultsDirectory="a8a31c54-7263-42ab-9af1-7b5e311d4dc4" />
    <UnitTestResult executionId="02f4bac1-9be3-49a2-aa25-35cbfc17f443" testId="c60741ba-ce87-4389-62b6-abfaecce0cb4" testName="Sai.DealAssistant.Infrastructure.Tests.Repositories.GenericRepositoryTests.CrudRepositoryTests.DeleteAsync_DeletesSampleEmployee" computerName="SAI-W11" duration="00:00:00.0526605" startTime="2026-04-27T15:11:03.8507052+01:00" endTime="2026-04-27T15:11:03.8507053+01:00" testType="13cdc9d9-ddb5-4fa4-a97d-d965ccfc6d4b" outcome="Passed" testListId="8c84fa94-04c1-424b-9868-57a2d4851a1d" relativeResultsDirectory="02f4bac1-9be3-49a2-aa25-35cbfc17f443" />
    <UnitTestResult executionId="8564c22e-cf2a-441e-9c0c-585cdd39dc58" testId="72919150-5887-87f4-4a6f-48ea004d02e3" testName="Sai.DealAssistant.Infrastructure.Tests.Persistence.DenormFieldsTests.DeleteEvent_WhenMultipleEvents_SetsDenormLastActionDateToRemainingMax" computerName="SAI-W11" duration="00:00:23.2270898" startTime="2026-04-27T15:11:25.4040694+01:00" endTime="2026-04-27T15:11:25.4040696+01:00" testType="13cdc9d9-ddb5-4fa4-a97d-d965ccfc6d4b" outcome="Passed" testListId="8c84fa94-04c1-424b-9868-57a2d4851a1d" relativeResultsDirectory="8564c22e-cf2a-441e-9c0c-585cdd39dc58" />
    <UnitTestResult executionId="92cfd308-ff53-42af-b3a7-b0465dfedccb" testId="cc459ca6-39a6-38b1-cef5-05d96d911ed4" testName="Sai.DealAssistant.Infrastructure.Tests.Persistence.DenormFieldsTests.DeleteEvent_WhenOnlyEvent_ClearsDenormLastActionDate" computerName="SAI-W11" duration="00:00:10.5812063" startTime="2026-04-27T15:12:00.0483319+01:00" endTime="2026-04-27T15:12:00.0483321+01:00" testType="13cdc9d9-ddb5-4fa4-a97d-d965ccfc6d4b" outcome="Passed" testListId="8c84fa94-04c1-424b-9868-57a2d4851a1d" relativeResultsDirectory="92cfd308-ff53-42af-b3a7-b0465dfedccb" />
    <UnitTestResult executionId="ea7712ad-66a8-4c8f-83b9-eca95f039e75" testId="fd7bed65-2efb-3e90-0c1a-e47dc5ccec0a" testName="Sai.DealAssistant.Infrastructure.Tests.Persistence.DenormFieldsTests.UpdateDeal_FirmIdChanged_UpdatesDenormFirmName" computerName="SAI-W11" duration="00:00:10.7357769" startTime="2026-04-27T15:12:10.7844078+01:00" endTime="2026-04-27T15:12:10.7844080+01:00" testType="13cdc9d9-ddb5-4fa4-a97d-d965ccfc6d4b" outcome="Passed" testListId="8c84fa94-04c1-424b-9868-57a2d4851a1d" relativeResultsDirectory="ea7712ad-66a8-4c8f-83b9-eca95f039e75" />
    <UnitTestResult executionId="db93c416-597c-470d-ab4f-cb29ba2f4f6d" testId="922816f5-8bbb-2c17-06c3-26ed0a0b4108" testName="Sai.DealAssistant.Infrastructure.Tests.Repositories.GenericRepositoryTests.ReadRepositoryTests.SelectAsync_ReturnsFiltered" computerName="SAI-W11" duration="00:00:00.0362438" startTime="2026-04-27T15:11:04.3255751+01:00" endTime="2026-04-27T15:11:04.3255754+01:00" testType="13cdc9d9-ddb5-4fa4-a97d-d965ccfc6d4b" outcome="Passed" testListId="8c84fa94-04c1-424b-9868-57a2d4851a1d" relativeResultsDirectory="db93c416-597c-470d-ab4f-cb29ba2f4f6d" />
    <UnitTestResult executionId="e40b16d8-258e-4dd8-942d-1d57db0b216c" testId="e2c108e4-5239-e09a-752b-7b6bd3fb2261" testName="Sai.DealAssistant.Infrastructure.Tests.Repositories.GenericRepositoryTests.ReadRepositoryTests.ApplySorting_SortsAscending" computerName="SAI-W11" duration="00:00:00.0287336" startTime="2026-04-27T15:11:04.1141842+01:00" endTime="2026-04-27T15:11:04.1141845+01:00" testType="13cdc9d9-ddb5-4fa4-a97d-d965ccfc6d4b" outcome="Passed" testListId="8c84fa94-04c1-424b-9868-57a2d4851a1d" relativeResultsDirectory="e40b16d8-258e-4dd8-942d-1d57db0b216c" />
    <UnitTestResult executionId="9c2cf41b-a4df-4ece-aa12-09ed6345fd29" testId="29a20248-d0b5-742c-03bf-cc306c3bbd1c" testName="Sai.DealAssistant.Infrastructure.Tests.Repositories.GenericRepositoryTests.FieldUpdateRepositoryTests.UpdateFieldAsync_IdNotExists_Throws" computerName="SAI-W11" duration="00:00:00.0173215" startTime="2026-04-27T15:11:03.4967003+01:00" endTime="2026-04-27T15:11:03.4967003+01:00" testType="13cdc9d9-ddb5-4fa4-a97d-d965ccfc6d4b" outcome="Passed" testListId="8c84fa94-04c1-424b-9868-57a2d4851a1d" relativeResultsDirectory="9c2cf41b-a4df-4ece-aa12-09ed6345fd29" />
    <UnitTestResult executionId="228613b6-cb18-4c80-bb8c-80bf6c24f89a" testId="4c2e6fe7-2828-2971-df3a-e3ed0ec580cb" testName="Sai.DealAssistant.Infrastructure.Tests.Repositories.GenericRepositoryTests.ReadRepositoryTests.ApplySorting_SortsDescending" computerName="SAI-W11" duration="00:00:00.0539420" startTime="2026-04-27T15:11:04.0309290+01:00" endTime="2026-04-27T15:11:04.0309292+01:00" testType="13cdc9d9-ddb5-4fa4-a97d-d965ccfc6d4b" outcome="Passed" testListId="8c84fa94-04c1-424b-9868-57a2d4851a1d" relativeResultsDirectory="228613b6-cb18-4c80-bb8c-80bf6c24f89a" />
    <UnitTestResult executionId="25f4399b-6c5a-4bf5-b521-6ca2821ddc99" testId="a8620362-50a4-f444-677e-3025fd0e754f" testName="Sai.DealAssistant.Infrastructure.Tests.Repositories.GenericRepositoryTests.ReadRepositoryTests.GetAll_ReturnsAll" computerName="SAI-W11" duration="00:00:00.0884514" startTime="2026-04-27T15:11:03.8105034+01:00" endTime="2026-04-27T15:11:03.8105035+01:00" testType="13cdc9d9-ddb5-4fa4-a97d-d965ccfc6d4b" outcome="Passed" testListId="8c84fa94-04c1-424b-9868-57a2d4851a1d" relativeResultsDirectory="25f4399b-6c5a-4bf5-b521-6ca2821ddc99" />
    <UnitTestResult executionId="42a7d51f-a2d8-4708-89b6-593d4289660c" testId="f8a80593-625b-555b-eb20-9b507c35dc99" testName="Sai.DealAssistant.Infrastructure.Tests.Repositories.GenericRepositoryTests.FieldUpdateRepositoryTests.UpdateFieldAsync_UpdatesDateField" computerName="SAI-W11" duration="00:00:00.0298680" startTime="2026-04-27T15:11:03.4965986+01:00" endTime="2026-04-27T15:11:03.4965987+01:00" testType="13cdc9d9-ddb5-4fa4-a97d-d965ccfc6d4b" outcome="Passed" testListId="8c84fa94-04c1-424b-9868-57a2d4851a1d" relativeResultsDirectory="42a7d51f-a2d8-4708-89b6-593d4289660c" />
    <UnitTestResult executionId="9e58ad99-9a38-4560-9a0c-84da17d473c9" testId="fbe1a45a-ea29-5e55-ae65-7274ab0de3b1" testName="Sai.DealAssistant.Infrastructure.Tests.Repositories.GenericRepositoryTests.CrudRepositoryTests.DeleteAsync_ForNonExistingId_ReturnsNull" computerName="SAI-W11" duration="00:00:00.0200859" startTime="2026-04-27T15:11:03.7978861+01:00" endTime="2026-04-27T15:11:03.7978863+01:00" testType="13cdc9d9-ddb5-4fa4-a97d-d965ccfc6d4b" outcome="Passed" testListId="8c84fa94-04c1-424b-9868-57a2d4851a1d" relativeResultsDirectory="9e58ad99-9a38-4560-9a0c-84da17d473c9" />
    <UnitTestResult executionId="e9de44a4-2143-429f-ba86-cc638404ef33" testId="25e0e243-3b2f-051b-5904-3623e34db590" testName="Sai.DealAssistant.Infrastructure.Tests.Repositories.GenericRepositoryTests.FieldUpdateRepositoryTests.UpdateFieldAsync_UpdatesStringField" computerName="SAI-W11" duration="00:00:00.0439371" startTime="2026-04-27T15:11:03.3934675+01:00" endTime="2026-04-27T15:11:03.3934679+01:00" testType="13cdc9d9-ddb5-4fa4-a97d-d965ccfc6d4b" outcome="Passed" testListId="8c84fa94-04c1-424b-9868-57a2d4851a1d" relativeResultsDirectory="e9de44a4-2143-429f-ba86-cc638404ef33" />
    <UnitTestResult executionId="827205e1-1428-4373-882e-f876dcee339e" testId="a8d65476-b903-071b-760c-2ad4f4d33be6" testName="Sai.DealAssistant.Infrastructure.Tests.Repositories.GenericRepositoryTests.FieldUpdateRepositoryTests.UpdateFieldAsync_ColumnNotExists_Throws" computerName="SAI-W11" duration="00:00:00.0236507" startTime="2026-04-27T15:11:03.4965081+01:00" endTime="2026-04-27T15:11:03.4965082+01:00" testType="13cdc9d9-ddb5-4fa4-a97d-d965ccfc6d4b" outcome="Passed" testListId="8c84fa94-04c1-424b-9868-57a2d4851a1d" relativeResultsDirectory="827205e1-1428-4373-882e-f876dcee339e" />
    <UnitTestResult executionId="f06b8a86-7a01-43c6-bae0-7bffc0bfb8a1" testId="d7298ef1-0749-4da1-78d7-984e46e41f0d" testName="Sai.DealAssistant.Infrastructure.Tests.Persistence.DenormFieldsTests.CreateMultipleEvents_SetsDenormLastActionDateToMax" computerName="SAI-W11" duration="00:00:10.3499462" startTime="2026-04-27T15:12:42.6741857+01:00" endTime="2026-04-27T15:12:42.6741858+01:00" testType="13cdc9d9-ddb5-4fa4-a97d-d965ccfc6d4b" outcome="Passed" testListId="8c84fa94-04c1-424b-9868-57a2d4851a1d" relativeResultsDirectory="f06b8a86-7a01-43c6-bae0-7bffc0bfb8a1" />
    <UnitTestResult executionId="770a3098-0eab-464a-a9ea-85896bf4048b" testId="68c01459-f0e2-8b58-919c-b29ed90ee47e" testName="Sai.DealAssistant.Infrastructure.Tests.Persistence.DenormFieldsTests.CreateEvent_SetsDenormLastActionDate" computerName="SAI-W11" duration="00:00:10.4817284" startTime="2026-04-27T15:12:32.3240756+01:00" endTime="2026-04-27T15:12:32.3240757+01:00" testType="13cdc9d9-ddb5-4fa4-a97d-d965ccfc6d4b" outcome="Passed" testListId="8c84fa94-04c1-424b-9868-57a2d4851a1d" relativeResultsDirectory="770a3098-0eab-464a-a9ea-85896bf4048b" />
    <UnitTestResult executionId="17076cfd-dad1-4b24-9edd-578d8705ab1f" testId="a574bb46-1c03-df34-93cf-c646dad296e6" testName="Sai.DealAssistant.Infrastructure.Tests.Repositories.GenericRepositoryTests.ReadRepositoryTests.CountAsync_ReturnsAll" computerName="SAI-W11" duration="00:00:00.0259411" startTime="2026-04-27T15:11:04.4535767+01:00" endTime="2026-04-27T15:11:04.4535769+01:00" testType="13cdc9d9-ddb5-4fa4-a97d-d965ccfc6d4b" outcome="Passed" testListId="8c84fa94-04c1-424b-9868-57a2d4851a1d" relativeResultsDirectory="17076cfd-dad1-4b24-9edd-578d8705ab1f" />
    <UnitTestResult executionId="341194ad-ee4b-48c7-b4e3-bf8ef4834359" testId="bfe814d8-c538-93de-ef56-a817cf11863a" testName="Sai.DealAssistant.Infrastructure.Tests.Repositories.GenericRepositoryTests.ReadRepositoryTests.SelectPagedAsync_ReturnsAll_SortByEmail_LastPage" computerName="SAI-W11" duration="00:00:00.0423853" startTime="2026-04-27T15:11:04.2876444+01:00" endTime="2026-04-27T15:11:04.2876447+01:00" testType="13cdc9d9-ddb5-4fa4-a97d-d965ccfc6d4b" outcome="Passed" testListId="8c84fa94-04c1-424b-9868-57a2d4851a1d" relativeResultsDirectory="341194ad-ee4b-48c7-b4e3-bf8ef4834359" />
    <UnitTestResult executionId="da8461d4-7ca7-41f2-9f7e-b9e119414c8a" testId="0b38bb53-002a-e188-4fe2-417fb886c207" testName="Sai.DealAssistant.Infrastructure.Tests.Repositories.GenericRepositoryTests.ReadRepositoryTests.SelectPagedAsync_AfterLastPage_ShouldBeEmpty" computerName="SAI-W11" duration="00:00:00.0356213" startTime="2026-04-27T15:11:04.2401648+01:00" endTime="2026-04-27T15:11:04.2401652+01:00" testType="13cdc9d9-ddb5-4fa4-a97d-d965ccfc6d4b" outcome="Passed" testListId="8c84fa94-04c1-424b-9868-57a2d4851a1d" relativeResultsDirectory="da8461d4-7ca7-41f2-9f7e-b9e119414c8a" />
    <UnitTestResult executionId="ba01c6d2-442c-42e8-abe7-31fc22cb5ad8" testId="d3cbe634-d457-aa4d-5f88-75cfb62e3771" testName="Sai.DealAssistant.Infrastructure.Tests.Persistence.DenormFieldsTests.UpdateDeal_FirmIdUnchanged_DoesNotChangeDenormFirmName" computerName="SAI-W11" duration="00:00:11.0553226" startTime="2026-04-27T15:12:21.8410468+01:00" endTime="2026-04-27T15:12:21.8410469+01:00" testType="13cdc9d9-ddb5-4fa4-a97d-d965ccfc6d4b" outcome="Passed" testListId="8c84fa94-04c1-424b-9868-57a2d4851a1d" relativeResultsDirectory="ba01c6d2-442c-42e8-abe7-31fc22cb5ad8" />
    <UnitTestResult executionId="3b907a4e-0b64-412e-8249-d3cb6cba3cc5" testId="c53680ad-6df4-66e8-ccb7-e83308eaca94" testName="Sai.DealAssistant.Infrastructure.Tests.Repositories.GenericRepositoryTests.ReadRepositoryTests.SelectPagedAsync_ReturnsAll_SortByEmailDesc_LastPage" computerName="SAI-W11" duration="00:00:00.0256279" startTime="2026-04-27T15:11:04.3968645+01:00" endTime="2026-04-27T15:11:04.3968646+01:00" testType="13cdc9d9-ddb5-4fa4-a97d-d965ccfc6d4b" outcome="Passed" testListId="8c84fa94-04c1-424b-9868-57a2d4851a1d" relativeResultsDirectory="3b907a4e-0b64-412e-8249-d3cb6cba3cc5" />
    <UnitTestResult executionId="3c4d92ac-7a50-4856-81ea-79584a3a4a55" testId="821793b1-eb91-c7a3-2bb7-a418da5c2f9d" testName="Sai.DealAssistant.Infrastructure.Tests.Persistence.DenormFieldsTests.CreateDeal_SetsDenormFirmName" computerName="SAI-W11" duration="00:00:11.8949926" startTime="2026-04-27T15:11:49.4652779+01:00" endTime="2026-04-27T15:11:49.4652781+01:00" testType="13cdc9d9-ddb5-4fa4-a97d-d965ccfc6d4b" outcome="Passed" testListId="8c84fa94-04c1-424b-9868-57a2d4851a1d" relativeResultsDirectory="3c4d92ac-7a50-4856-81ea-79584a3a4a55" />
    <UnitTestResult executionId="33724960-2687-4683-882b-543a2f6e7357" testId="f326dd1f-aedd-d307-7b9e-0fa5f3201931" testName="Sai.DealAssistant.Infrastructure.Tests.Repositories.GenericRepositoryTests.ReadRepositoryTests.SingleOrDefaultAsync_ReturnsItem_WhenItemExists" computerName="SAI-W11" duration="00:00:00.0540569" startTime="2026-04-27T15:11:04.0873140+01:00" endTime="2026-04-27T15:11:04.0873143+01:00" testType="13cdc9d9-ddb5-4fa4-a97d-d965ccfc6d4b" outcome="Passed" testListId="8c84fa94-04c1-424b-9868-57a2d4851a1d" relativeResultsDirectory="33724960-2687-4683-882b-543a2f6e7357" />
    <UnitTestResult executionId="94fce3f9-7f15-48a9-9da0-0931fd4bf957" testId="f111b91a-dee7-b574-1506-4287bc17fba1" testName="Sai.DealAssistant.Infrastructure.Tests.Repositories.GenericRepositoryTests.ReadRepositoryTests.SelectAsync_ReturnsAll" computerName="SAI-W11" duration="00:00:00.0702092" startTime="2026-04-27T15:11:03.6910284+01:00" endTime="2026-04-27T15:11:03.6910286+01:00" testType="13cdc9d9-ddb5-4fa4-a97d-d965ccfc6d4b" outcome="Passed" testListId="8c84fa94-04c1-424b-9868-57a2d4851a1d" relativeResultsDirectory="94fce3f9-7f15-48a9-9da0-0931fd4bf957" />
    <UnitTestResult executionId="710a323f-65cf-432b-825c-a2a60188b06c" testId="9817eabf-4a92-b4bd-b04c-d5bb5964faa6" testName="Sai.DealAssistant.Infrastructure.Tests.Repositories.GenericRepositoryTests.ReadRepositoryTests.FirstOrDefaultAsync_ReturnsItem_WhenItemExists" computerName="SAI-W11" duration="00:00:00.0606925" startTime="2026-04-27T15:11:03.9324869+01:00" endTime="2026-04-27T15:11:03.9324871+01:00" testType="13cdc9d9-ddb5-4fa4-a97d-d965ccfc6d4b" outcome="Passed" testListId="8c84fa94-04c1-424b-9868-57a2d4851a1d" relativeResultsDirectory="710a323f-65cf-432b-825c-a2a60188b06c" />
    <UnitTestResult executionId="a2046462-abf8-4270-a4ae-a53eacf251c7" testId="5b7f3d86-82c9-9ed6-004b-48b6a036a044" testName="Sai.DealAssistant.Infrastructure.Tests.Repositories.GenericRepositoryTests.FieldUpdateRepositoryTests.UpdateFieldAsync_UpdatesNumericField" computerName="SAI-W11" duration="00:00:01.1474907" startTime="2026-04-27T15:11:03.3380535+01:00" endTime="2026-04-27T15:11:03.3380892+01:00" testType="13cdc9d9-ddb5-4fa4-a97d-d965ccfc6d4b" outcome="Passed" testListId="8c84fa94-04c1-424b-9868-57a2d4851a1d" relativeResultsDirectory="a2046462-abf8-4270-a4ae-a53eacf251c7" />
    <UnitTestResult executionId="b5422da2-40cd-45d2-b2c7-4a512af36f0c" testId="05b35716-8b80-c898-e9c0-db852b006064" testName="Sai.DealAssistant.Infrastructure.Tests.Repositories.GenericRepositoryTests.EnumCache_Tests.GetAllAsync_ReturnsSeededDealTypes" computerName="SAI-W11" duration="00:00:00.0144141" startTime="2026-04-27T15:11:03.4964750+01:00" endTime="2026-04-27T15:11:03.4964751+01:00" testType="13cdc9d9-ddb5-4fa4-a97d-d965ccfc6d4b" outcome="Passed" testListId="8c84fa94-04c1-424b-9868-57a2d4851a1d" relativeResultsDirectory="b5422da2-40cd-45d2-b2c7-4a512af36f0c" />
    <UnitTestResult executionId="10e88286-c407-473f-9dfe-84aea333a4af" testId="03b6df63-97a2-4d33-2101-7f83ed454113" testName="Sai.DealAssistant.Infrastructure.Tests.Repositories.GenericRepositoryTests.ReadRepositoryTests.GetAll_FilteredBySecondNameThanByEmail" computerName="SAI-W11" duration="00:00:00.0481994" startTime="2026-04-27T15:11:04.5584226+01:00" endTime="2026-04-27T15:11:04.5584232+01:00" testType="13cdc9d9-ddb5-4fa4-a97d-d965ccfc6d4b" outcome="Passed" testListId="8c84fa94-04c1-424b-9868-57a2d4851a1d" relativeResultsDirectory="10e88286-c407-473f-9dfe-84aea333a4af" />
    <UnitTestResult executionId="fafb3622-f415-48e2-a200-45c502930c8e" testId="7e2b956a-20da-d288-c32e-fdfd7d19156c" testName="Sai.DealAssistant.Infrastructure.Tests.Repositories.GenericRepositoryTests.FieldUpdateRepositoryTests.UpdateFieldAsync_TableNotExists_Throws" computerName="SAI-W11" duration="00:00:00.0017780" startTime="2026-04-27T15:11:03.4967703+01:00" endTime="2026-04-27T15:11:03.4967703+01:00" testType="13cdc9d9-ddb5-4fa4-a97d-d965ccfc6d4b" outcome="Passed" testListId="8c84fa94-04c1-424b-9868-57a2d4851a1d" relativeResultsDirectory="fafb3622-f415-48e2-a200-45c502930c8e" />
    <UnitTestResult executionId="bdbfd2d5-65a9-4df8-88f4-12ee0c244912" testId="1b4d8d3a-0163-c205-b1ee-baf15feb9a32" testName="Sai.DealAssistant.Infrastructure.Tests.Repositories.GenericRepositoryTests.ReadRepositoryTests.SelectPagedAsync_ReturnsAll_SortDefault_LastPage" computerName="SAI-W11" duration="00:00:00.0444466" startTime="2026-04-27T15:11:04.2042148+01:00" endTime="2026-04-27T15:11:04.2042152+01:00" testType="13cdc9d9-ddb5-4fa4-a97d-d965ccfc6d4b" outcome="Passed" testListId="8c84fa94-04c1-424b-9868-57a2d4851a1d" relativeResultsDirectory="bdbfd2d5-65a9-4df8-88f4-12ee0c244912" />
    <UnitTestResult executionId="dea25a66-1776-463a-82a9-ba4f7c9ef884" testId="4f50c7e4-27c1-b6ae-f410-bc87cd6855b7" testName="Sai.DealAssistant.Infrastructure.Tests.Repositories.GenericRepositoryTests.CrudRepositoryTests.UpdateAsync_WithChangedName_UpdatesSampleEmployee" computerName="SAI-W11" duration="00:00:00.1520205" startTime="2026-04-27T15:11:03.6188928+01:00" endTime="2026-04-27T15:11:03.6188931+01:00" testType="13cdc9d9-ddb5-4fa4-a97d-d965ccfc6d4b" outcome="Passed" testListId="8c84fa94-04c1-424b-9868-57a2d4851a1d" relativeResultsDirectory="dea25a66-1776-463a-82a9-ba4f7c9ef884" />
    <UnitTestResult executionId="696ace23-e01c-4dbc-ab81-7e3a8ad0206a" testId="6935523f-f65e-d0cf-c3f6-365262a1a7ea" testName="Sai.DealAssistant.Infrastructure.Tests.Repositories.GenericRepositoryTests.ReadRepositoryTests.ExistsAsync_ReturnsFalse_WhenItemDoesNotExist" computerName="SAI-W11" duration="00:00:00.0610073" startTime="2026-04-27T15:11:03.8774466+01:00" endTime="2026-04-27T15:11:03.8774469+01:00" testType="13cdc9d9-ddb5-4fa4-a97d-d965ccfc6d4b" outcome="Passed" testListId="8c84fa94-04c1-424b-9868-57a2d4851a1d" relativeResultsDirectory="696ace23-e01c-4dbc-ab81-7e3a8ad0206a" />
    <UnitTestResult executionId="cbfde774-bde7-4d25-9e70-db23550e3057" testId="193a0e43-3a47-5b22-3c7e-07c150be723a" testName="Sai.DealAssistant.Infrastructure.Tests.UnitOfWork.UnitOfWorkTests.ExecuteResilientTransactionAsync_InputActionCompletesSuccessfully_BeginsAndCommitsTransaction" computerName="SAI-W11" duration="00:00:01.4110337" startTime="2026-04-27T15:11:03.5879231+01:00" endTime="2026-04-27T15:11:03.5879232+01:00" testType="13cdc9d9-ddb5-4fa4-a97d-d965ccfc6d4b" outcome="Passed" testListId="8c84fa94-04c1-424b-9868-57a2d4851a1d" relativeResultsDirectory="cbfde774-bde7-4d25-9e70-db23550e3057" />
    <UnitTestResult executionId="b97ddd4e-4d83-4aa6-add8-e690c5feb8dc" testId="f8f98c89-f6e3-4ae5-ba70-dc160420889d" testName="Sai.DealAssistant.Infrastructure.Tests.Repositories.GenericRepositoryTests.ReadRepositoryTests.GetAll_FilteredByCustomerId" computerName="SAI-W11" duration="00:00:00.0301012" startTime="2026-04-27T15:11:04.4275814+01:00" endTime="2026-04-27T15:11:04.4275816+01:00" testType="13cdc9d9-ddb5-4fa4-a97d-d965ccfc6d4b" outcome="Passed" testListId="8c84fa94-04c1-424b-9868-57a2d4851a1d" relativeResultsDirectory="b97ddd4e-4d83-4aa6-add8-e690c5feb8dc" />
    <UnitTestResult executionId="37cf251c-4864-4dd4-9932-391ae821b0b9" testId="d81382b6-74ad-b86b-99ea-3177e5a4a7b0" testName="Sai.DealAssistant.Infrastructure.Tests.Repositories.GenericRepositoryTests.ReadRepositoryTests.SelectPagedAsync_ReturnsFiltered_SortDefault_FirstPage" computerName="SAI-W11" duration="00:00:00.0341742" startTime="2026-04-27T15:11:04.5125908+01:00" endTime="2026-04-27T15:11:04.5125912+01:00" testType="13cdc9d9-ddb5-4fa4-a97d-d965ccfc6d4b" outcome="Passed" testListId="8c84fa94-04c1-424b-9868-57a2d4851a1d" relativeResultsDirectory="37cf251c-4864-4dd4-9932-391ae821b0b9" />
    <UnitTestResult executionId="cd538726-3c56-48dc-bca8-64da4c3775da" testId="320b8350-8c67-b05d-edb2-e11fae16e998" testName="Sai.DealAssistant.Infrastructure.Tests.Repositories.GenericRepositoryTests.ReadRepositoryTests.SelectPagedAsync_ReturnsAll_SortDefault_FirstPage" computerName="SAI-W11" duration="00:00:00.0241543" startTime="2026-04-27T15:11:04.3712776+01:00" endTime="2026-04-27T15:11:04.3712778+01:00" testType="13cdc9d9-ddb5-4fa4-a97d-d965ccfc6d4b" outcome="Passed" testListId="8c84fa94-04c1-424b-9868-57a2d4851a1d" relativeResultsDirectory="cd538726-3c56-48dc-bca8-64da4c3775da" />
    <UnitTestResult executionId="91b841ab-6573-4980-89b9-1505da53e740" testId="9704f739-0251-d674-9762-c0620410d507" testName="Sai.DealAssistant.Infrastructure.Tests.Repositories.GenericRepositoryTests.CrudRepositoryTests.CreateAsync_CreatesSampleEmployee" computerName="SAI-W11" duration="00:00:00.0687958" startTime="2026-04-27T15:11:03.7776402+01:00" endTime="2026-04-27T15:11:03.7776404+01:00" testType="13cdc9d9-ddb5-4fa4-a97d-d965ccfc6d4b" outcome="Passed" testListId="8c84fa94-04c1-424b-9868-57a2d4851a1d" relativeResultsDirectory="91b841ab-6573-4980-89b9-1505da53e740" />
    <UnitTestResult executionId="c47a59bf-11e4-45bd-b033-08ddd2d7bb35" testId="e238d11b-e1e2-9e04-4658-a10b70c8c0e0" testName="Sai.DealAssistant.Infrastructure.Tests.Repositories.GenericRepositoryTests.CrudRepositoryTests.DeleteAsync_DeletesSampleEmployeeById" computerName="SAI-W11" duration="00:00:00.0896683" startTime="2026-04-27T15:11:03.7086693+01:00" endTime="2026-04-27T15:11:03.7086695+01:00" testType="13cdc9d9-ddb5-4fa4-a97d-d965ccfc6d4b" outcome="Passed" testListId="8c84fa94-04c1-424b-9868-57a2d4851a1d" relativeResultsDirectory="c47a59bf-11e4-45bd-b033-08ddd2d7bb35" />
    <UnitTestResult executionId="aedce30c-972f-40d0-be84-ea8b0ce4e802" testId="a0343a1f-04a1-5c88-b3ed-7007324c208d" testName="Sai.DealAssistant.Infrastructure.Tests.Repositories.GenericRepositoryTests.ReadRepositoryTests.ApplySorting_ThrowsArgumentNullException_ForColumn" computerName="SAI-W11" duration="00:00:00.0445941" startTime="2026-04-27T15:11:04.1589400+01:00" endTime="2026-04-27T15:11:04.1589402+01:00" testType="13cdc9d9-ddb5-4fa4-a97d-d965ccfc6d4b" outcome="Passed" testListId="8c84fa94-04c1-424b-9868-57a2d4851a1d" relativeResultsDirectory="aedce30c-972f-40d0-be84-ea8b0ce4e802" />
    <UnitTestResult executionId="79c0fcc5-13a7-49f7-85da-b664ad608fbd" testId="85d1b520-9d63-3696-a0df-1f1be2cbe478" testName="Sai.DealAssistant.Infrastructure.Tests.Persistence.DenormFieldsTests.UpdateEvent_DateChanged_UpdatesDenormLastActionDate" computerName="SAI-W11" duration="00:00:12.1624418" startTime="2026-04-27T15:11:37.5668199+01:00" endTime="2026-04-27T15:11:37.5668201+01:00" testType="13cdc9d9-ddb5-4fa4-a97d-d965ccfc6d4b" outcome="Passed" testListId="8c84fa94-04c1-424b-9868-57a2d4851a1d" relativeResultsDirectory="79c0fcc5-13a7-49f7-85da-b664ad608fbd" />
    <UnitTestResult executionId="7f5837d5-ff86-45c1-85e9-b0bb7da715d6" testId="f38b4d81-fd18-5172-e695-fab88f35652d" testName="Sai.DealAssistant.Infrastructure.Tests.Repositories.GenericRepositoryTests.ReadRepositoryTests.FirstOrDefaultAsync_ReturnsNull_WhenItemDoesNotExist" computerName="SAI-W11" duration="00:00:00.0439809" startTime="2026-04-27T15:11:03.9766403+01:00" endTime="2026-04-27T15:11:03.9766405+01:00" testType="13cdc9d9-ddb5-4fa4-a97d-d965ccfc6d4b" outcome="Passed" testListId="8c84fa94-04c1-424b-9868-57a2d4851a1d" relativeResultsDirectory="7f5837d5-ff86-45c1-85e9-b0bb7da715d6" />
    <UnitTestResult executionId="7fd2c357-dce5-4673-b6fa-b43c2276c289" testId="a967686b-33b4-f3f3-9890-0bc1992e4a31" testName="Sai.DealAssistant.Infrastructure.Tests.Repositories.GenericRepositoryTests.ReadRepositoryTests.ExistsAsync_ReturnsTrue_ForExistingEntity" computerName="SAI-W11" duration="00:00:00.0274826" startTime="2026-04-27T15:11:04.3582987+01:00" endTime="2026-04-27T15:11:04.3582988+01:00" testType="13cdc9d9-ddb5-4fa4-a97d-d965ccfc6d4b" outcome="Passed" testListId="8c84fa94-04c1-424b-9868-57a2d4851a1d" relativeResultsDirectory="7fd2c357-dce5-4673-b6fa-b43c2276c289" />
    <UnitTestResult executionId="51ec3e6e-3238-4834-a1bc-52498e4c0400" testId="7575dc31-5f20-6d05-ee77-1b6005ffa4e1" testName="Sai.DealAssistant.Infrastructure.Tests.Repositories.GenericRepositoryTests.ReadRepositoryTests.ApplySorting_ThrowsInvalidSortColumnException" computerName="SAI-W11" duration="00:00:00.0305222" startTime="2026-04-27T15:11:03.7219392+01:00" endTime="2026-04-27T15:11:03.7219394+01:00" testType="13cdc9d9-ddb5-4fa4-a97d-d965ccfc6d4b" outcome="Passed" testListId="8c84fa94-04c1-424b-9868-57a2d4851a1d" relativeResultsDirectory="51ec3e6e-3238-4834-a1bc-52498e4c0400" />
    <UnitTestResult executionId="9008c493-a7fd-45a3-81ca-e79347fef12d" testId="1a8c3b8a-f442-fa63-4012-8369a5cc7cb0" testName="Sai.DealAssistant.Infrastructure.Tests.Repositories.GenericRepositoryTests.EnumCache_Tests.GetAllAsync_CachesResultsAcrossCalls" computerName="SAI-W11" duration="00:00:01.2227222" startTime="2026-04-27T15:11:03.4962550+01:00" endTime="2026-04-27T15:11:03.4962551+01:00" testType="13cdc9d9-ddb5-4fa4-a97d-d965ccfc6d4b" outcome="Passed" testListId="8c84fa94-04c1-424b-9868-57a2d4851a1d" relativeResultsDirectory="9008c493-a7fd-45a3-81ca-e79347fef12d" />
    <UnitTestResult executionId="69bc5977-2c0f-4b67-be47-353cbfac3b7b" testId="ac7497d6-71b5-64e8-1c5b-0938ffdf0299" testName="Sai.DealAssistant.Infrastructure.Tests.Repositories.GenericRepositoryTests.ReadRepositoryTests.SelectPagedAsync_ThrowsInvalidSortColumnException" computerName="SAI-W11" duration="00:00:00.0223976" startTime="2026-04-27T15:11:04.4807483+01:00" endTime="2026-04-27T15:11:04.4807486+01:00" testType="13cdc9d9-ddb5-4fa4-a97d-d965ccfc6d4b" outcome="Passed" testListId="8c84fa94-04c1-424b-9868-57a2d4851a1d" relativeResultsDirectory="69bc5977-2c0f-4b67-be47-353cbfac3b7b" />
  </Results>
  <TestDefinitions>
    <UnitTest name="Sai.DealAssistant.Infrastructure.Tests.Repositories.GenericRepositoryTests.CrudRepositoryTests.CreateAsync_CreatesSampleEmployee" storage="c:\_proj\sai.dealassistant\sai-deal-assistant-backend\src\tests\sai.dealassistant.infrastructure.tests\bin\debug\net8.0\sai.dealassistant.infrastructure.tests.dll" id="9704f739-0251-d674-9762-c0620410d507">
      <Execution id="91b841ab-6573-4980-89b9-1505da53e740" />
      <TestMethod codeBase="C:\_PROJ\Sai.DealAssistant\sai-deal-assistant-backend\src\Tests\Sai.DealAssistant.Infrastructure.Tests\bin\Debug\net8.0\Sai.DealAssistant.Infrastructure.Tests.dll" adapterTypeName="executor://xunit/VsTestRunner2/netcoreapp" className="Sai.DealAssistant.Infrastructure.Tests.Repositories.GenericRepositoryTests.CrudRepositoryTests" name="CreateAsync_CreatesSampleEmployee" />
    </UnitTest>
    <UnitTest name="Sai.DealAssistant.Infrastructure.Tests.Persistence.DenormFieldsTests.UpdateDeal_FirmIdChanged_UpdatesDenormFirmName" storage="c:\_proj\sai.dealassistant\sai-deal-assistant-backend\src\tests\sai.dealassistant.infrastructure.tests\bin\debug\net8.0\sai.dealassistant.infrastructure.tests.dll" id="fd7bed65-2efb-3e90-0c1a-e47dc5ccec0a">
      <Execution id="ea7712ad-66a8-4c8f-83b9-eca95f039e75" />
      <TestMethod codeBase="C:\_PROJ\Sai.DealAssistant\sai-deal-assistant-backend\src\Tests\Sai.DealAssistant.Infrastructure.Tests\bin\Debug\net8.0\Sai.DealAssistant.Infrastructure.Tests.dll" adapterTypeName="executor://xunit/VsTestRunner2/netcoreapp" className="Sai.DealAssistant.Infrastructure.Tests.Persistence.DenormFieldsTests" name="UpdateDeal_FirmIdChanged_UpdatesDenormFirmName" />
    </UnitTest>
    <UnitTest name="Sai.DealAssistant.Infrastructure.Tests.Persistence.DenormFieldsTests.DeleteEvent_WhenOnlyEvent_ClearsDenormLastActionDate" storage="c:\_proj\sai.dealassistant\sai-deal-assistant-backend\src\tests\sai.dealassistant.infrastructure.tests\bin\debug\net8.0\sai.dealassistant.infrastructure.tests.dll" id="cc459ca6-39a6-38b1-cef5-05d96d911ed4">
      <Execution id="92cfd308-ff53-42af-b3a7-b0465dfedccb" />
      <TestMethod codeBase="C:\_PROJ\Sai.DealAssistant\sai-deal-assistant-backend\src\Tests\Sai.DealAssistant.Infrastructure.Tests\bin\Debug\net8.0\Sai.DealAssistant.Infrastructure.Tests.dll" adapterTypeName="executor://xunit/VsTestRunner2/netcoreapp" className="Sai.DealAssistant.Infrastructure.Tests.Persistence.DenormFieldsTests" name="DeleteEvent_WhenOnlyEvent_ClearsDenormLastActionDate" />
    </UnitTest>
    <UnitTest name="Sai.DealAssistant.Infrastructure.Tests.Repositories.GenericRepositoryTests.ReadRepositoryTests.ApplySorting_SortsDescending" storage="c:\_proj\sai.dealassistant\sai-deal-assistant-backend\src\tests\sai.dealassistant.infrastructure.tests\bin\debug\net8.0\sai.dealassistant.infrastructure.tests.dll" id="4c2e6fe7-2828-2971-df3a-e3ed0ec580cb">
      <Execution id="228613b6-cb18-4c80-bb8c-80bf6c24f89a" />
      <TestMethod codeBase="C:\_PROJ\Sai.DealAssistant\sai-deal-assistant-backend\src\Tests\Sai.DealAssistant.Infrastructure.Tests\bin\Debug\net8.0\Sai.DealAssistant.Infrastructure.Tests.dll" adapterTypeName="executor://xunit/VsTestRunner2/netcoreapp" className="Sai.DealAssistant.Infrastructure.Tests.Repositories.GenericRepositoryTests.ReadRepositoryTests" name="ApplySorting_SortsDescending" />
    </UnitTest>
    <UnitTest name="Sai.DealAssistant.Infrastructure.Tests.Repositories.GenericRepositoryTests.ReadRepositoryTests.SelectPagedAsync_ReturnsAll_SortDefault_FirstPage" storage="c:\_proj\sai.dealassistant\sai-deal-assistant-backend\src\tests\sai.dealassistant.infrastructure.tests\bin\debug\net8.0\sai.dealassistant.infrastructure.tests.dll" id="320b8350-8c67-b05d-edb2-e11fae16e998">
      <Execution id="cd538726-3c56-48dc-bca8-64da4c3775da" />
      <TestMethod codeBase="C:\_PROJ\Sai.DealAssistant\sai-deal-assistant-backend\src\Tests\Sai.DealAssistant.Infrastructure.Tests\bin\Debug\net8.0\Sai.DealAssistant.Infrastructure.Tests.dll" adapterTypeName="executor://xunit/VsTestRunner2/netcoreapp" className="Sai.DealAssistant.Infrastructure.Tests.Repositories.GenericRepositoryTests.ReadRepositoryTests" name="SelectPagedAsync_ReturnsAll_SortDefault_FirstPage" />
    </UnitTest>
    <UnitTest name="Sai.DealAssistant.Infrastructure.Tests.Repositories.GenericRepositoryTests.FieldUpdateRepositoryTests.UpdateFieldAsync_UpdatesDateField" storage="c:\_proj\sai.dealassistant\sai-deal-assistant-backend\src\tests\sai.dealassistant.infrastructure.tests\bin\debug\net8.0\sai.dealassistant.infrastructure.tests.dll" id="f8a80593-625b-555b-eb20-9b507c35dc99">
      <Execution id="42a7d51f-a2d8-4708-89b6-593d4289660c" />
      <TestMethod codeBase="C:\_PROJ\Sai.DealAssistant\sai-deal-assistant-backend\src\Tests\Sai.DealAssistant.Infrastructure.Tests\bin\Debug\net8.0\Sai.DealAssistant.Infrastructure.Tests.dll" adapterTypeName="executor://xunit/VsTestRunner2/netcoreapp" className="Sai.DealAssistant.Infrastructure.Tests.Repositories.GenericRepositoryTests.FieldUpdateRepositoryTests" name="UpdateFieldAsync_UpdatesDateField" />
    </UnitTest>
    <UnitTest name="Sai.DealAssistant.Infrastructure.Tests.Repositories.GenericRepositoryTests.ReadRepositoryTests.ApplySorting_ThrowsArgumentNullException_ForColumn" storage="c:\_proj\sai.dealassistant\sai-deal-assistant-backend\src\tests\sai.dealassistant.infrastructure.tests\bin\debug\net8.0\sai.dealassistant.infrastructure.tests.dll" id="a0343a1f-04a1-5c88-b3ed-7007324c208d">
      <Execution id="aedce30c-972f-40d0-be84-ea8b0ce4e802" />
      <TestMethod codeBase="C:\_PROJ\Sai.DealAssistant\sai-deal-assistant-backend\src\Tests\Sai.DealAssistant.Infrastructure.Tests\bin\Debug\net8.0\Sai.DealAssistant.Infrastructure.Tests.dll" adapterTypeName="executor://xunit/VsTestRunner2/netcoreapp" className="Sai.DealAssistant.Infrastructure.Tests.Repositories.GenericRepositoryTests.ReadRepositoryTests" name="ApplySorting_ThrowsArgumentNullException_ForColumn" />
    </UnitTest>
    <UnitTest name="Sai.DealAssistant.Infrastructure.Tests.Repositories.GenericRepositoryTests.EnumCache_Tests.GetAllAsync_ReturnsSeededDealTypes" storage="c:\_proj\sai.dealassistant\sai-deal-assistant-backend\src\tests\sai.dealassistant.infrastructure.tests\bin\debug\net8.0\sai.dealassistant.infrastructure.tests.dll" id="05b35716-8b80-c898-e9c0-db852b006064">
      <Execution id="b5422da2-40cd-45d2-b2c7-4a512af36f0c" />
      <TestMethod codeBase="C:\_PROJ\Sai.DealAssistant\sai-deal-assistant-backend\src\Tests\Sai.DealAssistant.Infrastructure.Tests\bin\Debug\net8.0\Sai.DealAssistant.Infrastructure.Tests.dll" adapterTypeName="executor://xunit/VsTestRunner2/netcoreapp" className="Sai.DealAssistant.Infrastructure.Tests.Repositories.GenericRepositoryTests.EnumCache_Tests" name="GetAllAsync_ReturnsSeededDealTypes" />
    </UnitTest>
    <UnitTest name="Sai.DealAssistant.Infrastructure.Tests.Repositories.GenericRepositoryTests.CrudRepositoryTests.DeleteAsync_ForNonExistingId_ReturnsNull" storage="c:\_proj\sai.dealassistant\sai-deal-assistant-backend\src\tests\sai.dealassistant.infrastructure.tests\bin\debug\net8.0\sai.dealassistant.infrastructure.tests.dll" id="fbe1a45a-ea29-5e55-ae65-7274ab0de3b1">
      <Execution id="9e58ad99-9a38-4560-9a0c-84da17d473c9" />
      <TestMethod codeBase="C:\_PROJ\Sai.DealAssistant\sai-deal-assistant-backend\src\Tests\Sai.DealAssistant.Infrastructure.Tests\bin\Debug\net8.0\Sai.DealAssistant.Infrastructure.Tests.dll" adapterTypeName="executor://xunit/VsTestRunner2/netcoreapp" className="Sai.DealAssistant.Infrastructure.Tests.Repositories.GenericRepositoryTests.CrudRepositoryTests" name="DeleteAsync_ForNonExistingId_ReturnsNull" />
    </UnitTest>
    <UnitTest name="Sai.DealAssistant.Infrastructure.Tests.Repositories.GenericRepositoryTests.ReadRepositoryTests.CountAsync_ReturnsFiltered" storage="c:\_proj\sai.dealassistant\sai-deal-assistant-backend\src\tests\sai.dealassistant.infrastructure.tests\bin\debug\net8.0\sai.dealassistant.infrastructure.tests.dll" id="a9a149e2-684b-29cd-32ba-3268edaa6702">
      <Execution id="a8a31c54-7263-42ab-9af1-7b5e311d4dc4" />
      <TestMethod codeBase="C:\_PROJ\Sai.DealAssistant\sai-deal-assistant-backend\src\Tests\Sai.DealAssistant.Infrastructure.Tests\bin\Debug\net8.0\Sai.DealAssistant.Infrastructure.Tests.dll" adapterTypeName="executor://xunit/VsTestRunner2/netcoreapp" className="Sai.DealAssistant.Infrastructure.Tests.Repositories.GenericRepositoryTests.ReadRepositoryTests" name="CountAsync_ReturnsFiltered" />
    </UnitTest>
    <UnitTest name="Sai.DealAssistant.Infrastructure.Tests.Repositories.GenericRepositoryTests.ReadRepositoryTests.SelectPagedAsync_ReturnsAll_SortByEmail_LastPage" storage="c:\_proj\sai.dealassistant\sai-deal-assistant-backend\src\tests\sai.dealassistant.infrastructure.tests\bin\debug\net8.0\sai.dealassistant.infrastructure.tests.dll" id="bfe814d8-c538-93de-ef56-a817cf11863a">
      <Execution id="341194ad-ee4b-48c7-b4e3-bf8ef4834359" />
      <TestMethod codeBase="C:\_PROJ\Sai.DealAssistant\sai-deal-assistant-backend\src\Tests\Sai.DealAssistant.Infrastructure.Tests\bin\Debug\net8.0\Sai.DealAssistant.Infrastructure.Tests.dll" adapterTypeName="executor://xunit/VsTestRunner2/netcoreapp" className="Sai.DealAssistant.Infrastructure.Tests.Repositories.GenericRepositoryTests.ReadRepositoryTests" name="SelectPagedAsync_ReturnsAll_SortByEmail_LastPage" />
    </UnitTest>
    <UnitTest name="Sai.DealAssistant.Infrastructure.Tests.Repositories.GenericRepositoryTests.ReadRepositoryTests.SelectPagedAsync_ThrowsInvalidSortColumnException" storage="c:\_proj\sai.dealassistant\sai-deal-assistant-backend\src\tests\sai.dealassistant.infrastructure.tests\bin\debug\net8.0\sai.dealassistant.infrastructure.tests.dll" id="ac7497d6-71b5-64e8-1c5b-0938ffdf0299">
      <Execution id="69bc5977-2c0f-4b67-be47-353cbfac3b7b" />
      <TestMethod codeBase="C:\_PROJ\Sai.DealAssistant\sai-deal-assistant-backend\src\Tests\Sai.DealAssistant.Infrastructure.Tests\bin\Debug\net8.0\Sai.DealAssistant.Infrastructure.Tests.dll" adapterTypeName="executor://xunit/VsTestRunner2/netcoreapp" className="Sai.DealAssistant.Infrastructure.Tests.Repositories.GenericRepositoryTests.ReadRepositoryTests" name="SelectPagedAsync_ThrowsInvalidSortColumnException" />
    </UnitTest>
    <UnitTest name="Sai.DealAssistant.Infrastructure.Tests.Persistence.DenormFieldsTests.CreateEvent_SetsDenormLastActionDate" storage="c:\_proj\sai.dealassistant\sai-deal-assistant-backend\src\tests\sai.dealassistant.infrastructure.tests\bin\debug\net8.0\sai.dealassistant.infrastructure.tests.dll" id="68c01459-f0e2-8b58-919c-b29ed90ee47e">
      <Execution id="770a3098-0eab-464a-a9ea-85896bf4048b" />
      <TestMethod codeBase="C:\_PROJ\Sai.DealAssistant\sai-deal-assistant-backend\src\Tests\Sai.DealAssistant.Infrastructure.Tests\bin\Debug\net8.0\Sai.DealAssistant.Infrastructure.Tests.dll" adapterTypeName="executor://xunit/VsTestRunner2/netcoreapp" className="Sai.DealAssistant.Infrastructure.Tests.Persistence.DenormFieldsTests" name="CreateEvent_SetsDenormLastActionDate" />
    </UnitTest>
    <UnitTest name="Sai.DealAssistant.Infrastructure.Tests.Repositories.GenericRepositoryTests.CrudRepositoryTests.DeleteAsync_DeletesSampleEmployee" storage="c:\_proj\sai.dealassistant\sai-deal-assistant-backend\src\tests\sai.dealassistant.infrastructure.tests\bin\debug\net8.0\sai.dealassistant.infrastructure.tests.dll" id="c60741ba-ce87-4389-62b6-abfaecce0cb4">
      <Execution id="02f4bac1-9be3-49a2-aa25-35cbfc17f443" />
      <TestMethod codeBase="C:\_PROJ\Sai.DealAssistant\sai-deal-assistant-backend\src\Tests\Sai.DealAssistant.Infrastructure.Tests\bin\Debug\net8.0\Sai.DealAssistant.Infrastructure.Tests.dll" adapterTypeName="executor://xunit/VsTestRunner2/netcoreapp" className="Sai.DealAssistant.Infrastructure.Tests.Repositories.GenericRepositoryTests.CrudRepositoryTests" name="DeleteAsync_DeletesSampleEmployee" />
    </UnitTest>
    <UnitTest name="Sai.DealAssistant.Infrastructure.Tests.Repositories.GenericRepositoryTests.ReadRepositoryTests.SingleOrDefaultAsync_ReturnsItem_WhenItemExists" storage="c:\_proj\sai.dealassistant\sai-deal-assistant-backend\src\tests\sai.dealassistant.infrastructure.tests\bin\debug\net8.0\sai.dealassistant.infrastructure.tests.dll" id="f326dd1f-aedd-d307-7b9e-0fa5f3201931">
      <Execution id="33724960-2687-4683-882b-543a2f6e7357" />
      <TestMethod codeBase="C:\_PROJ\Sai.DealAssistant\sai-deal-assistant-backend\src\Tests\Sai.DealAssistant.Infrastructure.Tests\bin\Debug\net8.0\Sai.DealAssistant.Infrastructure.Tests.dll" adapterTypeName="executor://xunit/VsTestRunner2/netcoreapp" className="Sai.DealAssistant.Infrastructure.Tests.Repositories.GenericRepositoryTests.ReadRepositoryTests" name="SingleOrDefaultAsync_ReturnsItem_WhenItemExists" />
    </UnitTest>
    <UnitTest name="Sai.DealAssistant.Infrastructure.Tests.Repositories.GenericRepositoryTests.FieldUpdateRepositoryTests.UpdateFieldAsync_UpdatesStringField" storage="c:\_proj\sai.dealassistant\sai-deal-assistant-backend\src\tests\sai.dealassistant.infrastructure.tests\bin\debug\net8.0\sai.dealassistant.infrastructure.tests.dll" id="25e0e243-3b2f-051b-5904-3623e34db590">
      <Execution id="e9de44a4-2143-429f-ba86-cc638404ef33" />
      <TestMethod codeBase="C:\_PROJ\Sai.DealAssistant\sai-deal-assistant-backend\src\Tests\Sai.DealAssistant.Infrastructure.Tests\bin\Debug\net8.0\Sai.DealAssistant.Infrastructure.Tests.dll" adapterTypeName="executor://xunit/VsTestRunner2/netcoreapp" className="Sai.DealAssistant.Infrastructure.Tests.Repositories.GenericRepositoryTests.FieldUpdateRepositoryTests" name="UpdateFieldAsync_UpdatesStringField" />
    </UnitTest>
    <UnitTest name="Sai.DealAssistant.Infrastructure.Tests.Repositories.GenericRepositoryTests.ReadRepositoryTests.ApplySorting_SortsAscending" storage="c:\_proj\sai.dealassistant\sai-deal-assistant-backend\src\tests\sai.dealassistant.infrastructure.tests\bin\debug\net8.0\sai.dealassistant.infrastructure.tests.dll" id="e2c108e4-5239-e09a-752b-7b6bd3fb2261">
      <Execution id="e40b16d8-258e-4dd8-942d-1d57db0b216c" />
      <TestMethod codeBase="C:\_PROJ\Sai.DealAssistant\sai-deal-assistant-backend\src\Tests\Sai.DealAssistant.Infrastructure.Tests\bin\Debug\net8.0\Sai.DealAssistant.Infrastructure.Tests.dll" adapterTypeName="executor://xunit/VsTestRunner2/netcoreapp" className="Sai.DealAssistant.Infrastructure.Tests.Repositories.GenericRepositoryTests.ReadRepositoryTests" name="ApplySorting_SortsAscending" />
    </UnitTest>
    <UnitTest name="Sai.DealAssistant.Infrastructure.Tests.Repositories.GenericRepositoryTests.ReadRepositoryTests.ExistsAsync_ReturnsTrue_ForExistingEntity" storage="c:\_proj\sai.dealassistant\sai-deal-assistant-backend\src\tests\sai.dealassistant.infrastructure.tests\bin\debug\net8.0\sai.dealassistant.infrastructure.tests.dll" id="a967686b-33b4-f3f3-9890-0bc1992e4a31">
      <Execution id="7fd2c357-dce5-4673-b6fa-b43c2276c289" />
      <TestMethod codeBase="C:\_PROJ\Sai.DealAssistant\sai-deal-assistant-backend\src\Tests\Sai.DealAssistant.Infrastructure.Tests\bin\Debug\net8.0\Sai.DealAssistant.Infrastructure.Tests.dll" adapterTypeName="executor://xunit/VsTestRunner2/netcoreapp" className="Sai.DealAssistant.Infrastructure.Tests.Repositories.GenericRepositoryTests.ReadRepositoryTests" name="ExistsAsync_ReturnsTrue_ForExistingEntity" />
    </UnitTest>
    <UnitTest name="Sai.DealAssistant.Infrastructure.Tests.Repositories.GenericRepositoryTests.ReadRepositoryTests.FirstOrDefaultAsync_ReturnsItem_WhenItemExists" storage="c:\_proj\sai.dealassistant\sai-deal-assistant-backend\src\tests\sai.dealassistant.infrastructure.tests\bin\debug\net8.0\sai.dealassistant.infrastructure.tests.dll" id="9817eabf-4a92-b4bd-b04c-d5bb5964faa6">
      <Execution id="710a323f-65cf-432b-825c-a2a60188b06c" />
      <TestMethod codeBase="C:\_PROJ\Sai.DealAssistant\sai-deal-assistant-backend\src\Tests\Sai.DealAssistant.Infrastructure.Tests\bin\Debug\net8.0\Sai.DealAssistant.Infrastructure.Tests.dll" adapterTypeName="executor://xunit/VsTestRunner2/netcoreapp" className="Sai.DealAssistant.Infrastructure.Tests.Repositories.GenericRepositoryTests.ReadRepositoryTests" name="FirstOrDefaultAsync_ReturnsItem_WhenItemExists" />
    </UnitTest>
    <UnitTest name="Sai.DealAssistant.Infrastructure.Tests.Persistence.DenormFieldsTests.CreateDeal_SetsDenormFirmName" storage="c:\_proj\sai.dealassistant\sai-deal-assistant-backend\src\tests\sai.dealassistant.infrastructure.tests\bin\debug\net8.0\sai.dealassistant.infrastructure.tests.dll" id="821793b1-eb91-c7a3-2bb7-a418da5c2f9d">
      <Execution id="3c4d92ac-7a50-4856-81ea-79584a3a4a55" />
      <TestMethod codeBase="C:\_PROJ\Sai.DealAssistant\sai-deal-assistant-backend\src\Tests\Sai.DealAssistant.Infrastructure.Tests\bin\Debug\net8.0\Sai.DealAssistant.Infrastructure.Tests.dll" adapterTypeName="executor://xunit/VsTestRunner2/netcoreapp" className="Sai.DealAssistant.Infrastructure.Tests.Persistence.DenormFieldsTests" name="CreateDeal_SetsDenormFirmName" />
    </UnitTest>
    <UnitTest name="Sai.DealAssistant.Infrastructure.Tests.Repositories.GenericRepositoryTests.ReadRepositoryTests.SelectPagedAsync_ReturnsFiltered_SortDefault_FirstPage" storage="c:\_proj\sai.dealassistant\sai-deal-assistant-backend\src\tests\sai.dealassistant.infrastructure.tests\bin\debug\net8.0\sai.dealassistant.infrastructure.tests.dll" id="d81382b6-74ad-b86b-99ea-3177e5a4a7b0">
      <Execution id="37cf251c-4864-4dd4-9932-391ae821b0b9" />
      <TestMethod codeBase="C:\_PROJ\Sai.DealAssistant\sai-deal-assistant-backend\src\Tests\Sai.DealAssistant.Infrastructure.Tests\bin\Debug\net8.0\Sai.DealAssistant.Infrastructure.Tests.dll" adapterTypeName="executor://xunit/VsTestRunner2/netcoreapp" className="Sai.DealAssistant.Infrastructure.Tests.Repositories.GenericRepositoryTests.ReadRepositoryTests" name="SelectPagedAsync_ReturnsFiltered_SortDefault_FirstPage" />
    </UnitTest>
    <UnitTest name="Sai.DealAssistant.Infrastructure.Tests.UnitOfWork.UnitOfWorkTests.ExecuteResilientTransactionAsync_InputActionCompletesSuccessfully_BeginsAndCommitsTransaction" storage="c:\_proj\sai.dealassistant\sai-deal-assistant-backend\src\tests\sai.dealassistant.infrastructure.tests\bin\debug\net8.0\sai.dealassistant.infrastructure.tests.dll" id="193a0e43-3a47-5b22-3c7e-07c150be723a">
      <Execution id="cbfde774-bde7-4d25-9e70-db23550e3057" />
      <TestMethod codeBase="C:\_PROJ\Sai.DealAssistant\sai-deal-assistant-backend\src\Tests\Sai.DealAssistant.Infrastructure.Tests\bin\Debug\net8.0\Sai.DealAssistant.Infrastructure.Tests.dll" adapterTypeName="executor://xunit/VsTestRunner2/netcoreapp" className="Sai.DealAssistant.Infrastructure.Tests.UnitOfWork.UnitOfWorkTests" name="ExecuteResilientTransactionAsync_InputActionCompletesSuccessfully_BeginsAndCommitsTransaction" />
    </UnitTest>
    <UnitTest name="Sai.DealAssistant.Infrastructure.Tests.Persistence.DenormFieldsTests.UpdateEvent_DateChanged_UpdatesDenormLastActionDate" storage="c:\_proj\sai.dealassistant\sai-deal-assistant-backend\src\tests\sai.dealassistant.infrastructure.tests\bin\debug\net8.0\sai.dealassistant.infrastructure.tests.dll" id="85d1b520-9d63-3696-a0df-1f1be2cbe478">
      <Execution id="79c0fcc5-13a7-49f7-85da-b664ad608fbd" />
      <TestMethod codeBase="C:\_PROJ\Sai.DealAssistant\sai-deal-assistant-backend\src\Tests\Sai.DealAssistant.Infrastructure.Tests\bin\Debug\net8.0\Sai.DealAssistant.Infrastructure.Tests.dll" adapterTypeName="executor://xunit/VsTestRunner2/netcoreapp" className="Sai.DealAssistant.Infrastructure.Tests.Persistence.DenormFieldsTests" name="UpdateEvent_DateChanged_UpdatesDenormLastActionDate" />
    </UnitTest>
    <UnitTest name="Sai.DealAssistant.Infrastructure.Tests.Repositories.GenericRepositoryTests.FieldUpdateRepositoryTests.UpdateFieldAsync_UpdatesNumericField" storage="c:\_proj\sai.dealassistant\sai-deal-assistant-backend\src\tests\sai.dealassistant.infrastructure.tests\bin\debug\net8.0\sai.dealassistant.infrastructure.tests.dll" id="5b7f3d86-82c9-9ed6-004b-48b6a036a044">
      <Execution id="a2046462-abf8-4270-a4ae-a53eacf251c7" />
      <TestMethod codeBase="C:\_PROJ\Sai.DealAssistant\sai-deal-assistant-backend\src\Tests\Sai.DealAssistant.Infrastructure.Tests\bin\Debug\net8.0\Sai.DealAssistant.Infrastructure.Tests.dll" adapterTypeName="executor://xunit/VsTestRunner2/netcoreapp" className="Sai.DealAssistant.Infrastructure.Tests.Repositories.GenericRepositoryTests.FieldUpdateRepositoryTests" name="UpdateFieldAsync_UpdatesNumericField" />
    </UnitTest>
    <UnitTest name="Sai.DealAssistant.Infrastructure.Tests.Repositories.GenericRepositoryTests.ReadRepositoryTests.GetAll_FilteredByCustomerId" storage="c:\_proj\sai.dealassistant\sai-deal-assistant-backend\src\tests\sai.dealassistant.infrastructure.tests\bin\debug\net8.0\sai.dealassistant.infrastructure.tests.dll" id="f8f98c89-f6e3-4ae5-ba70-dc160420889d">
      <Execution id="b97ddd4e-4d83-4aa6-add8-e690c5feb8dc" />
      <TestMethod codeBase="C:\_PROJ\Sai.DealAssistant\sai-deal-assistant-backend\src\Tests\Sai.DealAssistant.Infrastructure.Tests\bin\Debug\net8.0\Sai.DealAssistant.Infrastructure.Tests.dll" adapterTypeName="executor://xunit/VsTestRunner2/netcoreapp" className="Sai.DealAssistant.Infrastructure.Tests.Repositories.GenericRepositoryTests.ReadRepositoryTests" name="GetAll_FilteredByCustomerId" />
    </UnitTest>
    <UnitTest name="Sai.DealAssistant.Infrastructure.Tests.Repositories.GenericRepositoryTests.ReadRepositoryTests.ExistsAsync_ReturnsFalse_WhenItemDoesNotExist" storage="c:\_proj\sai.dealassistant\sai-deal-assistant-backend\src\tests\sai.dealassistant.infrastructure.tests\bin\debug\net8.0\sai.dealassistant.infrastructure.tests.dll" id="6935523f-f65e-d0cf-c3f6-365262a1a7ea">
      <Execution id="696ace23-e01c-4dbc-ab81-7e3a8ad0206a" />
      <TestMethod codeBase="C:\_PROJ\Sai.DealAssistant\sai-deal-assistant-backend\src\Tests\Sai.DealAssistant.Infrastructure.Tests\bin\Debug\net8.0\Sai.DealAssistant.Infrastructure.Tests.dll" adapterTypeName="executor://xunit/VsTestRunner2/netcoreapp" className="Sai.DealAssistant.Infrastructure.Tests.Repositories.GenericRepositoryTests.ReadRepositoryTests" name="ExistsAsync_ReturnsFalse_WhenItemDoesNotExist" />
    </UnitTest>
    <UnitTest name="Sai.DealAssistant.Infrastructure.Tests.Persistence.DenormFieldsTests.CreateMultipleEvents_SetsDenormLastActionDateToMax" storage="c:\_proj\sai.dealassistant\sai-deal-assistant-backend\src\tests\sai.dealassistant.infrastructure.tests\bin\debug\net8.0\sai.dealassistant.infrastructure.tests.dll" id="d7298ef1-0749-4da1-78d7-984e46e41f0d">
      <Execution id="f06b8a86-7a01-43c6-bae0-7bffc0bfb8a1" />
      <TestMethod codeBase="C:\_PROJ\Sai.DealAssistant\sai-deal-assistant-backend\src\Tests\Sai.DealAssistant.Infrastructure.Tests\bin\Debug\net8.0\Sai.DealAssistant.Infrastructure.Tests.dll" adapterTypeName="executor://xunit/VsTestRunner2/netcoreapp" className="Sai.DealAssistant.Infrastructure.Tests.Persistence.DenormFieldsTests" name="CreateMultipleEvents_SetsDenormLastActionDateToMax" />
    </UnitTest>
    <UnitTest name="Sai.DealAssistant.Infrastructure.Tests.Persistence.DenormFieldsTests.UpdateDeal_FirmIdUnchanged_DoesNotChangeDenormFirmName" storage="c:\_proj\sai.dealassistant\sai-deal-assistant-backend\src\tests\sai.dealassistant.infrastructure.tests\bin\debug\net8.0\sai.dealassistant.infrastructure.tests.dll" id="d3cbe634-d457-aa4d-5f88-75cfb62e3771">
      <Execution id="ba01c6d2-442c-42e8-abe7-31fc22cb5ad8" />
      <TestMethod codeBase="C:\_PROJ\Sai.DealAssistant\sai-deal-assistant-backend\src\Tests\Sai.DealAssistant.Infrastructure.Tests\bin\Debug\net8.0\Sai.DealAssistant.Infrastructure.Tests.dll" adapterTypeName="executor://xunit/VsTestRunner2/netcoreapp" className="Sai.DealAssistant.Infrastructure.Tests.Persistence.DenormFieldsTests" name="UpdateDeal_FirmIdUnchanged_DoesNotChangeDenormFirmName" />
    </UnitTest>
    <UnitTest name="Sai.DealAssistant.Infrastructure.Tests.Repositories.GenericRepositoryTests.ReadRepositoryTests.SelectPagedAsync_ReturnsAll_SortDefault_LastPage" storage="c:\_proj\sai.dealassistant\sai-deal-assistant-backend\src\tests\sai.dealassistant.infrastructure.tests\bin\debug\net8.0\sai.dealassistant.infrastructure.tests.dll" id="1b4d8d3a-0163-c205-b1ee-baf15feb9a32">
      <Execution id="bdbfd2d5-65a9-4df8-88f4-12ee0c244912" />
      <TestMethod codeBase="C:\_PROJ\Sai.DealAssistant\sai-deal-assistant-backend\src\Tests\Sai.DealAssistant.Infrastructure.Tests\bin\Debug\net8.0\Sai.DealAssistant.Infrastructure.Tests.dll" adapterTypeName="executor://xunit/VsTestRunner2/netcoreapp" className="Sai.DealAssistant.Infrastructure.Tests.Repositories.GenericRepositoryTests.ReadRepositoryTests" name="SelectPagedAsync_ReturnsAll_SortDefault_LastPage" />
    </UnitTest>
    <UnitTest name="Sai.DealAssistant.Infrastructure.Tests.Repositories.GenericRepositoryTests.ReadRepositoryTests.CountAsync_ReturnsAll" storage="c:\_proj\sai.dealassistant\sai-deal-assistant-backend\src\tests\sai.dealassistant.infrastructure.tests\bin\debug\net8.0\sai.dealassistant.infrastructure.tests.dll" id="a574bb46-1c03-df34-93cf-c646dad296e6">
      <Execution id="17076cfd-dad1-4b24-9edd-578d8705ab1f" />
      <TestMethod codeBase="C:\_PROJ\Sai.DealAssistant\sai-deal-assistant-backend\src\Tests\Sai.DealAssistant.Infrastructure.Tests\bin\Debug\net8.0\Sai.DealAssistant.Infrastructure.Tests.dll" adapterTypeName="executor://xunit/VsTestRunner2/netcoreapp" className="Sai.DealAssistant.Infrastructure.Tests.Repositories.GenericRepositoryTests.ReadRepositoryTests" name="CountAsync_ReturnsAll" />
    </UnitTest>
    <UnitTest name="Sai.DealAssistant.Infrastructure.Tests.Repositories.GenericRepositoryTests.EnumCache_Tests.GetAllAsync_CachesResultsAcrossCalls" storage="c:\_proj\sai.dealassistant\sai-deal-assistant-backend\src\tests\sai.dealassistant.infrastructure.tests\bin\debug\net8.0\sai.dealassistant.infrastructure.tests.dll" id="1a8c3b8a-f442-fa63-4012-8369a5cc7cb0">
      <Execution id="9008c493-a7fd-45a3-81ca-e79347fef12d" />
      <TestMethod codeBase="C:\_PROJ\Sai.DealAssistant\sai-deal-assistant-backend\src\Tests\Sai.DealAssistant.Infrastructure.Tests\bin\Debug\net8.0\Sai.DealAssistant.Infrastructure.Tests.dll" adapterTypeName="executor://xunit/VsTestRunner2/netcoreapp" className="Sai.DealAssistant.Infrastructure.Tests.Repositories.GenericRepositoryTests.EnumCache_Tests" name="GetAllAsync_CachesResultsAcrossCalls" />
    </UnitTest>
    <UnitTest name="Sai.DealAssistant.Infrastructure.Tests.Repositories.GenericRepositoryTests.ReadRepositoryTests.GetAll_ReturnsAll" storage="c:\_proj\sai.dealassistant\sai-deal-assistant-backend\src\tests\sai.dealassistant.infrastructure.tests\bin\debug\net8.0\sai.dealassistant.infrastructure.tests.dll" id="a8620362-50a4-f444-677e-3025fd0e754f">
      <Execution id="25f4399b-6c5a-4bf5-b521-6ca2821ddc99" />
      <TestMethod codeBase="C:\_PROJ\Sai.DealAssistant\sai-deal-assistant-backend\src\Tests\Sai.DealAssistant.Infrastructure.Tests\bin\Debug\net8.0\Sai.DealAssistant.Infrastructure.Tests.dll" adapterTypeName="executor://xunit/VsTestRunner2/netcoreapp" className="Sai.DealAssistant.Infrastructure.Tests.Repositories.GenericRepositoryTests.ReadRepositoryTests" name="GetAll_ReturnsAll" />
    </UnitTest>
    <UnitTest name="Sai.DealAssistant.Infrastructure.Tests.Repositories.GenericRepositoryTests.FieldUpdateRepositoryTests.UpdateFieldAsync_ColumnNotExists_Throws" storage="c:\_proj\sai.dealassistant\sai-deal-assistant-backend\src\tests\sai.dealassistant.infrastructure.tests\bin\debug\net8.0\sai.dealassistant.infrastructure.tests.dll" id="a8d65476-b903-071b-760c-2ad4f4d33be6">
      <Execution id="827205e1-1428-4373-882e-f876dcee339e" />
      <TestMethod codeBase="C:\_PROJ\Sai.DealAssistant\sai-deal-assistant-backend\src\Tests\Sai.DealAssistant.Infrastructure.Tests\bin\Debug\net8.0\Sai.DealAssistant.Infrastructure.Tests.dll" adapterTypeName="executor://xunit/VsTestRunner2/netcoreapp" className="Sai.DealAssistant.Infrastructure.Tests.Repositories.GenericRepositoryTests.FieldUpdateRepositoryTests" name="UpdateFieldAsync_ColumnNotExists_Throws" />
    </UnitTest>
    <UnitTest name="Sai.DealAssistant.Infrastructure.Tests.Repositories.GenericRepositoryTests.ReadRepositoryTests.ApplySorting_ThrowsInvalidSortColumnException" storage="c:\_proj\sai.dealassistant\sai-deal-assistant-backend\src\tests\sai.dealassistant.infrastructure.tests\bin\debug\net8.0\sai.dealassistant.infrastructure.tests.dll" id="7575dc31-5f20-6d05-ee77-1b6005ffa4e1">
      <Execution id="51ec3e6e-3238-4834-a1bc-52498e4c0400" />
      <TestMethod codeBase="C:\_PROJ\Sai.DealAssistant\sai-deal-assistant-backend\src\Tests\Sai.DealAssistant.Infrastructure.Tests\bin\Debug\net8.0\Sai.DealAssistant.Infrastructure.Tests.dll" adapterTypeName="executor://xunit/VsTestRunner2/netcoreapp" className="Sai.DealAssistant.Infrastructure.Tests.Repositories.GenericRepositoryTests.ReadRepositoryTests" name="ApplySorting_ThrowsInvalidSortColumnException" />
    </UnitTest>
    <UnitTest name="Sai.DealAssistant.Infrastructure.Tests.Repositories.GenericRepositoryTests.FieldUpdateRepositoryTests.UpdateFieldAsync_IdNotExists_Throws" storage="c:\_proj\sai.dealassistant\sai-deal-assistant-backend\src\tests\sai.dealassistant.infrastructure.tests\bin\debug\net8.0\sai.dealassistant.infrastructure.tests.dll" id="29a20248-d0b5-742c-03bf-cc306c3bbd1c">
      <Execution id="9c2cf41b-a4df-4ece-aa12-09ed6345fd29" />
      <TestMethod codeBase="C:\_PROJ\Sai.DealAssistant\sai-deal-assistant-backend\src\Tests\Sai.DealAssistant.Infrastructure.Tests\bin\Debug\net8.0\Sai.DealAssistant.Infrastructure.Tests.dll" adapterTypeName="executor://xunit/VsTestRunner2/netcoreapp" className="Sai.DealAssistant.Infrastructure.Tests.Repositories.GenericRepositoryTests.FieldUpdateRepositoryTests" name="UpdateFieldAsync_IdNotExists_Throws" />
    </UnitTest>
    <UnitTest name="Sai.DealAssistant.Infrastructure.Tests.Repositories.GenericRepositoryTests.CrudRepositoryTests.DeleteAsync_DeletesSampleEmployeeById" storage="c:\_proj\sai.dealassistant\sai-deal-assistant-backend\src\tests\sai.dealassistant.infrastructure.tests\bin\debug\net8.0\sai.dealassistant.infrastructure.tests.dll" id="e238d11b-e1e2-9e04-4658-a10b70c8c0e0">
      <Execution id="c47a59bf-11e4-45bd-b033-08ddd2d7bb35" />
      <TestMethod codeBase="C:\_PROJ\Sai.DealAssistant\sai-deal-assistant-backend\src\Tests\Sai.DealAssistant.Infrastructure.Tests\bin\Debug\net8.0\Sai.DealAssistant.Infrastructure.Tests.dll" adapterTypeName="executor://xunit/VsTestRunner2/netcoreapp" className="Sai.DealAssistant.Infrastructure.Tests.Repositories.GenericRepositoryTests.CrudRepositoryTests" name="DeleteAsync_DeletesSampleEmployeeById" />
    </UnitTest>
    <UnitTest name="Sai.DealAssistant.Infrastructure.Tests.Repositories.GenericRepositoryTests.ReadRepositoryTests.SelectPagedAsync_ReturnsAll_SortByEmailDesc_LastPage" storage="c:\_proj\sai.dealassistant\sai-deal-assistant-backend\src\tests\sai.dealassistant.infrastructure.tests\bin\debug\net8.0\sai.dealassistant.infrastructure.tests.dll" id="c53680ad-6df4-66e8-ccb7-e83308eaca94">
      <Execution id="3b907a4e-0b64-412e-8249-d3cb6cba3cc5" />
      <TestMethod codeBase="C:\_PROJ\Sai.DealAssistant\sai-deal-assistant-backend\src\Tests\Sai.DealAssistant.Infrastructure.Tests\bin\Debug\net8.0\Sai.DealAssistant.Infrastructure.Tests.dll" adapterTypeName="executor://xunit/VsTestRunner2/netcoreapp" className="Sai.DealAssistant.Infrastructure.Tests.Repositories.GenericRepositoryTests.ReadRepositoryTests" name="SelectPagedAsync_ReturnsAll_SortByEmailDesc_LastPage" />
    </UnitTest>
    <UnitTest name="Sai.DealAssistant.Infrastructure.Tests.Repositories.GenericRepositoryTests.FieldUpdateRepositoryTests.UpdateFieldAsync_TableNotExists_Throws" storage="c:\_proj\sai.dealassistant\sai-deal-assistant-backend\src\tests\sai.dealassistant.infrastructure.tests\bin\debug\net8.0\sai.dealassistant.infrastructure.tests.dll" id="7e2b956a-20da-d288-c32e-fdfd7d19156c">
      <Execution id="fafb3622-f415-48e2-a200-45c502930c8e" />
      <TestMethod codeBase="C:\_PROJ\Sai.DealAssistant\sai-deal-assistant-backend\src\Tests\Sai.DealAssistant.Infrastructure.Tests\bin\Debug\net8.0\Sai.DealAssistant.Infrastructure.Tests.dll" adapterTypeName="executor://xunit/VsTestRunner2/netcoreapp" className="Sai.DealAssistant.Infrastructure.Tests.Repositories.GenericRepositoryTests.FieldUpdateRepositoryTests" name="UpdateFieldAsync_TableNotExists_Throws" />
    </UnitTest>
    <UnitTest name="Sai.DealAssistant.Infrastructure.Tests.Repositories.GenericRepositoryTests.CrudRepositoryTests.UpdateAsync_WithChangedName_UpdatesSampleEmployee" storage="c:\_proj\sai.dealassistant\sai-deal-assistant-backend\src\tests\sai.dealassistant.infrastructure.tests\bin\debug\net8.0\sai.dealassistant.infrastructure.tests.dll" id="4f50c7e4-27c1-b6ae-f410-bc87cd6855b7">
      <Execution id="dea25a66-1776-463a-82a9-ba4f7c9ef884" />
      <TestMethod codeBase="C:\_PROJ\Sai.DealAssistant\sai-deal-assistant-backend\src\Tests\Sai.DealAssistant.Infrastructure.Tests\bin\Debug\net8.0\Sai.DealAssistant.Infrastructure.Tests.dll" adapterTypeName="executor://xunit/VsTestRunner2/netcoreapp" className="Sai.DealAssistant.Infrastructure.Tests.Repositories.GenericRepositoryTests.CrudRepositoryTests" name="UpdateAsync_WithChangedName_UpdatesSampleEmployee" />
    </UnitTest>
    <UnitTest name="Sai.DealAssistant.Infrastructure.Tests.Repositories.GenericRepositoryTests.ReadRepositoryTests.FirstOrDefaultAsync_ReturnsNull_WhenItemDoesNotExist" storage="c:\_proj\sai.dealassistant\sai-deal-assistant-backend\src\tests\sai.dealassistant.infrastructure.tests\bin\debug\net8.0\sai.dealassistant.infrastructure.tests.dll" id="f38b4d81-fd18-5172-e695-fab88f35652d">
      <Execution id="7f5837d5-ff86-45c1-85e9-b0bb7da715d6" />
      <TestMethod codeBase="C:\_PROJ\Sai.DealAssistant\sai-deal-assistant-backend\src\Tests\Sai.DealAssistant.Infrastructure.Tests\bin\Debug\net8.0\Sai.DealAssistant.Infrastructure.Tests.dll" adapterTypeName="executor://xunit/VsTestRunner2/netcoreapp" className="Sai.DealAssistant.Infrastructure.Tests.Repositories.GenericRepositoryTests.ReadRepositoryTests" name="FirstOrDefaultAsync_ReturnsNull_WhenItemDoesNotExist" />
    </UnitTest>
    <UnitTest name="Sai.DealAssistant.Infrastructure.Tests.Repositories.GenericRepositoryTests.ReadRepositoryTests.SelectAsync_ReturnsAll" storage="c:\_proj\sai.dealassistant\sai-deal-assistant-backend\src\tests\sai.dealassistant.infrastructure.tests\bin\debug\net8.0\sai.dealassistant.infrastructure.tests.dll" id="f111b91a-dee7-b574-1506-4287bc17fba1">
      <Execution id="94fce3f9-7f15-48a9-9da0-0931fd4bf957" />
      <TestMethod codeBase="C:\_PROJ\Sai.DealAssistant\sai-deal-assistant-backend\src\Tests\Sai.DealAssistant.Infrastructure.Tests\bin\Debug\net8.0\Sai.DealAssistant.Infrastructure.Tests.dll" adapterTypeName="executor://xunit/VsTestRunner2/netcoreapp" className="Sai.DealAssistant.Infrastructure.Tests.Repositories.GenericRepositoryTests.ReadRepositoryTests" name="SelectAsync_ReturnsAll" />
    </UnitTest>
    <UnitTest name="Sai.DealAssistant.Infrastructure.Tests.Repositories.GenericRepositoryTests.ReadRepositoryTests.GetAll_FilteredBySecondNameThanByEmail" storage="c:\_proj\sai.dealassistant\sai-deal-assistant-backend\src\tests\sai.dealassistant.infrastructure.tests\bin\debug\net8.0\sai.dealassistant.infrastructure.tests.dll" id="03b6df63-97a2-4d33-2101-7f83ed454113">
      <Execution id="10e88286-c407-473f-9dfe-84aea333a4af" />
      <TestMethod codeBase="C:\_PROJ\Sai.DealAssistant\sai-deal-assistant-backend\src\Tests\Sai.DealAssistant.Infrastructure.Tests\bin\Debug\net8.0\Sai.DealAssistant.Infrastructure.Tests.dll" adapterTypeName="executor://xunit/VsTestRunner2/netcoreapp" className="Sai.DealAssistant.Infrastructure.Tests.Repositories.GenericRepositoryTests.ReadRepositoryTests" name="GetAll_FilteredBySecondNameThanByEmail" />
    </UnitTest>
    <UnitTest name="Sai.DealAssistant.Infrastructure.Tests.Repositories.GenericRepositoryTests.ReadRepositoryTests.SelectPagedAsync_AfterLastPage_ShouldBeEmpty" storage="c:\_proj\sai.dealassistant\sai-deal-assistant-backend\src\tests\sai.dealassistant.infrastructure.tests\bin\debug\net8.0\sai.dealassistant.infrastructure.tests.dll" id="0b38bb53-002a-e188-4fe2-417fb886c207">
      <Execution id="da8461d4-7ca7-41f2-9f7e-b9e119414c8a" />
      <TestMethod codeBase="C:\_PROJ\Sai.DealAssistant\sai-deal-assistant-backend\src\Tests\Sai.DealAssistant.Infrastructure.Tests\bin\Debug\net8.0\Sai.DealAssistant.Infrastructure.Tests.dll" adapterTypeName="executor://xunit/VsTestRunner2/netcoreapp" className="Sai.DealAssistant.Infrastructure.Tests.Repositories.GenericRepositoryTests.ReadRepositoryTests" name="SelectPagedAsync_AfterLastPage_ShouldBeEmpty" />
    </UnitTest>
    <UnitTest name="Sai.DealAssistant.Infrastructure.Tests.Persistence.DenormFieldsTests.DeleteEvent_WhenMultipleEvents_SetsDenormLastActionDateToRemainingMax" storage="c:\_proj\sai.dealassistant\sai-deal-assistant-backend\src\tests\sai.dealassistant.infrastructure.tests\bin\debug\net8.0\sai.dealassistant.infrastructure.tests.dll" id="72919150-5887-87f4-4a6f-48ea004d02e3">
      <Execution id="8564c22e-cf2a-441e-9c0c-585cdd39dc58" />
      <TestMethod codeBase="C:\_PROJ\Sai.DealAssistant\sai-deal-assistant-backend\src\Tests\Sai.DealAssistant.Infrastructure.Tests\bin\Debug\net8.0\Sai.DealAssistant.Infrastructure.Tests.dll" adapterTypeName="executor://xunit/VsTestRunner2/netcoreapp" className="Sai.DealAssistant.Infrastructure.Tests.Persistence.DenormFieldsTests" name="DeleteEvent_WhenMultipleEvents_SetsDenormLastActionDateToRemainingMax" />
    </UnitTest>
    <UnitTest name="Sai.DealAssistant.Infrastructure.Tests.Repositories.GenericRepositoryTests.ReadRepositoryTests.SelectAsync_ReturnsFiltered" storage="c:\_proj\sai.dealassistant\sai-deal-assistant-backend\src\tests\sai.dealassistant.infrastructure.tests\bin\debug\net8.0\sai.dealassistant.infrastructure.tests.dll" id="922816f5-8bbb-2c17-06c3-26ed0a0b4108">
      <Execution id="db93c416-597c-470d-ab4f-cb29ba2f4f6d" />
      <TestMethod codeBase="C:\_PROJ\Sai.DealAssistant\sai-deal-assistant-backend\src\Tests\Sai.DealAssistant.Infrastructure.Tests\bin\Debug\net8.0\Sai.DealAssistant.Infrastructure.Tests.dll" adapterTypeName="executor://xunit/VsTestRunner2/netcoreapp" className="Sai.DealAssistant.Infrastructure.Tests.Repositories.GenericRepositoryTests.ReadRepositoryTests" name="SelectAsync_ReturnsFiltered" />
    </UnitTest>
  </TestDefinitions>
  <TestEntries>
    <TestEntry testId="a9a149e2-684b-29cd-32ba-3268edaa6702" executionId="a8a31c54-7263-42ab-9af1-7b5e311d4dc4" testListId="8c84fa94-04c1-424b-9868-57a2d4851a1d" />
    <TestEntry testId="c60741ba-ce87-4389-62b6-abfaecce0cb4" executionId="02f4bac1-9be3-49a2-aa25-35cbfc17f443" testListId="8c84fa94-04c1-424b-9868-57a2d4851a1d" />
    <TestEntry testId="72919150-5887-87f4-4a6f-48ea004d02e3" executionId="8564c22e-cf2a-441e-9c0c-585cdd39dc58" testListId="8c84fa94-04c1-424b-9868-57a2d4851a1d" />
    <TestEntry testId="cc459ca6-39a6-38b1-cef5-05d96d911ed4" executionId="92cfd308-ff53-42af-b3a7-b0465dfedccb" testListId="8c84fa94-04c1-424b-9868-57a2d4851a1d" />
    <TestEntry testId="fd7bed65-2efb-3e90-0c1a-e47dc5ccec0a" executionId="ea7712ad-66a8-4c8f-83b9-eca95f039e75" testListId="8c84fa94-04c1-424b-9868-57a2d4851a1d" />
    <TestEntry testId="922816f5-8bbb-2c17-06c3-26ed0a0b4108" executionId="db93c416-597c-470d-ab4f-cb29ba2f4f6d" testListId="8c84fa94-04c1-424b-9868-57a2d4851a1d" />
    <TestEntry testId="e2c108e4-5239-e09a-752b-7b6bd3fb2261" executionId="e40b16d8-258e-4dd8-942d-1d57db0b216c" testListId="8c84fa94-04c1-424b-9868-57a2d4851a1d" />
    <TestEntry testId="29a20248-d0b5-742c-03bf-cc306c3bbd1c" executionId="9c2cf41b-a4df-4ece-aa12-09ed6345fd29" testListId="8c84fa94-04c1-424b-9868-57a2d4851a1d" />
    <TestEntry testId="4c2e6fe7-2828-2971-df3a-e3ed0ec580cb" executionId="228613b6-cb18-4c80-bb8c-80bf6c24f89a" testListId="8c84fa94-04c1-424b-9868-57a2d4851a1d" />
    <TestEntry testId="a8620362-50a4-f444-677e-3025fd0e754f" executionId="25f4399b-6c5a-4bf5-b521-6ca2821ddc99" testListId="8c84fa94-04c1-424b-9868-57a2d4851a1d" />
    <TestEntry testId="f8a80593-625b-555b-eb20-9b507c35dc99" executionId="42a7d51f-a2d8-4708-89b6-593d4289660c" testListId="8c84fa94-04c1-424b-9868-57a2d4851a1d" />
    <TestEntry testId="fbe1a45a-ea29-5e55-ae65-7274ab0de3b1" executionId="9e58ad99-9a38-4560-9a0c-84da17d473c9" testListId="8c84fa94-04c1-424b-9868-57a2d4851a1d" />
    <TestEntry testId="25e0e243-3b2f-051b-5904-3623e34db590" executionId="e9de44a4-2143-429f-ba86-cc638404ef33" testListId="8c84fa94-04c1-424b-9868-57a2d4851a1d" />
    <TestEntry testId="a8d65476-b903-071b-760c-2ad4f4d33be6" executionId="827205e1-1428-4373-882e-f876dcee339e" testListId="8c84fa94-04c1-424b-9868-57a2d4851a1d" />
    <TestEntry testId="d7298ef1-0749-4da1-78d7-984e46e41f0d" executionId="f06b8a86-7a01-43c6-bae0-7bffc0bfb8a1" testListId="8c84fa94-04c1-424b-9868-57a2d4851a1d" />
    <TestEntry testId="68c01459-f0e2-8b58-919c-b29ed90ee47e" executionId="770a3098-0eab-464a-a9ea-85896bf4048b" testListId="8c84fa94-04c1-424b-9868-57a2d4851a1d" />
    <TestEntry testId="a574bb46-1c03-df34-93cf-c646dad296e6" executionId="17076cfd-dad1-4b24-9edd-578d8705ab1f" testListId="8c84fa94-04c1-424b-9868-57a2d4851a1d" />
    <TestEntry testId="bfe814d8-c538-93de-ef56-a817cf11863a" executionId="341194ad-ee4b-48c7-b4e3-bf8ef4834359" testListId="8c84fa94-04c1-424b-9868-57a2d4851a1d" />
    <TestEntry testId="0b38bb53-002a-e188-4fe2-417fb886c207" executionId="da8461d4-7ca7-41f2-9f7e-b9e119414c8a" testListId="8c84fa94-04c1-424b-9868-57a2d4851a1d" />
    <TestEntry testId="d3cbe634-d457-aa4d-5f88-75cfb62e3771" executionId="ba01c6d2-442c-42e8-abe7-31fc22cb5ad8" testListId="8c84fa94-04c1-424b-9868-57a2d4851a1d" />
    <TestEntry testId="c53680ad-6df4-66e8-ccb7-e83308eaca94" executionId="3b907a4e-0b64-412e-8249-d3cb6cba3cc5" testListId="8c84fa94-04c1-424b-9868-57a2d4851a1d" />
    <TestEntry testId="821793b1-eb91-c7a3-2bb7-a418da5c2f9d" executionId="3c4d92ac-7a50-4856-81ea-79584a3a4a55" testListId="8c84fa94-04c1-424b-9868-57a2d4851a1d" />
    <TestEntry testId="f326dd1f-aedd-d307-7b9e-0fa5f3201931" executionId="33724960-2687-4683-882b-543a2f6e7357" testListId="8c84fa94-04c1-424b-9868-57a2d4851a1d" />
    <TestEntry testId="f111b91a-dee7-b574-1506-4287bc17fba1" executionId="94fce3f9-7f15-48a9-9da0-0931fd4bf957" testListId="8c84fa94-04c1-424b-9868-57a2d4851a1d" />
    <TestEntry testId="9817eabf-4a92-b4bd-b04c-d5bb5964faa6" executionId="710a323f-65cf-432b-825c-a2a60188b06c" testListId="8c84fa94-04c1-424b-9868-57a2d4851a1d" />
    <TestEntry testId="5b7f3d86-82c9-9ed6-004b-48b6a036a044" executionId="a2046462-abf8-4270-a4ae-a53eacf251c7" testListId="8c84fa94-04c1-424b-9868-57a2d4851a1d" />
    <TestEntry testId="05b35716-8b80-c898-e9c0-db852b006064" executionId="b5422da2-40cd-45d2-b2c7-4a512af36f0c" testListId="8c84fa94-04c1-424b-9868-57a2d4851a1d" />
    <TestEntry testId="03b6df63-97a2-4d33-2101-7f83ed454113" executionId="10e88286-c407-473f-9dfe-84aea333a4af" testListId="8c84fa94-04c1-424b-9868-57a2d4851a1d" />
    <TestEntry testId="7e2b956a-20da-d288-c32e-fdfd7d19156c" executionId="fafb3622-f415-48e2-a200-45c502930c8e" testListId="8c84fa94-04c1-424b-9868-57a2d4851a1d" />
    <TestEntry testId="1b4d8d3a-0163-c205-b1ee-baf15feb9a32" executionId="bdbfd2d5-65a9-4df8-88f4-12ee0c244912" testListId="8c84fa94-04c1-424b-9868-57a2d4851a1d" />
    <TestEntry testId="4f50c7e4-27c1-b6ae-f410-bc87cd6855b7" executionId="dea25a66-1776-463a-82a9-ba4f7c9ef884" testListId="8c84fa94-04c1-424b-9868-57a2d4851a1d" />
    <TestEntry testId="6935523f-f65e-d0cf-c3f6-365262a1a7ea" executionId="696ace23-e01c-4dbc-ab81-7e3a8ad0206a" testListId="8c84fa94-04c1-424b-9868-57a2d4851a1d" />
    <TestEntry testId="193a0e43-3a47-5b22-3c7e-07c150be723a" executionId="cbfde774-bde7-4d25-9e70-db23550e3057" testListId="8c84fa94-04c1-424b-9868-57a2d4851a1d" />
    <TestEntry testId="f8f98c89-f6e3-4ae5-ba70-dc160420889d" executionId="b97ddd4e-4d83-4aa6-add8-e690c5feb8dc" testListId="8c84fa94-04c1-424b-9868-57a2d4851a1d" />
    <TestEntry testId="d81382b6-74ad-b86b-99ea-3177e5a4a7b0" executionId="37cf251c-4864-4dd4-9932-391ae821b0b9" testListId="8c84fa94-04c1-424b-9868-57a2d4851a1d" />
    <TestEntry testId="320b8350-8c67-b05d-edb2-e11fae16e998" executionId="cd538726-3c56-48dc-bca8-64da4c3775da" testListId="8c84fa94-04c1-424b-9868-57a2d4851a1d" />
    <TestEntry testId="9704f739-0251-d674-9762-c0620410d507" executionId="91b841ab-6573-4980-89b9-1505da53e740" testListId="8c84fa94-04c1-424b-9868-57a2d4851a1d" />
    <TestEntry testId="e238d11b-e1e2-9e04-4658-a10b70c8c0e0" executionId="c47a59bf-11e4-45bd-b033-08ddd2d7bb35" testListId="8c84fa94-04c1-424b-9868-57a2d4851a1d" />
    <TestEntry testId="a0343a1f-04a1-5c88-b3ed-7007324c208d" executionId="aedce30c-972f-40d0-be84-ea8b0ce4e802" testListId="8c84fa94-04c1-424b-9868-57a2d4851a1d" />
    <TestEntry testId="85d1b520-9d63-3696-a0df-1f1be2cbe478" executionId="79c0fcc5-13a7-49f7-85da-b664ad608fbd" testListId="8c84fa94-04c1-424b-9868-57a2d4851a1d" />
    <TestEntry testId="f38b4d81-fd18-5172-e695-fab88f35652d" executionId="7f5837d5-ff86-45c1-85e9-b0bb7da715d6" testListId="8c84fa94-04c1-424b-9868-57a2d4851a1d" />
    <TestEntry testId="a967686b-33b4-f3f3-9890-0bc1992e4a31" executionId="7fd2c357-dce5-4673-b6fa-b43c2276c289" testListId="8c84fa94-04c1-424b-9868-57a2d4851a1d" />
    <TestEntry testId="7575dc31-5f20-6d05-ee77-1b6005ffa4e1" executionId="51ec3e6e-3238-4834-a1bc-52498e4c0400" testListId="8c84fa94-04c1-424b-9868-57a2d4851a1d" />
    <TestEntry testId="1a8c3b8a-f442-fa63-4012-8369a5cc7cb0" executionId="9008c493-a7fd-45a3-81ca-e79347fef12d" testListId="8c84fa94-04c1-424b-9868-57a2d4851a1d" />
    <TestEntry testId="ac7497d6-71b5-64e8-1c5b-0938ffdf0299" executionId="69bc5977-2c0f-4b67-be47-353cbfac3b7b" testListId="8c84fa94-04c1-424b-9868-57a2d4851a1d" />
  </TestEntries>
  <TestLists>
    <TestList name="Results Not in a List" id="8c84fa94-04c1-424b-9868-57a2d4851a1d" />
    <TestList name="All Loaded Results" id="19431567-8539-422a-85d7-44ee4e166bda" />
  </TestLists>
  <ResultSummary outcome="Completed">
    <Counters total="45" executed="45" passed="45" failed="0" error="0" timeout="0" aborted="0" inconclusive="0" passedButRunAborted="0" notRunnable="0" notExecuted="0" disconnected="0" warning="0" completed="0" inProgress="0" pending="0" />
    <Output>
      <StdOut>[xUnit.net 00:00:00.00] xUnit.net VSTest Adapter v2.5.3.1+6b60a9e56a (64-bit .NET 8.0.26)&#xD;
[xUnit.net 00:00:00.12]   Discovering: Sai.DealAssistant.Infrastructure.Tests&#xD;
[xUnit.net 00:00:00.16]   Discovered:  Sai.DealAssistant.Infrastructure.Tests&#xD;
[xUnit.net 00:00:00.16]   Starting:    Sai.DealAssistant.Infrastructure.Tests&#xD;
[xUnit.net 00:01:40.72]   Finished:    Sai.DealAssistant.Infrastructure.Tests&#xD;
</StdOut>
    </Output>
  </ResultSummary>
</TestRun>