<?xml version="1.0" encoding="utf-8"?>
<TestRun id="da1d461e-cc5b-4c30-93bc-75dc61fdb685" name="olexi@SAI-W11 2026-04-27 15:20:55" runUser="SAI-W11\olexi" xmlns="http://microsoft.com/schemas/VisualStudio/TeamTest/2010">
  <Times creation="2026-04-27T15:20:55.9865641+01:00" queuing="2026-04-27T15:20:55.9865645+01:00" start="2026-04-27T15:20:53.5156388+01:00" finish="2026-04-27T15:22:56.5176997+01:00" />
  <TestSettings name="default" id="fd4c09f6-4356-4fbd-915d-fc60fa5378d5">
    <Deployment runDeploymentRoot="olexi_SAI-W11_2026-04-27_15_20_55" />
  </TestSettings>
  <Results>
    <UnitTestResult executionId="9323c3ce-17c3-46d7-aae0-07f17588ff1d" testId="72919150-5887-87f4-4a6f-48ea004d02e3" testName="Sai.DealAssistant.Infrastructure.Tests.Persistence.DenormFieldsTests.DeleteEvent_WhenMultipleEvents_SetsDenormLastActionDateToRemainingMax" computerName="SAI-W11" duration="00:00:38.4188160" startTime="2026-04-27T15:21:33.0972092+01:00" endTime="2026-04-27T15:21:33.0972095+01:00" testType="13cdc9d9-ddb5-4fa4-a97d-d965ccfc6d4b" outcome="Passed" testListId="8c84fa94-04c1-424b-9868-57a2d4851a1d" relativeResultsDirectory="9323c3ce-17c3-46d7-aae0-07f17588ff1d" />
    <UnitTestResult executionId="75be5ab9-96df-4c68-a802-eb7a23ae18b0" testId="68c01459-f0e2-8b58-919c-b29ed90ee47e" testName="Sai.DealAssistant.Infrastructure.Tests.Persistence.DenormFieldsTests.CreateEvent_SetsDenormLastActionDate" computerName="SAI-W11" duration="00:00:10.0490337" startTime="2026-04-27T15:22:45.9644844+01:00" endTime="2026-04-27T15:22:45.9644845+01:00" testType="13cdc9d9-ddb5-4fa4-a97d-d965ccfc6d4b" outcome="Passed" testListId="8c84fa94-04c1-424b-9868-57a2d4851a1d" relativeResultsDirectory="75be5ab9-96df-4c68-a802-eb7a23ae18b0" />
    <UnitTestResult executionId="23884307-1d18-4f62-8158-85a329bdec8c" testId="a574bb46-1c03-df34-93cf-c646dad296e6" testName="Sai.DealAssistant.Infrastructure.Tests.Repositories.GenericRepositoryTests.ReadRepositoryTests.CountAsync_ReturnsAll" computerName="SAI-W11" duration="00:00:00.0288783" startTime="2026-04-27T15:20:56.8956782+01:00" endTime="2026-04-27T15:20:56.8956784+01:00" testType="13cdc9d9-ddb5-4fa4-a97d-d965ccfc6d4b" outcome="Passed" testListId="8c84fa94-04c1-424b-9868-57a2d4851a1d" relativeResultsDirectory="23884307-1d18-4f62-8158-85a329bdec8c" />
    <UnitTestResult executionId="0a82e205-3461-49ff-ad2f-f2c303f857f5" testId="6935523f-f65e-d0cf-c3f6-365262a1a7ea" testName="Sai.DealAssistant.Infrastructure.Tests.Repositories.GenericRepositoryTests.ReadRepositoryTests.ExistsAsync_ReturnsFalse_WhenItemDoesNotExist" computerName="SAI-W11" duration="00:00:00.0383374" startTime="2026-04-27T15:20:56.4341996+01:00" endTime="2026-04-27T15:20:56.4341998+01:00" testType="13cdc9d9-ddb5-4fa4-a97d-d965ccfc6d4b" outcome="Passed" testListId="8c84fa94-04c1-424b-9868-57a2d4851a1d" relativeResultsDirectory="0a82e205-3461-49ff-ad2f-f2c303f857f5" />
    <UnitTestResult executionId="8337bc67-3909-428e-a24c-c9f875b93636" testId="9817eabf-4a92-b4bd-b04c-d5bb5964faa6" testName="Sai.DealAssistant.Infrastructure.Tests.Repositories.GenericRepositoryTests.ReadRepositoryTests.FirstOrDefaultAsync_ReturnsItem_WhenItemExists" computerName="SAI-W11" duration="00:00:00.0352994" startTime="2026-04-27T15:20:56.4698180+01:00" endTime="2026-04-27T15:20:56.4698184+01:00" testType="13cdc9d9-ddb5-4fa4-a97d-d965ccfc6d4b" outcome="Passed" testListId="8c84fa94-04c1-424b-9868-57a2d4851a1d" relativeResultsDirectory="8337bc67-3909-428e-a24c-c9f875b93636" />
    <UnitTestResult executionId="a070aac8-3618-4a0b-947a-31c860fc2925" testId="25e0e243-3b2f-051b-5904-3623e34db590" testName="Sai.DealAssistant.Infrastructure.Tests.Repositories.GenericRepositoryTests.FieldUpdateRepositoryTests.UpdateFieldAsync_UpdatesStringField" computerName="SAI-W11" duration="00:00:00.0445073" startTime="2026-04-27T15:20:55.9064587+01:00" endTime="2026-04-27T15:20:55.9064591+01:00" testType="13cdc9d9-ddb5-4fa4-a97d-d965ccfc6d4b" outcome="Passed" testListId="8c84fa94-04c1-424b-9868-57a2d4851a1d" relativeResultsDirectory="a070aac8-3618-4a0b-947a-31c860fc2925" />
    <UnitTestResult executionId="cae18016-1ff1-4b44-a927-70641df11041" testId="4c2e6fe7-2828-2971-df3a-e3ed0ec580cb" testName="Sai.DealAssistant.Infrastructure.Tests.Repositories.GenericRepositoryTests.ReadRepositoryTests.ApplySorting_SortsDescending" computerName="SAI-W11" duration="00:00:00.0427959" startTime="2026-04-27T15:20:56.5424541+01:00" endTime="2026-04-27T15:20:56.5424545+01:00" testType="13cdc9d9-ddb5-4fa4-a97d-d965ccfc6d4b" outcome="Passed" testListId="8c84fa94-04c1-424b-9868-57a2d4851a1d" relativeResultsDirectory="cae18016-1ff1-4b44-a927-70641df11041" />
    <UnitTestResult executionId="678a3230-6ac0-4cb9-a473-1352b70b08cc" testId="193a0e43-3a47-5b22-3c7e-07c150be723a" testName="Sai.DealAssistant.Infrastructure.Tests.UnitOfWork.UnitOfWorkTests.ExecuteResilientTransactionAsync_InputActionCompletesSuccessfully_BeginsAndCommitsTransaction" computerName="SAI-W11" duration="00:00:01.4911853" startTime="2026-04-27T15:20:56.1719036+01:00" endTime="2026-04-27T15:20:56.1719039+01:00" testType="13cdc9d9-ddb5-4fa4-a97d-d965ccfc6d4b" outcome="Passed" testListId="8c84fa94-04c1-424b-9868-57a2d4851a1d" relativeResultsDirectory="678a3230-6ac0-4cb9-a473-1352b70b08cc" />
    <UnitTestResult executionId="64a18b2c-d14d-4dab-801f-70347fc87fe8" testId="1b4d8d3a-0163-c205-b1ee-baf15feb9a32" testName="Sai.DealAssistant.Infrastructure.Tests.Repositories.GenericRepositoryTests.ReadRepositoryTests.SelectPagedAsync_ReturnsAll_SortDefault_LastPage" computerName="SAI-W11" duration="00:00:00.0417294" startTime="2026-04-27T15:20:56.6715132+01:00" endTime="2026-04-27T15:20:56.6715135+01:00" testType="13cdc9d9-ddb5-4fa4-a97d-d965ccfc6d4b" outcome="Passed" testListId="8c84fa94-04c1-424b-9868-57a2d4851a1d" relativeResultsDirectory="64a18b2c-d14d-4dab-801f-70347fc87fe8" />
    <UnitTestResult executionId="9e4f3635-690d-43eb-a0e8-38ee5e50b514" testId="29a20248-d0b5-742c-03bf-cc306c3bbd1c" testName="Sai.DealAssistant.Infrastructure.Tests.Repositories.GenericRepositoryTests.FieldUpdateRepositoryTests.UpdateFieldAsync_IdNotExists_Throws" computerName="SAI-W11" duration="00:00:00.0157647" startTime="2026-04-27T15:20:55.9618484+01:00" endTime="2026-04-27T15:20:55.9618487+01:00" testType="13cdc9d9-ddb5-4fa4-a97d-d965ccfc6d4b" outcome="Passed" testListId="8c84fa94-04c1-424b-9868-57a2d4851a1d" relativeResultsDirectory="9e4f3635-690d-43eb-a0e8-38ee5e50b514" />
    <UnitTestResult executionId="34bab0ef-991b-4291-817c-7910ebe0a895" testId="c53680ad-6df4-66e8-ccb7-e83308eaca94" testName="Sai.DealAssistant.Infrastructure.Tests.Repositories.GenericRepositoryTests.ReadRepositoryTests.SelectPagedAsync_ReturnsAll_SortByEmailDesc_LastPage" computerName="SAI-W11" duration="00:00:00.0251301" startTime="2026-04-27T15:20:56.8372409+01:00" endTime="2026-04-27T15:20:56.8372411+01:00" testType="13cdc9d9-ddb5-4fa4-a97d-d965ccfc6d4b" outcome="Passed" testListId="8c84fa94-04c1-424b-9868-57a2d4851a1d" relativeResultsDirectory="34bab0ef-991b-4291-817c-7910ebe0a895" />
    <UnitTestResult executionId="6cfc307b-7100-4c95-a3ed-18ab3a92eed6" testId="05b35716-8b80-c898-e9c0-db852b006064" testName="Sai.DealAssistant.Infrastructure.Tests.Repositories.GenericRepositoryTests.EnumCache_Tests.GetAllAsync_ReturnsSeededDealTypes" computerName="SAI-W11" duration="00:00:00.0408739" startTime="2026-04-27T15:20:56.2585717+01:00" endTime="2026-04-27T15:20:56.2585719+01:00" testType="13cdc9d9-ddb5-4fa4-a97d-d965ccfc6d4b" outcome="Passed" testListId="8c84fa94-04c1-424b-9868-57a2d4851a1d" relativeResultsDirectory="6cfc307b-7100-4c95-a3ed-18ab3a92eed6" />
    <UnitTestResult executionId="8b692dd1-4090-4041-8e97-537a608aabb6" testId="f326dd1f-aedd-d307-7b9e-0fa5f3201931" testName="Sai.DealAssistant.Infrastructure.Tests.Repositories.GenericRepositoryTests.ReadRepositoryTests.SingleOrDefaultAsync_ReturnsItem_WhenItemExists" computerName="SAI-W11" duration="00:00:00.0377616" startTime="2026-04-27T15:20:56.5802235+01:00" endTime="2026-04-27T15:20:56.5802236+01:00" testType="13cdc9d9-ddb5-4fa4-a97d-d965ccfc6d4b" outcome="Passed" testListId="8c84fa94-04c1-424b-9868-57a2d4851a1d" relativeResultsDirectory="8b692dd1-4090-4041-8e97-537a608aabb6" />
    <UnitTestResult executionId="023a9bbc-20ad-4e4a-9db4-7b4fcf49d0d2" testId="1a8c3b8a-f442-fa63-4012-8369a5cc7cb0" testName="Sai.DealAssistant.Infrastructure.Tests.Repositories.GenericRepositoryTests.EnumCache_Tests.GetAllAsync_CachesResultsAcrossCalls" computerName="SAI-W11" duration="00:00:00.0475364" startTime="2026-04-27T15:20:56.2302090+01:00" endTime="2026-04-27T15:20:56.2302093+01:00" testType="13cdc9d9-ddb5-4fa4-a97d-d965ccfc6d4b" outcome="Passed" testListId="8c84fa94-04c1-424b-9868-57a2d4851a1d" relativeResultsDirectory="023a9bbc-20ad-4e4a-9db4-7b4fcf49d0d2" />
    <UnitTestResult executionId="60ee2d6b-4708-4ca3-a018-b39d8bcbaed4" testId="a967686b-33b4-f3f3-9890-0bc1992e4a31" testName="Sai.DealAssistant.Infrastructure.Tests.Repositories.GenericRepositoryTests.ReadRepositoryTests.ExistsAsync_ReturnsTrue_ForExistingEntity" computerName="SAI-W11" duration="00:00:00.0260447" startTime="2026-04-27T15:20:56.7871858+01:00" endTime="2026-04-27T15:20:56.7871861+01:00" testType="13cdc9d9-ddb5-4fa4-a97d-d965ccfc6d4b" outcome="Passed" testListId="8c84fa94-04c1-424b-9868-57a2d4851a1d" relativeResultsDirectory="60ee2d6b-4708-4ca3-a018-b39d8bcbaed4" />
    <UnitTestResult executionId="391a610e-ab61-4598-96dc-d2cccb26228b" testId="e238d11b-e1e2-9e04-4658-a10b70c8c0e0" testName="Sai.DealAssistant.Infrastructure.Tests.Repositories.GenericRepositoryTests.CrudRepositoryTests.DeleteAsync_DeletesSampleEmployeeById" computerName="SAI-W11" duration="00:00:00.0485098" startTime="2026-04-27T15:20:56.3111283+01:00" endTime="2026-04-27T15:20:56.3111286+01:00" testType="13cdc9d9-ddb5-4fa4-a97d-d965ccfc6d4b" outcome="Passed" testListId="8c84fa94-04c1-424b-9868-57a2d4851a1d" relativeResultsDirectory="391a610e-ab61-4598-96dc-d2cccb26228b" />
    <UnitTestResult executionId="58cde9dc-c07d-41ae-a35f-32116de45300" testId="03b6df63-97a2-4d33-2101-7f83ed454113" testName="Sai.DealAssistant.Infrastructure.Tests.Repositories.GenericRepositoryTests.ReadRepositoryTests.GetAll_FilteredBySecondNameThanByEmail" computerName="SAI-W11" duration="00:00:00.0427611" startTime="2026-04-27T15:20:57.0006828+01:00" endTime="2026-04-27T15:20:57.0006829+01:00" testType="13cdc9d9-ddb5-4fa4-a97d-d965ccfc6d4b" outcome="Passed" testListId="8c84fa94-04c1-424b-9868-57a2d4851a1d" relativeResultsDirectory="58cde9dc-c07d-41ae-a35f-32116de45300" />
    <UnitTestResult executionId="e771107c-bffc-49dd-81f2-5395712956fb" testId="a8620362-50a4-f444-677e-3025fd0e754f" testName="Sai.DealAssistant.Infrastructure.Tests.Repositories.GenericRepositoryTests.ReadRepositoryTests.GetAll_ReturnsAll" computerName="SAI-W11" duration="00:00:00.0403373" startTime="2026-04-27T15:20:56.3957178+01:00" endTime="2026-04-27T15:20:56.3957184+01:00" testType="13cdc9d9-ddb5-4fa4-a97d-d965ccfc6d4b" outcome="Passed" testListId="8c84fa94-04c1-424b-9868-57a2d4851a1d" relativeResultsDirectory="e771107c-bffc-49dd-81f2-5395712956fb" />
    <UnitTestResult executionId="7c0e265f-ddea-47e2-8e28-9dd978463fa0" testId="d3cbe634-d457-aa4d-5f88-75cfb62e3771" testName="Sai.DealAssistant.Infrastructure.Tests.Persistence.DenormFieldsTests.UpdateDeal_FirmIdUnchanged_DoesNotChangeDenormFirmName" computerName="SAI-W11" duration="00:00:10.2774317" startTime="2026-04-27T15:22:35.9152867+01:00" endTime="2026-04-27T15:22:35.9152869+01:00" testType="13cdc9d9-ddb5-4fa4-a97d-d965ccfc6d4b" outcome="Passed" testListId="8c84fa94-04c1-424b-9868-57a2d4851a1d" relativeResultsDirectory="7c0e265f-ddea-47e2-8e28-9dd978463fa0" />
    <UnitTestResult executionId="2d043999-cfca-4548-a157-28269809c746" testId="fbe1a45a-ea29-5e55-ae65-7274ab0de3b1" testName="Sai.DealAssistant.Infrastructure.Tests.Repositories.GenericRepositoryTests.CrudRepositoryTests.DeleteAsync_ForNonExistingId_ReturnsNull" computerName="SAI-W11" duration="00:00:00.0479776" startTime="2026-04-27T15:20:56.4075862+01:00" endTime="2026-04-27T15:20:56.4075864+01:00" testType="13cdc9d9-ddb5-4fa4-a97d-d965ccfc6d4b" outcome="Passed" testListId="8c84fa94-04c1-424b-9868-57a2d4851a1d" relativeResultsDirectory="2d043999-cfca-4548-a157-28269809c746" />
    <UnitTestResult executionId="bb92ce0f-736d-4862-a194-a4483d916935" testId="d81382b6-74ad-b86b-99ea-3177e5a4a7b0" testName="Sai.DealAssistant.Infrastructure.Tests.Repositories.GenericRepositoryTests.ReadRepositoryTests.SelectPagedAsync_ReturnsFiltered_SortDefault_FirstPage" computerName="SAI-W11" duration="00:00:00.0364555" startTime="2026-04-27T15:20:56.9577402+01:00" endTime="2026-04-27T15:20:56.9577407+01:00" testType="13cdc9d9-ddb5-4fa4-a97d-d965ccfc6d4b" outcome="Passed" testListId="8c84fa94-04c1-424b-9868-57a2d4851a1d" relativeResultsDirectory="bb92ce0f-736d-4862-a194-a4483d916935" />
    <UnitTestResult executionId="c48bc11b-7951-4de7-8c31-de0b8545dc52" testId="cc459ca6-39a6-38b1-cef5-05d96d911ed4" testName="Sai.DealAssistant.Infrastructure.Tests.Persistence.DenormFieldsTests.DeleteEvent_WhenOnlyEvent_ClearsDenormLastActionDate" computerName="SAI-W11" duration="00:00:10.4410901" startTime="2026-04-27T15:22:14.9051733+01:00" endTime="2026-04-27T15:22:14.9051734+01:00" testType="13cdc9d9-ddb5-4fa4-a97d-d965ccfc6d4b" outcome="Passed" testListId="8c84fa94-04c1-424b-9868-57a2d4851a1d" relativeResultsDirectory="c48bc11b-7951-4de7-8c31-de0b8545dc52" />
    <UnitTestResult executionId="da3305e9-e85e-4aaf-af6d-7b5853b03c49" testId="922816f5-8bbb-2c17-06c3-26ed0a0b4108" testName="Sai.DealAssistant.Infrastructure.Tests.Repositories.GenericRepositoryTests.ReadRepositoryTests.SelectAsync_ReturnsFiltered" computerName="SAI-W11" duration="00:00:00.0304080" startTime="2026-04-27T15:20:56.7599820+01:00" endTime="2026-04-27T15:20:56.7599823+01:00" testType="13cdc9d9-ddb5-4fa4-a97d-d965ccfc6d4b" outcome="Passed" testListId="8c84fa94-04c1-424b-9868-57a2d4851a1d" relativeResultsDirectory="da3305e9-e85e-4aaf-af6d-7b5853b03c49" />
    <UnitTestResult executionId="d92245d5-e315-472b-8caa-56d9648c701f" testId="5b7f3d86-82c9-9ed6-004b-48b6a036a044" testName="Sai.DealAssistant.Infrastructure.Tests.Repositories.GenericRepositoryTests.FieldUpdateRepositoryTests.UpdateFieldAsync_UpdatesNumericField" computerName="SAI-W11" duration="00:00:01.1669512" startTime="2026-04-27T15:20:55.8570177+01:00" endTime="2026-04-27T15:20:55.8570486+01:00" testType="13cdc9d9-ddb5-4fa4-a97d-d965ccfc6d4b" outcome="Passed" testListId="8c84fa94-04c1-424b-9868-57a2d4851a1d" relativeResultsDirectory="d92245d5-e315-472b-8caa-56d9648c701f" />
    <UnitTestResult executionId="0ec8b0ba-0ab0-4448-a300-2bd06eebec43" testId="821793b1-eb91-c7a3-2bb7-a418da5c2f9d" testName="Sai.DealAssistant.Infrastructure.Tests.Persistence.DenormFieldsTests.CreateDeal_SetsDenormFirmName" computerName="SAI-W11" duration="00:00:12.7955281" startTime="2026-04-27T15:22:04.4619774+01:00" endTime="2026-04-27T15:22:04.4619777+01:00" testType="13cdc9d9-ddb5-4fa4-a97d-d965ccfc6d4b" outcome="Passed" testListId="8c84fa94-04c1-424b-9868-57a2d4851a1d" relativeResultsDirectory="0ec8b0ba-0ab0-4448-a300-2bd06eebec43" />
    <UnitTestResult executionId="435200e3-958e-4e42-800b-84ca9a23c973" testId="4f50c7e4-27c1-b6ae-f410-bc87cd6855b7" testName="Sai.DealAssistant.Infrastructure.Tests.Repositories.GenericRepositoryTests.CrudRepositoryTests.UpdateAsync_WithChangedName_UpdatesSampleEmployee" computerName="SAI-W11" duration="00:00:00.2615968" startTime="2026-04-27T15:20:56.2425580+01:00" endTime="2026-04-27T15:20:56.2425584+01:00" testType="13cdc9d9-ddb5-4fa4-a97d-d965ccfc6d4b" outcome="Passed" testListId="8c84fa94-04c1-424b-9868-57a2d4851a1d" relativeResultsDirectory="435200e3-958e-4e42-800b-84ca9a23c973" />
    <UnitTestResult executionId="9c1309ff-2f58-4e21-89aa-8f14cea0b4dd" testId="a9a149e2-684b-29cd-32ba-3268edaa6702" testName="Sai.DealAssistant.Infrastructure.Tests.Repositories.GenericRepositoryTests.ReadRepositoryTests.CountAsync_ReturnsFiltered" computerName="SAI-W11" duration="00:00:01.5384327" startTime="2026-04-27T15:20:56.2164556+01:00" endTime="2026-04-27T15:20:56.2164560+01:00" testType="13cdc9d9-ddb5-4fa4-a97d-d965ccfc6d4b" outcome="Passed" testListId="8c84fa94-04c1-424b-9868-57a2d4851a1d" relativeResultsDirectory="9c1309ff-2f58-4e21-89aa-8f14cea0b4dd" />
    <UnitTestResult executionId="3cb51abe-cbc6-4289-8d2a-98e3af312fd3" testId="f111b91a-dee7-b574-1506-4287bc17fba1" testName="Sai.DealAssistant.Infrastructure.Tests.Repositories.GenericRepositoryTests.ReadRepositoryTests.SelectAsync_ReturnsAll" computerName="SAI-W11" duration="00:00:00.0970261" startTime="2026-04-27T15:20:56.3136238+01:00" endTime="2026-04-27T15:20:56.3136240+01:00" testType="13cdc9d9-ddb5-4fa4-a97d-d965ccfc6d4b" outcome="Passed" testListId="8c84fa94-04c1-424b-9868-57a2d4851a1d" relativeResultsDirectory="3cb51abe-cbc6-4289-8d2a-98e3af312fd3" />
    <UnitTestResult executionId="458265e7-479a-40c0-97cb-465f6182fcac" testId="a0343a1f-04a1-5c88-b3ed-7007324c208d" testName="Sai.DealAssistant.Infrastructure.Tests.Repositories.GenericRepositoryTests.ReadRepositoryTests.ApplySorting_ThrowsArgumentNullException_ForColumn" computerName="SAI-W11" duration="00:00:00.0237996" startTime="2026-04-27T15:20:56.6296389+01:00" endTime="2026-04-27T15:20:56.6296390+01:00" testType="13cdc9d9-ddb5-4fa4-a97d-d965ccfc6d4b" outcome="Passed" testListId="8c84fa94-04c1-424b-9868-57a2d4851a1d" relativeResultsDirectory="458265e7-479a-40c0-97cb-465f6182fcac" />
    <UnitTestResult executionId="1ad20405-22ff-437e-a03a-bc773f7c2cc1" testId="ac7497d6-71b5-64e8-1c5b-0938ffdf0299" testName="Sai.DealAssistant.Infrastructure.Tests.Repositories.GenericRepositoryTests.ReadRepositoryTests.SelectPagedAsync_ThrowsInvalidSortColumnException" computerName="SAI-W11" duration="00:00:00.0250655" startTime="2026-04-27T15:20:56.9209848+01:00" endTime="2026-04-27T15:20:56.9209852+01:00" testType="13cdc9d9-ddb5-4fa4-a97d-d965ccfc6d4b" outcome="Passed" testListId="8c84fa94-04c1-424b-9868-57a2d4851a1d" relativeResultsDirectory="1ad20405-22ff-437e-a03a-bc773f7c2cc1" />
    <UnitTestResult executionId="ccda763a-03bf-4b25-894d-c2d71f57a666" testId="e2c108e4-5239-e09a-752b-7b6bd3fb2261" testName="Sai.DealAssistant.Infrastructure.Tests.Repositories.GenericRepositoryTests.ReadRepositoryTests.ApplySorting_SortsAscending" computerName="SAI-W11" duration="00:00:00.0253784" startTime="2026-04-27T15:20:56.6067863+01:00" endTime="2026-04-27T15:20:56.6067865+01:00" testType="13cdc9d9-ddb5-4fa4-a97d-d965ccfc6d4b" outcome="Passed" testListId="8c84fa94-04c1-424b-9868-57a2d4851a1d" relativeResultsDirectory="ccda763a-03bf-4b25-894d-c2d71f57a666" />
    <UnitTestResult executionId="9bfb0177-7181-40e2-ab73-f8b3185f60d8" testId="c60741ba-ce87-4389-62b6-abfaecce0cb4" testName="Sai.DealAssistant.Infrastructure.Tests.Repositories.GenericRepositoryTests.CrudRepositoryTests.DeleteAsync_DeletesSampleEmployee" computerName="SAI-W11" duration="00:00:00.0354663" startTime="2026-04-27T15:20:56.4431881+01:00" endTime="2026-04-27T15:20:56.4431885+01:00" testType="13cdc9d9-ddb5-4fa4-a97d-d965ccfc6d4b" outcome="Passed" testListId="8c84fa94-04c1-424b-9868-57a2d4851a1d" relativeResultsDirectory="9bfb0177-7181-40e2-ab73-f8b3185f60d8" />
    <UnitTestResult executionId="b448481a-2440-403e-9f26-b2406fb2cbac" testId="d7298ef1-0749-4da1-78d7-984e46e41f0d" testName="Sai.DealAssistant.Infrastructure.Tests.Persistence.DenormFieldsTests.CreateMultipleEvents_SetsDenormLastActionDateToMax" computerName="SAI-W11" duration="00:00:10.3647787" startTime="2026-04-27T15:22:56.3294695+01:00" endTime="2026-04-27T15:22:56.3294696+01:00" testType="13cdc9d9-ddb5-4fa4-a97d-d965ccfc6d4b" outcome="Passed" testListId="8c84fa94-04c1-424b-9868-57a2d4851a1d" relativeResultsDirectory="b448481a-2440-403e-9f26-b2406fb2cbac" />
    <UnitTestResult executionId="06c76f6c-d4bf-4275-9247-96af0fa9819b" testId="f8f98c89-f6e3-4ae5-ba70-dc160420889d" testName="Sai.DealAssistant.Infrastructure.Tests.Repositories.GenericRepositoryTests.ReadRepositoryTests.GetAll_FilteredByCustomerId" computerName="SAI-W11" duration="00:00:00.0293689" startTime="2026-04-27T15:20:56.8666482+01:00" endTime="2026-04-27T15:20:56.8666484+01:00" testType="13cdc9d9-ddb5-4fa4-a97d-d965ccfc6d4b" outcome="Passed" testListId="8c84fa94-04c1-424b-9868-57a2d4851a1d" relativeResultsDirectory="06c76f6c-d4bf-4275-9247-96af0fa9819b" />
    <UnitTestResult executionId="7af41974-f435-4ae7-9725-3f7d5ea7d22a" testId="bfe814d8-c538-93de-ef56-a817cf11863a" testName="Sai.DealAssistant.Infrastructure.Tests.Repositories.GenericRepositoryTests.ReadRepositoryTests.SelectPagedAsync_ReturnsAll_SortByEmail_LastPage" computerName="SAI-W11" duration="00:00:00.0321894" startTime="2026-04-27T15:20:56.7296282+01:00" endTime="2026-04-27T15:20:56.7296283+01:00" testType="13cdc9d9-ddb5-4fa4-a97d-d965ccfc6d4b" outcome="Passed" testListId="8c84fa94-04c1-424b-9868-57a2d4851a1d" relativeResultsDirectory="7af41974-f435-4ae7-9725-3f7d5ea7d22a" />
    <UnitTestResult executionId="00cacc86-8ea9-4d76-9cc6-fd4dec10eeca" testId="f8a80593-625b-555b-eb20-9b507c35dc99" testName="Sai.DealAssistant.Infrastructure.Tests.Repositories.GenericRepositoryTests.FieldUpdateRepositoryTests.UpdateFieldAsync_UpdatesDateField" computerName="SAI-W11" duration="00:00:00.0154729" startTime="2026-04-27T15:20:55.9422727+01:00" endTime="2026-04-27T15:20:55.9422728+01:00" testType="13cdc9d9-ddb5-4fa4-a97d-d965ccfc6d4b" outcome="Passed" testListId="8c84fa94-04c1-424b-9868-57a2d4851a1d" relativeResultsDirectory="00cacc86-8ea9-4d76-9cc6-fd4dec10eeca" />
    <UnitTestResult executionId="6e7afbe0-75bc-46c9-b29b-887fcd162bcb" testId="fd7bed65-2efb-3e90-0c1a-e47dc5ccec0a" testName="Sai.DealAssistant.Infrastructure.Tests.Persistence.DenormFieldsTests.UpdateDeal_FirmIdChanged_UpdatesDenormFirmName" computerName="SAI-W11" duration="00:00:10.7322910" startTime="2026-04-27T15:22:25.6376290+01:00" endTime="2026-04-27T15:22:25.6376291+01:00" testType="13cdc9d9-ddb5-4fa4-a97d-d965ccfc6d4b" outcome="Passed" testListId="8c84fa94-04c1-424b-9868-57a2d4851a1d" relativeResultsDirectory="6e7afbe0-75bc-46c9-b29b-887fcd162bcb" />
    <UnitTestResult executionId="5cb26f26-6890-4771-b911-b7977c307193" testId="320b8350-8c67-b05d-edb2-e11fae16e998" testName="Sai.DealAssistant.Infrastructure.Tests.Repositories.GenericRepositoryTests.ReadRepositoryTests.SelectPagedAsync_ReturnsAll_SortDefault_FirstPage" computerName="SAI-W11" duration="00:00:00.0255326" startTime="2026-04-27T15:20:56.8118955+01:00" endTime="2026-04-27T15:20:56.8118957+01:00" testType="13cdc9d9-ddb5-4fa4-a97d-d965ccfc6d4b" outcome="Passed" testListId="8c84fa94-04c1-424b-9868-57a2d4851a1d" relativeResultsDirectory="5cb26f26-6890-4771-b911-b7977c307193" />
    <UnitTestResult executionId="c1a79e61-53e6-4e75-bfb8-25048f40796f" testId="7e2b956a-20da-d288-c32e-fdfd7d19156c" testName="Sai.DealAssistant.Infrastructure.Tests.Repositories.GenericRepositoryTests.FieldUpdateRepositoryTests.UpdateFieldAsync_TableNotExists_Throws" computerName="SAI-W11" duration="00:00:00.0018708" startTime="2026-04-27T15:20:55.9640507+01:00" endTime="2026-04-27T15:20:55.9640511+01:00" testType="13cdc9d9-ddb5-4fa4-a97d-d965ccfc6d4b" outcome="Passed" testListId="8c84fa94-04c1-424b-9868-57a2d4851a1d" relativeResultsDirectory="c1a79e61-53e6-4e75-bfb8-25048f40796f" />
    <UnitTestResult executionId="e6dde311-25c0-44fb-85a4-b0220084e85f" testId="85d1b520-9d63-3696-a0df-1f1be2cbe478" testName="Sai.DealAssistant.Infrastructure.Tests.Persistence.DenormFieldsTests.UpdateEvent_DateChanged_UpdatesDenormLastActionDate" computerName="SAI-W11" duration="00:00:18.5658563" startTime="2026-04-27T15:21:51.6633701+01:00" endTime="2026-04-27T15:21:51.6633703+01:00" testType="13cdc9d9-ddb5-4fa4-a97d-d965ccfc6d4b" outcome="Passed" testListId="8c84fa94-04c1-424b-9868-57a2d4851a1d" relativeResultsDirectory="e6dde311-25c0-44fb-85a4-b0220084e85f" />
    <UnitTestResult executionId="d1309128-c635-48ee-9d9b-258209f18554" testId="0b38bb53-002a-e188-4fe2-417fb886c207" testName="Sai.DealAssistant.Infrastructure.Tests.Repositories.GenericRepositoryTests.ReadRepositoryTests.SelectPagedAsync_AfterLastPage_ShouldBeEmpty" computerName="SAI-W11" duration="00:00:00.0254640" startTime="2026-04-27T15:20:56.6971216+01:00" endTime="2026-04-27T15:20:56.6971219+01:00" testType="13cdc9d9-ddb5-4fa4-a97d-d965ccfc6d4b" outcome="Passed" testListId="8c84fa94-04c1-424b-9868-57a2d4851a1d" relativeResultsDirectory="d1309128-c635-48ee-9d9b-258209f18554" />
    <UnitTestResult executionId="e9ab8ba3-fa28-4a79-9a03-8f1fd88f08cb" testId="7575dc31-5f20-6d05-ee77-1b6005ffa4e1" testName="Sai.DealAssistant.Infrastructure.Tests.Repositories.GenericRepositoryTests.ReadRepositoryTests.ApplySorting_ThrowsInvalidSortColumnException" computerName="SAI-W11" duration="00:00:00.0414828" startTime="2026-04-27T15:20:56.3552553+01:00" endTime="2026-04-27T15:20:56.3552557+01:00" testType="13cdc9d9-ddb5-4fa4-a97d-d965ccfc6d4b" outcome="Passed" testListId="8c84fa94-04c1-424b-9868-57a2d4851a1d" relativeResultsDirectory="e9ab8ba3-fa28-4a79-9a03-8f1fd88f08cb" />
    <UnitTestResult executionId="bfc653fd-882a-4ec0-87a1-72723dc6177e" testId="9704f739-0251-d674-9762-c0620410d507" testName="Sai.DealAssistant.Infrastructure.Tests.Repositories.GenericRepositoryTests.CrudRepositoryTests.CreateAsync_CreatesSampleEmployee" computerName="SAI-W11" duration="00:00:00.0680550" startTime="2026-04-27T15:20:56.3594576+01:00" endTime="2026-04-27T15:20:56.3594580+01:00" testType="13cdc9d9-ddb5-4fa4-a97d-d965ccfc6d4b" outcome="Passed" testListId="8c84fa94-04c1-424b-9868-57a2d4851a1d" relativeResultsDirectory="bfc653fd-882a-4ec0-87a1-72723dc6177e" />
    <UnitTestResult executionId="a9ea33a0-ab7b-47ad-b365-604650f4a1f7" testId="a8d65476-b903-071b-760c-2ad4f4d33be6" testName="Sai.DealAssistant.Infrastructure.Tests.Repositories.GenericRepositoryTests.FieldUpdateRepositoryTests.UpdateFieldAsync_ColumnNotExists_Throws" computerName="SAI-W11" duration="00:00:00.0253228" startTime="2026-04-27T15:20:55.9354985+01:00" endTime="2026-04-27T15:20:55.9354985+01:00" testType="13cdc9d9-ddb5-4fa4-a97d-d965ccfc6d4b" outcome="Passed" testListId="8c84fa94-04c1-424b-9868-57a2d4851a1d" relativeResultsDirectory="a9ea33a0-ab7b-47ad-b365-604650f4a1f7" />
    <UnitTestResult executionId="d9fb4539-4553-462e-ab53-74bc189d80e8" testId="f38b4d81-fd18-5172-e695-fab88f35652d" testName="Sai.DealAssistant.Infrastructure.Tests.Repositories.GenericRepositoryTests.ReadRepositoryTests.FirstOrDefaultAsync_ReturnsNull_WhenItemDoesNotExist" computerName="SAI-W11" duration="00:00:00.0295055" startTime="2026-04-27T15:20:56.4992938+01:00" endTime="2026-04-27T15:20:56.4992940+01:00" testType="13cdc9d9-ddb5-4fa4-a97d-d965ccfc6d4b" outcome="Passed" testListId="8c84fa94-04c1-424b-9868-57a2d4851a1d" relativeResultsDirectory="d9fb4539-4553-462e-ab53-74bc189d80e8" />
  </Results>
  <TestDefinitions>
    <UnitTest name="Sai.DealAssistant.Infrastructure.Tests.Repositories.GenericRepositoryTests.CrudRepositoryTests.CreateAsync_CreatesSampleEmployee" storage="c:\_proj\sai.dealassistant\sai-deal-assistant-backend\src\tests\sai.dealassistant.infrastructure.tests\bin\debug\net8.0\sai.dealassistant.infrastructure.tests.dll" id="9704f739-0251-d674-9762-c0620410d507">
      <Execution id="bfc653fd-882a-4ec0-87a1-72723dc6177e" />
      <TestMethod codeBase="C:\_PROJ\Sai.DealAssistant\sai-deal-assistant-backend\src\Tests\Sai.DealAssistant.Infrastructure.Tests\bin\Debug\net8.0\Sai.DealAssistant.Infrastructure.Tests.dll" adapterTypeName="executor://xunit/VsTestRunner2/netcoreapp" className="Sai.DealAssistant.Infrastructure.Tests.Repositories.GenericRepositoryTests.CrudRepositoryTests" name="CreateAsync_CreatesSampleEmployee" />
    </UnitTest>
    <UnitTest name="Sai.DealAssistant.Infrastructure.Tests.Persistence.DenormFieldsTests.UpdateDeal_FirmIdChanged_UpdatesDenormFirmName" storage="c:\_proj\sai.dealassistant\sai-deal-assistant-backend\src\tests\sai.dealassistant.infrastructure.tests\bin\debug\net8.0\sai.dealassistant.infrastructure.tests.dll" id="fd7bed65-2efb-3e90-0c1a-e47dc5ccec0a">
      <Execution id="6e7afbe0-75bc-46c9-b29b-887fcd162bcb" />
      <TestMethod codeBase="C:\_PROJ\Sai.DealAssistant\sai-deal-assistant-backend\src\Tests\Sai.DealAssistant.Infrastructure.Tests\bin\Debug\net8.0\Sai.DealAssistant.Infrastructure.Tests.dll" adapterTypeName="executor://xunit/VsTestRunner2/netcoreapp" className="Sai.DealAssistant.Infrastructure.Tests.Persistence.DenormFieldsTests" name="UpdateDeal_FirmIdChanged_UpdatesDenormFirmName" />
    </UnitTest>
    <UnitTest name="Sai.DealAssistant.Infrastructure.Tests.Persistence.DenormFieldsTests.DeleteEvent_WhenOnlyEvent_ClearsDenormLastActionDate" storage="c:\_proj\sai.dealassistant\sai-deal-assistant-backend\src\tests\sai.dealassistant.infrastructure.tests\bin\debug\net8.0\sai.dealassistant.infrastructure.tests.dll" id="cc459ca6-39a6-38b1-cef5-05d96d911ed4">
      <Execution id="c48bc11b-7951-4de7-8c31-de0b8545dc52" />
      <TestMethod codeBase="C:\_PROJ\Sai.DealAssistant\sai-deal-assistant-backend\src\Tests\Sai.DealAssistant.Infrastructure.Tests\bin\Debug\net8.0\Sai.DealAssistant.Infrastructure.Tests.dll" adapterTypeName="executor://xunit/VsTestRunner2/netcoreapp" className="Sai.DealAssistant.Infrastructure.Tests.Persistence.DenormFieldsTests" name="DeleteEvent_WhenOnlyEvent_ClearsDenormLastActionDate" />
    </UnitTest>
    <UnitTest name="Sai.DealAssistant.Infrastructure.Tests.Repositories.GenericRepositoryTests.ReadRepositoryTests.ApplySorting_SortsDescending" storage="c:\_proj\sai.dealassistant\sai-deal-assistant-backend\src\tests\sai.dealassistant.infrastructure.tests\bin\debug\net8.0\sai.dealassistant.infrastructure.tests.dll" id="4c2e6fe7-2828-2971-df3a-e3ed0ec580cb">
      <Execution id="cae18016-1ff1-4b44-a927-70641df11041" />
      <TestMethod codeBase="C:\_PROJ\Sai.DealAssistant\sai-deal-assistant-backend\src\Tests\Sai.DealAssistant.Infrastructure.Tests\bin\Debug\net8.0\Sai.DealAssistant.Infrastructure.Tests.dll" adapterTypeName="executor://xunit/VsTestRunner2/netcoreapp" className="Sai.DealAssistant.Infrastructure.Tests.Repositories.GenericRepositoryTests.ReadRepositoryTests" name="ApplySorting_SortsDescending" />
    </UnitTest>
    <UnitTest name="Sai.DealAssistant.Infrastructure.Tests.Repositories.GenericRepositoryTests.ReadRepositoryTests.SelectPagedAsync_ReturnsAll_SortDefault_FirstPage" storage="c:\_proj\sai.dealassistant\sai-deal-assistant-backend\src\tests\sai.dealassistant.infrastructure.tests\bin\debug\net8.0\sai.dealassistant.infrastructure.tests.dll" id="320b8350-8c67-b05d-edb2-e11fae16e998">
      <Execution id="5cb26f26-6890-4771-b911-b7977c307193" />
      <TestMethod codeBase="C:\_PROJ\Sai.DealAssistant\sai-deal-assistant-backend\src\Tests\Sai.DealAssistant.Infrastructure.Tests\bin\Debug\net8.0\Sai.DealAssistant.Infrastructure.Tests.dll" adapterTypeName="executor://xunit/VsTestRunner2/netcoreapp" className="Sai.DealAssistant.Infrastructure.Tests.Repositories.GenericRepositoryTests.ReadRepositoryTests" name="SelectPagedAsync_ReturnsAll_SortDefault_FirstPage" />
    </UnitTest>
    <UnitTest name="Sai.DealAssistant.Infrastructure.Tests.Repositories.GenericRepositoryTests.FieldUpdateRepositoryTests.UpdateFieldAsync_UpdatesDateField" storage="c:\_proj\sai.dealassistant\sai-deal-assistant-backend\src\tests\sai.dealassistant.infrastructure.tests\bin\debug\net8.0\sai.dealassistant.infrastructure.tests.dll" id="f8a80593-625b-555b-eb20-9b507c35dc99">
      <Execution id="00cacc86-8ea9-4d76-9cc6-fd4dec10eeca" />
      <TestMethod codeBase="C:\_PROJ\Sai.DealAssistant\sai-deal-assistant-backend\src\Tests\Sai.DealAssistant.Infrastructure.Tests\bin\Debug\net8.0\Sai.DealAssistant.Infrastructure.Tests.dll" adapterTypeName="executor://xunit/VsTestRunner2/netcoreapp" className="Sai.DealAssistant.Infrastructure.Tests.Repositories.GenericRepositoryTests.FieldUpdateRepositoryTests" name="UpdateFieldAsync_UpdatesDateField" />
    </UnitTest>
    <UnitTest name="Sai.DealAssistant.Infrastructure.Tests.Repositories.GenericRepositoryTests.ReadRepositoryTests.ApplySorting_ThrowsArgumentNullException_ForColumn" storage="c:\_proj\sai.dealassistant\sai-deal-assistant-backend\src\tests\sai.dealassistant.infrastructure.tests\bin\debug\net8.0\sai.dealassistant.infrastructure.tests.dll" id="a0343a1f-04a1-5c88-b3ed-7007324c208d">
      <Execution id="458265e7-479a-40c0-97cb-465f6182fcac" />
      <TestMethod codeBase="C:\_PROJ\Sai.DealAssistant\sai-deal-assistant-backend\src\Tests\Sai.DealAssistant.Infrastructure.Tests\bin\Debug\net8.0\Sai.DealAssistant.Infrastructure.Tests.dll" adapterTypeName="executor://xunit/VsTestRunner2/netcoreapp" className="Sai.DealAssistant.Infrastructure.Tests.Repositories.GenericRepositoryTests.ReadRepositoryTests" name="ApplySorting_ThrowsArgumentNullException_ForColumn" />
    </UnitTest>
    <UnitTest name="Sai.DealAssistant.Infrastructure.Tests.Repositories.GenericRepositoryTests.EnumCache_Tests.GetAllAsync_ReturnsSeededDealTypes" storage="c:\_proj\sai.dealassistant\sai-deal-assistant-backend\src\tests\sai.dealassistant.infrastructure.tests\bin\debug\net8.0\sai.dealassistant.infrastructure.tests.dll" id="05b35716-8b80-c898-e9c0-db852b006064">
      <Execution id="6cfc307b-7100-4c95-a3ed-18ab3a92eed6" />
      <TestMethod codeBase="C:\_PROJ\Sai.DealAssistant\sai-deal-assistant-backend\src\Tests\Sai.DealAssistant.Infrastructure.Tests\bin\Debug\net8.0\Sai.DealAssistant.Infrastructure.Tests.dll" adapterTypeName="executor://xunit/VsTestRunner2/netcoreapp" className="Sai.DealAssistant.Infrastructure.Tests.Repositories.GenericRepositoryTests.EnumCache_Tests" name="GetAllAsync_ReturnsSeededDealTypes" />
    </UnitTest>
    <UnitTest name="Sai.DealAssistant.Infrastructure.Tests.Repositories.GenericRepositoryTests.CrudRepositoryTests.DeleteAsync_ForNonExistingId_ReturnsNull" storage="c:\_proj\sai.dealassistant\sai-deal-assistant-backend\src\tests\sai.dealassistant.infrastructure.tests\bin\debug\net8.0\sai.dealassistant.infrastructure.tests.dll" id="fbe1a45a-ea29-5e55-ae65-7274ab0de3b1">
      <Execution id="2d043999-cfca-4548-a157-28269809c746" />
      <TestMethod codeBase="C:\_PROJ\Sai.DealAssistant\sai-deal-assistant-backend\src\Tests\Sai.DealAssistant.Infrastructure.Tests\bin\Debug\net8.0\Sai.DealAssistant.Infrastructure.Tests.dll" adapterTypeName="executor://xunit/VsTestRunner2/netcoreapp" className="Sai.DealAssistant.Infrastructure.Tests.Repositories.GenericRepositoryTests.CrudRepositoryTests" name="DeleteAsync_ForNonExistingId_ReturnsNull" />
    </UnitTest>
    <UnitTest name="Sai.DealAssistant.Infrastructure.Tests.Repositories.GenericRepositoryTests.ReadRepositoryTests.CountAsync_ReturnsFiltered" storage="c:\_proj\sai.dealassistant\sai-deal-assistant-backend\src\tests\sai.dealassistant.infrastructure.tests\bin\debug\net8.0\sai.dealassistant.infrastructure.tests.dll" id="a9a149e2-684b-29cd-32ba-3268edaa6702">
      <Execution id="9c1309ff-2f58-4e21-89aa-8f14cea0b4dd" />
      <TestMethod codeBase="C:\_PROJ\Sai.DealAssistant\sai-deal-assistant-backend\src\Tests\Sai.DealAssistant.Infrastructure.Tests\bin\Debug\net8.0\Sai.DealAssistant.Infrastructure.Tests.dll" adapterTypeName="executor://xunit/VsTestRunner2/netcoreapp" className="Sai.DealAssistant.Infrastructure.Tests.Repositories.GenericRepositoryTests.ReadRepositoryTests" name="CountAsync_ReturnsFiltered" />
    </UnitTest>
    <UnitTest name="Sai.DealAssistant.Infrastructure.Tests.Repositories.GenericRepositoryTests.ReadRepositoryTests.SelectPagedAsync_ReturnsAll_SortByEmail_LastPage" storage="c:\_proj\sai.dealassistant\sai-deal-assistant-backend\src\tests\sai.dealassistant.infrastructure.tests\bin\debug\net8.0\sai.dealassistant.infrastructure.tests.dll" id="bfe814d8-c538-93de-ef56-a817cf11863a">
      <Execution id="7af41974-f435-4ae7-9725-3f7d5ea7d22a" />
      <TestMethod codeBase="C:\_PROJ\Sai.DealAssistant\sai-deal-assistant-backend\src\Tests\Sai.DealAssistant.Infrastructure.Tests\bin\Debug\net8.0\Sai.DealAssistant.Infrastructure.Tests.dll" adapterTypeName="executor://xunit/VsTestRunner2/netcoreapp" className="Sai.DealAssistant.Infrastructure.Tests.Repositories.GenericRepositoryTests.ReadRepositoryTests" name="SelectPagedAsync_ReturnsAll_SortByEmail_LastPage" />
    </UnitTest>
    <UnitTest name="Sai.DealAssistant.Infrastructure.Tests.Repositories.GenericRepositoryTests.ReadRepositoryTests.SelectPagedAsync_ThrowsInvalidSortColumnException" storage="c:\_proj\sai.dealassistant\sai-deal-assistant-backend\src\tests\sai.dealassistant.infrastructure.tests\bin\debug\net8.0\sai.dealassistant.infrastructure.tests.dll" id="ac7497d6-71b5-64e8-1c5b-0938ffdf0299">
      <Execution id="1ad20405-22ff-437e-a03a-bc773f7c2cc1" />
      <TestMethod codeBase="C:\_PROJ\Sai.DealAssistant\sai-deal-assistant-backend\src\Tests\Sai.DealAssistant.Infrastructure.Tests\bin\Debug\net8.0\Sai.DealAssistant.Infrastructure.Tests.dll" adapterTypeName="executor://xunit/VsTestRunner2/netcoreapp" className="Sai.DealAssistant.Infrastructure.Tests.Repositories.GenericRepositoryTests.ReadRepositoryTests" name="SelectPagedAsync_ThrowsInvalidSortColumnException" />
    </UnitTest>
    <UnitTest name="Sai.DealAssistant.Infrastructure.Tests.Persistence.DenormFieldsTests.CreateEvent_SetsDenormLastActionDate" storage="c:\_proj\sai.dealassistant\sai-deal-assistant-backend\src\tests\sai.dealassistant.infrastructure.tests\bin\debug\net8.0\sai.dealassistant.infrastructure.tests.dll" id="68c01459-f0e2-8b58-919c-b29ed90ee47e">
      <Execution id="75be5ab9-96df-4c68-a802-eb7a23ae18b0" />
      <TestMethod codeBase="C:\_PROJ\Sai.DealAssistant\sai-deal-assistant-backend\src\Tests\Sai.DealAssistant.Infrastructure.Tests\bin\Debug\net8.0\Sai.DealAssistant.Infrastructure.Tests.dll" adapterTypeName="executor://xunit/VsTestRunner2/netcoreapp" className="Sai.DealAssistant.Infrastructure.Tests.Persistence.DenormFieldsTests" name="CreateEvent_SetsDenormLastActionDate" />
    </UnitTest>
    <UnitTest name="Sai.DealAssistant.Infrastructure.Tests.Repositories.GenericRepositoryTests.CrudRepositoryTests.DeleteAsync_DeletesSampleEmployee" storage="c:\_proj\sai.dealassistant\sai-deal-assistant-backend\src\tests\sai.dealassistant.infrastructure.tests\bin\debug\net8.0\sai.dealassistant.infrastructure.tests.dll" id="c60741ba-ce87-4389-62b6-abfaecce0cb4">
      <Execution id="9bfb0177-7181-40e2-ab73-f8b3185f60d8" />
      <TestMethod codeBase="C:\_PROJ\Sai.DealAssistant\sai-deal-assistant-backend\src\Tests\Sai.DealAssistant.Infrastructure.Tests\bin\Debug\net8.0\Sai.DealAssistant.Infrastructure.Tests.dll" adapterTypeName="executor://xunit/VsTestRunner2/netcoreapp" className="Sai.DealAssistant.Infrastructure.Tests.Repositories.GenericRepositoryTests.CrudRepositoryTests" name="DeleteAsync_DeletesSampleEmployee" />
    </UnitTest>
    <UnitTest name="Sai.DealAssistant.Infrastructure.Tests.Repositories.GenericRepositoryTests.ReadRepositoryTests.SingleOrDefaultAsync_ReturnsItem_WhenItemExists" storage="c:\_proj\sai.dealassistant\sai-deal-assistant-backend\src\tests\sai.dealassistant.infrastructure.tests\bin\debug\net8.0\sai.dealassistant.infrastructure.tests.dll" id="f326dd1f-aedd-d307-7b9e-0fa5f3201931">
      <Execution id="8b692dd1-4090-4041-8e97-537a608aabb6" />
      <TestMethod codeBase="C:\_PROJ\Sai.DealAssistant\sai-deal-assistant-backend\src\Tests\Sai.DealAssistant.Infrastructure.Tests\bin\Debug\net8.0\Sai.DealAssistant.Infrastructure.Tests.dll" adapterTypeName="executor://xunit/VsTestRunner2/netcoreapp" className="Sai.DealAssistant.Infrastructure.Tests.Repositories.GenericRepositoryTests.ReadRepositoryTests" name="SingleOrDefaultAsync_ReturnsItem_WhenItemExists" />
    </UnitTest>
    <UnitTest name="Sai.DealAssistant.Infrastructure.Tests.Repositories.GenericRepositoryTests.FieldUpdateRepositoryTests.UpdateFieldAsync_UpdatesStringField" storage="c:\_proj\sai.dealassistant\sai-deal-assistant-backend\src\tests\sai.dealassistant.infrastructure.tests\bin\debug\net8.0\sai.dealassistant.infrastructure.tests.dll" id="25e0e243-3b2f-051b-5904-3623e34db590">
      <Execution id="a070aac8-3618-4a0b-947a-31c860fc2925" />
      <TestMethod codeBase="C:\_PROJ\Sai.DealAssistant\sai-deal-assistant-backend\src\Tests\Sai.DealAssistant.Infrastructure.Tests\bin\Debug\net8.0\Sai.DealAssistant.Infrastructure.Tests.dll" adapterTypeName="executor://xunit/VsTestRunner2/netcoreapp" className="Sai.DealAssistant.Infrastructure.Tests.Repositories.GenericRepositoryTests.FieldUpdateRepositoryTests" name="UpdateFieldAsync_UpdatesStringField" />
    </UnitTest>
    <UnitTest name="Sai.DealAssistant.Infrastructure.Tests.Repositories.GenericRepositoryTests.ReadRepositoryTests.ApplySorting_SortsAscending" storage="c:\_proj\sai.dealassistant\sai-deal-assistant-backend\src\tests\sai.dealassistant.infrastructure.tests\bin\debug\net8.0\sai.dealassistant.infrastructure.tests.dll" id="e2c108e4-5239-e09a-752b-7b6bd3fb2261">
      <Execution id="ccda763a-03bf-4b25-894d-c2d71f57a666" />
      <TestMethod codeBase="C:\_PROJ\Sai.DealAssistant\sai-deal-assistant-backend\src\Tests\Sai.DealAssistant.Infrastructure.Tests\bin\Debug\net8.0\Sai.DealAssistant.Infrastructure.Tests.dll" adapterTypeName="executor://xunit/VsTestRunner2/netcoreapp" className="Sai.DealAssistant.Infrastructure.Tests.Repositories.GenericRepositoryTests.ReadRepositoryTests" name="ApplySorting_SortsAscending" />
    </UnitTest>
    <UnitTest name="Sai.DealAssistant.Infrastructure.Tests.Repositories.GenericRepositoryTests.ReadRepositoryTests.ExistsAsync_ReturnsTrue_ForExistingEntity" storage="c:\_proj\sai.dealassistant\sai-deal-assistant-backend\src\tests\sai.dealassistant.infrastructure.tests\bin\debug\net8.0\sai.dealassistant.infrastructure.tests.dll" id="a967686b-33b4-f3f3-9890-0bc1992e4a31">
      <Execution id="60ee2d6b-4708-4ca3-a018-b39d8bcbaed4" />
      <TestMethod codeBase="C:\_PROJ\Sai.DealAssistant\sai-deal-assistant-backend\src\Tests\Sai.DealAssistant.Infrastructure.Tests\bin\Debug\net8.0\Sai.DealAssistant.Infrastructure.Tests.dll" adapterTypeName="executor://xunit/VsTestRunner2/netcoreapp" className="Sai.DealAssistant.Infrastructure.Tests.Repositories.GenericRepositoryTests.ReadRepositoryTests" name="ExistsAsync_ReturnsTrue_ForExistingEntity" />
    </UnitTest>
    <UnitTest name="Sai.DealAssistant.Infrastructure.Tests.Repositories.GenericRepositoryTests.ReadRepositoryTests.FirstOrDefaultAsync_ReturnsItem_WhenItemExists" storage="c:\_proj\sai.dealassistant\sai-deal-assistant-backend\src\tests\sai.dealassistant.infrastructure.tests\bin\debug\net8.0\sai.dealassistant.infrastructure.tests.dll" id="9817eabf-4a92-b4bd-b04c-d5bb5964faa6">
      <Execution id="8337bc67-3909-428e-a24c-c9f875b93636" />
      <TestMethod codeBase="C:\_PROJ\Sai.DealAssistant\sai-deal-assistant-backend\src\Tests\Sai.DealAssistant.Infrastructure.Tests\bin\Debug\net8.0\Sai.DealAssistant.Infrastructure.Tests.dll" adapterTypeName="executor://xunit/VsTestRunner2/netcoreapp" className="Sai.DealAssistant.Infrastructure.Tests.Repositories.GenericRepositoryTests.ReadRepositoryTests" name="FirstOrDefaultAsync_ReturnsItem_WhenItemExists" />
    </UnitTest>
    <UnitTest name="Sai.DealAssistant.Infrastructure.Tests.Persistence.DenormFieldsTests.CreateDeal_SetsDenormFirmName" storage="c:\_proj\sai.dealassistant\sai-deal-assistant-backend\src\tests\sai.dealassistant.infrastructure.tests\bin\debug\net8.0\sai.dealassistant.infrastructure.tests.dll" id="821793b1-eb91-c7a3-2bb7-a418da5c2f9d">
      <Execution id="0ec8b0ba-0ab0-4448-a300-2bd06eebec43" />
      <TestMethod codeBase="C:\_PROJ\Sai.DealAssistant\sai-deal-assistant-backend\src\Tests\Sai.DealAssistant.Infrastructure.Tests\bin\Debug\net8.0\Sai.DealAssistant.Infrastructure.Tests.dll" adapterTypeName="executor://xunit/VsTestRunner2/netcoreapp" className="Sai.DealAssistant.Infrastructure.Tests.Persistence.DenormFieldsTests" name="CreateDeal_SetsDenormFirmName" />
    </UnitTest>
    <UnitTest name="Sai.DealAssistant.Infrastructure.Tests.Repositories.GenericRepositoryTests.ReadRepositoryTests.SelectPagedAsync_ReturnsFiltered_SortDefault_FirstPage" storage="c:\_proj\sai.dealassistant\sai-deal-assistant-backend\src\tests\sai.dealassistant.infrastructure.tests\bin\debug\net8.0\sai.dealassistant.infrastructure.tests.dll" id="d81382b6-74ad-b86b-99ea-3177e5a4a7b0">
      <Execution id="bb92ce0f-736d-4862-a194-a4483d916935" />
      <TestMethod codeBase="C:\_PROJ\Sai.DealAssistant\sai-deal-assistant-backend\src\Tests\Sai.DealAssistant.Infrastructure.Tests\bin\Debug\net8.0\Sai.DealAssistant.Infrastructure.Tests.dll" adapterTypeName="executor://xunit/VsTestRunner2/netcoreapp" className="Sai.DealAssistant.Infrastructure.Tests.Repositories.GenericRepositoryTests.ReadRepositoryTests" name="SelectPagedAsync_ReturnsFiltered_SortDefault_FirstPage" />
    </UnitTest>
    <UnitTest name="Sai.DealAssistant.Infrastructure.Tests.UnitOfWork.UnitOfWorkTests.ExecuteResilientTransactionAsync_InputActionCompletesSuccessfully_BeginsAndCommitsTransaction" storage="c:\_proj\sai.dealassistant\sai-deal-assistant-backend\src\tests\sai.dealassistant.infrastructure.tests\bin\debug\net8.0\sai.dealassistant.infrastructure.tests.dll" id="193a0e43-3a47-5b22-3c7e-07c150be723a">
      <Execution id="678a3230-6ac0-4cb9-a473-1352b70b08cc" />
      <TestMethod codeBase="C:\_PROJ\Sai.DealAssistant\sai-deal-assistant-backend\src\Tests\Sai.DealAssistant.Infrastructure.Tests\bin\Debug\net8.0\Sai.DealAssistant.Infrastructure.Tests.dll" adapterTypeName="executor://xunit/VsTestRunner2/netcoreapp" className="Sai.DealAssistant.Infrastructure.Tests.UnitOfWork.UnitOfWorkTests" name="ExecuteResilientTransactionAsync_InputActionCompletesSuccessfully_BeginsAndCommitsTransaction" />
    </UnitTest>
    <UnitTest name="Sai.DealAssistant.Infrastructure.Tests.Persistence.DenormFieldsTests.UpdateEvent_DateChanged_UpdatesDenormLastActionDate" storage="c:\_proj\sai.dealassistant\sai-deal-assistant-backend\src\tests\sai.dealassistant.infrastructure.tests\bin\debug\net8.0\sai.dealassistant.infrastructure.tests.dll" id="85d1b520-9d63-3696-a0df-1f1be2cbe478">
      <Execution id="e6dde311-25c0-44fb-85a4-b0220084e85f" />
      <TestMethod codeBase="C:\_PROJ\Sai.DealAssistant\sai-deal-assistant-backend\src\Tests\Sai.DealAssistant.Infrastructure.Tests\bin\Debug\net8.0\Sai.DealAssistant.Infrastructure.Tests.dll" adapterTypeName="executor://xunit/VsTestRunner2/netcoreapp" className="Sai.DealAssistant.Infrastructure.Tests.Persistence.DenormFieldsTests" name="UpdateEvent_DateChanged_UpdatesDenormLastActionDate" />
    </UnitTest>
    <UnitTest name="Sai.DealAssistant.Infrastructure.Tests.Repositories.GenericRepositoryTests.FieldUpdateRepositoryTests.UpdateFieldAsync_UpdatesNumericField" storage="c:\_proj\sai.dealassistant\sai-deal-assistant-backend\src\tests\sai.dealassistant.infrastructure.tests\bin\debug\net8.0\sai.dealassistant.infrastructure.tests.dll" id="5b7f3d86-82c9-9ed6-004b-48b6a036a044">
      <Execution id="d92245d5-e315-472b-8caa-56d9648c701f" />
      <TestMethod codeBase="C:\_PROJ\Sai.DealAssistant\sai-deal-assistant-backend\src\Tests\Sai.DealAssistant.Infrastructure.Tests\bin\Debug\net8.0\Sai.DealAssistant.Infrastructure.Tests.dll" adapterTypeName="executor://xunit/VsTestRunner2/netcoreapp" className="Sai.DealAssistant.Infrastructure.Tests.Repositories.GenericRepositoryTests.FieldUpdateRepositoryTests" name="UpdateFieldAsync_UpdatesNumericField" />
    </UnitTest>
    <UnitTest name="Sai.DealAssistant.Infrastructure.Tests.Repositories.GenericRepositoryTests.ReadRepositoryTests.GetAll_FilteredByCustomerId" storage="c:\_proj\sai.dealassistant\sai-deal-assistant-backend\src\tests\sai.dealassistant.infrastructure.tests\bin\debug\net8.0\sai.dealassistant.infrastructure.tests.dll" id="f8f98c89-f6e3-4ae5-ba70-dc160420889d">
      <Execution id="06c76f6c-d4bf-4275-9247-96af0fa9819b" />
      <TestMethod codeBase="C:\_PROJ\Sai.DealAssistant\sai-deal-assistant-backend\src\Tests\Sai.DealAssistant.Infrastructure.Tests\bin\Debug\net8.0\Sai.DealAssistant.Infrastructure.Tests.dll" adapterTypeName="executor://xunit/VsTestRunner2/netcoreapp" className="Sai.DealAssistant.Infrastructure.Tests.Repositories.GenericRepositoryTests.ReadRepositoryTests" name="GetAll_FilteredByCustomerId" />
    </UnitTest>
    <UnitTest name="Sai.DealAssistant.Infrastructure.Tests.Repositories.GenericRepositoryTests.ReadRepositoryTests.ExistsAsync_ReturnsFalse_WhenItemDoesNotExist" storage="c:\_proj\sai.dealassistant\sai-deal-assistant-backend\src\tests\sai.dealassistant.infrastructure.tests\bin\debug\net8.0\sai.dealassistant.infrastructure.tests.dll" id="6935523f-f65e-d0cf-c3f6-365262a1a7ea">
      <Execution id="0a82e205-3461-49ff-ad2f-f2c303f857f5" />
      <TestMethod codeBase="C:\_PROJ\Sai.DealAssistant\sai-deal-assistant-backend\src\Tests\Sai.DealAssistant.Infrastructure.Tests\bin\Debug\net8.0\Sai.DealAssistant.Infrastructure.Tests.dll" adapterTypeName="executor://xunit/VsTestRunner2/netcoreapp" className="Sai.DealAssistant.Infrastructure.Tests.Repositories.GenericRepositoryTests.ReadRepositoryTests" name="ExistsAsync_ReturnsFalse_WhenItemDoesNotExist" />
    </UnitTest>
    <UnitTest name="Sai.DealAssistant.Infrastructure.Tests.Persistence.DenormFieldsTests.CreateMultipleEvents_SetsDenormLastActionDateToMax" storage="c:\_proj\sai.dealassistant\sai-deal-assistant-backend\src\tests\sai.dealassistant.infrastructure.tests\bin\debug\net8.0\sai.dealassistant.infrastructure.tests.dll" id="d7298ef1-0749-4da1-78d7-984e46e41f0d">
      <Execution id="b448481a-2440-403e-9f26-b2406fb2cbac" />
      <TestMethod codeBase="C:\_PROJ\Sai.DealAssistant\sai-deal-assistant-backend\src\Tests\Sai.DealAssistant.Infrastructure.Tests\bin\Debug\net8.0\Sai.DealAssistant.Infrastructure.Tests.dll" adapterTypeName="executor://xunit/VsTestRunner2/netcoreapp" className="Sai.DealAssistant.Infrastructure.Tests.Persistence.DenormFieldsTests" name="CreateMultipleEvents_SetsDenormLastActionDateToMax" />
    </UnitTest>
    <UnitTest name="Sai.DealAssistant.Infrastructure.Tests.Persistence.DenormFieldsTests.UpdateDeal_FirmIdUnchanged_DoesNotChangeDenormFirmName" storage="c:\_proj\sai.dealassistant\sai-deal-assistant-backend\src\tests\sai.dealassistant.infrastructure.tests\bin\debug\net8.0\sai.dealassistant.infrastructure.tests.dll" id="d3cbe634-d457-aa4d-5f88-75cfb62e3771">
      <Execution id="7c0e265f-ddea-47e2-8e28-9dd978463fa0" />
      <TestMethod codeBase="C:\_PROJ\Sai.DealAssistant\sai-deal-assistant-backend\src\Tests\Sai.DealAssistant.Infrastructure.Tests\bin\Debug\net8.0\Sai.DealAssistant.Infrastructure.Tests.dll" adapterTypeName="executor://xunit/VsTestRunner2/netcoreapp" className="Sai.DealAssistant.Infrastructure.Tests.Persistence.DenormFieldsTests" name="UpdateDeal_FirmIdUnchanged_DoesNotChangeDenormFirmName" />
    </UnitTest>
    <UnitTest name="Sai.DealAssistant.Infrastructure.Tests.Repositories.GenericRepositoryTests.ReadRepositoryTests.SelectPagedAsync_ReturnsAll_SortDefault_LastPage" storage="c:\_proj\sai.dealassistant\sai-deal-assistant-backend\src\tests\sai.dealassistant.infrastructure.tests\bin\debug\net8.0\sai.dealassistant.infrastructure.tests.dll" id="1b4d8d3a-0163-c205-b1ee-baf15feb9a32">
      <Execution id="64a18b2c-d14d-4dab-801f-70347fc87fe8" />
      <TestMethod codeBase="C:\_PROJ\Sai.DealAssistant\sai-deal-assistant-backend\src\Tests\Sai.DealAssistant.Infrastructure.Tests\bin\Debug\net8.0\Sai.DealAssistant.Infrastructure.Tests.dll" adapterTypeName="executor://xunit/VsTestRunner2/netcoreapp" className="Sai.DealAssistant.Infrastructure.Tests.Repositories.GenericRepositoryTests.ReadRepositoryTests" name="SelectPagedAsync_ReturnsAll_SortDefault_LastPage" />
    </UnitTest>
    <UnitTest name="Sai.DealAssistant.Infrastructure.Tests.Repositories.GenericRepositoryTests.ReadRepositoryTests.CountAsync_ReturnsAll" storage="c:\_proj\sai.dealassistant\sai-deal-assistant-backend\src\tests\sai.dealassistant.infrastructure.tests\bin\debug\net8.0\sai.dealassistant.infrastructure.tests.dll" id="a574bb46-1c03-df34-93cf-c646dad296e6">
      <Execution id="23884307-1d18-4f62-8158-85a329bdec8c" />
      <TestMethod codeBase="C:\_PROJ\Sai.DealAssistant\sai-deal-assistant-backend\src\Tests\Sai.DealAssistant.Infrastructure.Tests\bin\Debug\net8.0\Sai.DealAssistant.Infrastructure.Tests.dll" adapterTypeName="executor://xunit/VsTestRunner2/netcoreapp" className="Sai.DealAssistant.Infrastructure.Tests.Repositories.GenericRepositoryTests.ReadRepositoryTests" name="CountAsync_ReturnsAll" />
    </UnitTest>
    <UnitTest name="Sai.DealAssistant.Infrastructure.Tests.Repositories.GenericRepositoryTests.EnumCache_Tests.GetAllAsync_CachesResultsAcrossCalls" storage="c:\_proj\sai.dealassistant\sai-deal-assistant-backend\src\tests\sai.dealassistant.infrastructure.tests\bin\debug\net8.0\sai.dealassistant.infrastructure.tests.dll" id="1a8c3b8a-f442-fa63-4012-8369a5cc7cb0">
      <Execution id="023a9bbc-20ad-4e4a-9db4-7b4fcf49d0d2" />
      <TestMethod codeBase="C:\_PROJ\Sai.DealAssistant\sai-deal-assistant-backend\src\Tests\Sai.DealAssistant.Infrastructure.Tests\bin\Debug\net8.0\Sai.DealAssistant.Infrastructure.Tests.dll" adapterTypeName="executor://xunit/VsTestRunner2/netcoreapp" className="Sai.DealAssistant.Infrastructure.Tests.Repositories.GenericRepositoryTests.EnumCache_Tests" name="GetAllAsync_CachesResultsAcrossCalls" />
    </UnitTest>
    <UnitTest name="Sai.DealAssistant.Infrastructure.Tests.Repositories.GenericRepositoryTests.ReadRepositoryTests.GetAll_ReturnsAll" storage="c:\_proj\sai.dealassistant\sai-deal-assistant-backend\src\tests\sai.dealassistant.infrastructure.tests\bin\debug\net8.0\sai.dealassistant.infrastructure.tests.dll" id="a8620362-50a4-f444-677e-3025fd0e754f">
      <Execution id="e771107c-bffc-49dd-81f2-5395712956fb" />
      <TestMethod codeBase="C:\_PROJ\Sai.DealAssistant\sai-deal-assistant-backend\src\Tests\Sai.DealAssistant.Infrastructure.Tests\bin\Debug\net8.0\Sai.DealAssistant.Infrastructure.Tests.dll" adapterTypeName="executor://xunit/VsTestRunner2/netcoreapp" className="Sai.DealAssistant.Infrastructure.Tests.Repositories.GenericRepositoryTests.ReadRepositoryTests" name="GetAll_ReturnsAll" />
    </UnitTest>
    <UnitTest name="Sai.DealAssistant.Infrastructure.Tests.Repositories.GenericRepositoryTests.FieldUpdateRepositoryTests.UpdateFieldAsync_ColumnNotExists_Throws" storage="c:\_proj\sai.dealassistant\sai-deal-assistant-backend\src\tests\sai.dealassistant.infrastructure.tests\bin\debug\net8.0\sai.dealassistant.infrastructure.tests.dll" id="a8d65476-b903-071b-760c-2ad4f4d33be6">
      <Execution id="a9ea33a0-ab7b-47ad-b365-604650f4a1f7" />
      <TestMethod codeBase="C:\_PROJ\Sai.DealAssistant\sai-deal-assistant-backend\src\Tests\Sai.DealAssistant.Infrastructure.Tests\bin\Debug\net8.0\Sai.DealAssistant.Infrastructure.Tests.dll" adapterTypeName="executor://xunit/VsTestRunner2/netcoreapp" className="Sai.DealAssistant.Infrastructure.Tests.Repositories.GenericRepositoryTests.FieldUpdateRepositoryTests" name="UpdateFieldAsync_ColumnNotExists_Throws" />
    </UnitTest>
    <UnitTest name="Sai.DealAssistant.Infrastructure.Tests.Repositories.GenericRepositoryTests.ReadRepositoryTests.ApplySorting_ThrowsInvalidSortColumnException" storage="c:\_proj\sai.dealassistant\sai-deal-assistant-backend\src\tests\sai.dealassistant.infrastructure.tests\bin\debug\net8.0\sai.dealassistant.infrastructure.tests.dll" id="7575dc31-5f20-6d05-ee77-1b6005ffa4e1">
      <Execution id="e9ab8ba3-fa28-4a79-9a03-8f1fd88f08cb" />
      <TestMethod codeBase="C:\_PROJ\Sai.DealAssistant\sai-deal-assistant-backend\src\Tests\Sai.DealAssistant.Infrastructure.Tests\bin\Debug\net8.0\Sai.DealAssistant.Infrastructure.Tests.dll" adapterTypeName="executor://xunit/VsTestRunner2/netcoreapp" className="Sai.DealAssistant.Infrastructure.Tests.Repositories.GenericRepositoryTests.ReadRepositoryTests" name="ApplySorting_ThrowsInvalidSortColumnException" />
    </UnitTest>
    <UnitTest name="Sai.DealAssistant.Infrastructure.Tests.Repositories.GenericRepositoryTests.FieldUpdateRepositoryTests.UpdateFieldAsync_IdNotExists_Throws" storage="c:\_proj\sai.dealassistant\sai-deal-assistant-backend\src\tests\sai.dealassistant.infrastructure.tests\bin\debug\net8.0\sai.dealassistant.infrastructure.tests.dll" id="29a20248-d0b5-742c-03bf-cc306c3bbd1c">
      <Execution id="9e4f3635-690d-43eb-a0e8-38ee5e50b514" />
      <TestMethod codeBase="C:\_PROJ\Sai.DealAssistant\sai-deal-assistant-backend\src\Tests\Sai.DealAssistant.Infrastructure.Tests\bin\Debug\net8.0\Sai.DealAssistant.Infrastructure.Tests.dll" adapterTypeName="executor://xunit/VsTestRunner2/netcoreapp" className="Sai.DealAssistant.Infrastructure.Tests.Repositories.GenericRepositoryTests.FieldUpdateRepositoryTests" name="UpdateFieldAsync_IdNotExists_Throws" />
    </UnitTest>
    <UnitTest name="Sai.DealAssistant.Infrastructure.Tests.Repositories.GenericRepositoryTests.CrudRepositoryTests.DeleteAsync_DeletesSampleEmployeeById" storage="c:\_proj\sai.dealassistant\sai-deal-assistant-backend\src\tests\sai.dealassistant.infrastructure.tests\bin\debug\net8.0\sai.dealassistant.infrastructure.tests.dll" id="e238d11b-e1e2-9e04-4658-a10b70c8c0e0">
      <Execution id="391a610e-ab61-4598-96dc-d2cccb26228b" />
      <TestMethod codeBase="C:\_PROJ\Sai.DealAssistant\sai-deal-assistant-backend\src\Tests\Sai.DealAssistant.Infrastructure.Tests\bin\Debug\net8.0\Sai.DealAssistant.Infrastructure.Tests.dll" adapterTypeName="executor://xunit/VsTestRunner2/netcoreapp" className="Sai.DealAssistant.Infrastructure.Tests.Repositories.GenericRepositoryTests.CrudRepositoryTests" name="DeleteAsync_DeletesSampleEmployeeById" />
    </UnitTest>
    <UnitTest name="Sai.DealAssistant.Infrastructure.Tests.Repositories.GenericRepositoryTests.ReadRepositoryTests.SelectPagedAsync_ReturnsAll_SortByEmailDesc_LastPage" storage="c:\_proj\sai.dealassistant\sai-deal-assistant-backend\src\tests\sai.dealassistant.infrastructure.tests\bin\debug\net8.0\sai.dealassistant.infrastructure.tests.dll" id="c53680ad-6df4-66e8-ccb7-e83308eaca94">
      <Execution id="34bab0ef-991b-4291-817c-7910ebe0a895" />
      <TestMethod codeBase="C:\_PROJ\Sai.DealAssistant\sai-deal-assistant-backend\src\Tests\Sai.DealAssistant.Infrastructure.Tests\bin\Debug\net8.0\Sai.DealAssistant.Infrastructure.Tests.dll" adapterTypeName="executor://xunit/VsTestRunner2/netcoreapp" className="Sai.DealAssistant.Infrastructure.Tests.Repositories.GenericRepositoryTests.ReadRepositoryTests" name="SelectPagedAsync_ReturnsAll_SortByEmailDesc_LastPage" />
    </UnitTest>
    <UnitTest name="Sai.DealAssistant.Infrastructure.Tests.Repositories.GenericRepositoryTests.FieldUpdateRepositoryTests.UpdateFieldAsync_TableNotExists_Throws" storage="c:\_proj\sai.dealassistant\sai-deal-assistant-backend\src\tests\sai.dealassistant.infrastructure.tests\bin\debug\net8.0\sai.dealassistant.infrastructure.tests.dll" id="7e2b956a-20da-d288-c32e-fdfd7d19156c">
      <Execution id="c1a79e61-53e6-4e75-bfb8-25048f40796f" />
      <TestMethod codeBase="C:\_PROJ\Sai.DealAssistant\sai-deal-assistant-backend\src\Tests\Sai.DealAssistant.Infrastructure.Tests\bin\Debug\net8.0\Sai.DealAssistant.Infrastructure.Tests.dll" adapterTypeName="executor://xunit/VsTestRunner2/netcoreapp" className="Sai.DealAssistant.Infrastructure.Tests.Repositories.GenericRepositoryTests.FieldUpdateRepositoryTests" name="UpdateFieldAsync_TableNotExists_Throws" />
    </UnitTest>
    <UnitTest name="Sai.DealAssistant.Infrastructure.Tests.Repositories.GenericRepositoryTests.CrudRepositoryTests.UpdateAsync_WithChangedName_UpdatesSampleEmployee" storage="c:\_proj\sai.dealassistant\sai-deal-assistant-backend\src\tests\sai.dealassistant.infrastructure.tests\bin\debug\net8.0\sai.dealassistant.infrastructure.tests.dll" id="4f50c7e4-27c1-b6ae-f410-bc87cd6855b7">
      <Execution id="435200e3-958e-4e42-800b-84ca9a23c973" />
      <TestMethod codeBase="C:\_PROJ\Sai.DealAssistant\sai-deal-assistant-backend\src\Tests\Sai.DealAssistant.Infrastructure.Tests\bin\Debug\net8.0\Sai.DealAssistant.Infrastructure.Tests.dll" adapterTypeName="executor://xunit/VsTestRunner2/netcoreapp" className="Sai.DealAssistant.Infrastructure.Tests.Repositories.GenericRepositoryTests.CrudRepositoryTests" name="UpdateAsync_WithChangedName_UpdatesSampleEmployee" />
    </UnitTest>
    <UnitTest name="Sai.DealAssistant.Infrastructure.Tests.Repositories.GenericRepositoryTests.ReadRepositoryTests.FirstOrDefaultAsync_ReturnsNull_WhenItemDoesNotExist" storage="c:\_proj\sai.dealassistant\sai-deal-assistant-backend\src\tests\sai.dealassistant.infrastructure.tests\bin\debug\net8.0\sai.dealassistant.infrastructure.tests.dll" id="f38b4d81-fd18-5172-e695-fab88f35652d">
      <Execution id="d9fb4539-4553-462e-ab53-74bc189d80e8" />
      <TestMethod codeBase="C:\_PROJ\Sai.DealAssistant\sai-deal-assistant-backend\src\Tests\Sai.DealAssistant.Infrastructure.Tests\bin\Debug\net8.0\Sai.DealAssistant.Infrastructure.Tests.dll" adapterTypeName="executor://xunit/VsTestRunner2/netcoreapp" className="Sai.DealAssistant.Infrastructure.Tests.Repositories.GenericRepositoryTests.ReadRepositoryTests" name="FirstOrDefaultAsync_ReturnsNull_WhenItemDoesNotExist" />
    </UnitTest>
    <UnitTest name="Sai.DealAssistant.Infrastructure.Tests.Repositories.GenericRepositoryTests.ReadRepositoryTests.SelectAsync_ReturnsAll" storage="c:\_proj\sai.dealassistant\sai-deal-assistant-backend\src\tests\sai.dealassistant.infrastructure.tests\bin\debug\net8.0\sai.dealassistant.infrastructure.tests.dll" id="f111b91a-dee7-b574-1506-4287bc17fba1">
      <Execution id="3cb51abe-cbc6-4289-8d2a-98e3af312fd3" />
      <TestMethod codeBase="C:\_PROJ\Sai.DealAssistant\sai-deal-assistant-backend\src\Tests\Sai.DealAssistant.Infrastructure.Tests\bin\Debug\net8.0\Sai.DealAssistant.Infrastructure.Tests.dll" adapterTypeName="executor://xunit/VsTestRunner2/netcoreapp" className="Sai.DealAssistant.Infrastructure.Tests.Repositories.GenericRepositoryTests.ReadRepositoryTests" name="SelectAsync_ReturnsAll" />
    </UnitTest>
    <UnitTest name="Sai.DealAssistant.Infrastructure.Tests.Repositories.GenericRepositoryTests.ReadRepositoryTests.GetAll_FilteredBySecondNameThanByEmail" storage="c:\_proj\sai.dealassistant\sai-deal-assistant-backend\src\tests\sai.dealassistant.infrastructure.tests\bin\debug\net8.0\sai.dealassistant.infrastructure.tests.dll" id="03b6df63-97a2-4d33-2101-7f83ed454113">
      <Execution id="58cde9dc-c07d-41ae-a35f-32116de45300" />
      <TestMethod codeBase="C:\_PROJ\Sai.DealAssistant\sai-deal-assistant-backend\src\Tests\Sai.DealAssistant.Infrastructure.Tests\bin\Debug\net8.0\Sai.DealAssistant.Infrastructure.Tests.dll" adapterTypeName="executor://xunit/VsTestRunner2/netcoreapp" className="Sai.DealAssistant.Infrastructure.Tests.Repositories.GenericRepositoryTests.ReadRepositoryTests" name="GetAll_FilteredBySecondNameThanByEmail" />
    </UnitTest>
    <UnitTest name="Sai.DealAssistant.Infrastructure.Tests.Repositories.GenericRepositoryTests.ReadRepositoryTests.SelectPagedAsync_AfterLastPage_ShouldBeEmpty" storage="c:\_proj\sai.dealassistant\sai-deal-assistant-backend\src\tests\sai.dealassistant.infrastructure.tests\bin\debug\net8.0\sai.dealassistant.infrastructure.tests.dll" id="0b38bb53-002a-e188-4fe2-417fb886c207">
      <Execution id="d1309128-c635-48ee-9d9b-258209f18554" />
      <TestMethod codeBase="C:\_PROJ\Sai.DealAssistant\sai-deal-assistant-backend\src\Tests\Sai.DealAssistant.Infrastructure.Tests\bin\Debug\net8.0\Sai.DealAssistant.Infrastructure.Tests.dll" adapterTypeName="executor://xunit/VsTestRunner2/netcoreapp" className="Sai.DealAssistant.Infrastructure.Tests.Repositories.GenericRepositoryTests.ReadRepositoryTests" name="SelectPagedAsync_AfterLastPage_ShouldBeEmpty" />
    </UnitTest>
    <UnitTest name="Sai.DealAssistant.Infrastructure.Tests.Persistence.DenormFieldsTests.DeleteEvent_WhenMultipleEvents_SetsDenormLastActionDateToRemainingMax" storage="c:\_proj\sai.dealassistant\sai-deal-assistant-backend\src\tests\sai.dealassistant.infrastructure.tests\bin\debug\net8.0\sai.dealassistant.infrastructure.tests.dll" id="72919150-5887-87f4-4a6f-48ea004d02e3">
      <Execution id="9323c3ce-17c3-46d7-aae0-07f17588ff1d" />
      <TestMethod codeBase="C:\_PROJ\Sai.DealAssistant\sai-deal-assistant-backend\src\Tests\Sai.DealAssistant.Infrastructure.Tests\bin\Debug\net8.0\Sai.DealAssistant.Infrastructure.Tests.dll" adapterTypeName="executor://xunit/VsTestRunner2/netcoreapp" className="Sai.DealAssistant.Infrastructure.Tests.Persistence.DenormFieldsTests" name="DeleteEvent_WhenMultipleEvents_SetsDenormLastActionDateToRemainingMax" />
    </UnitTest>
    <UnitTest name="Sai.DealAssistant.Infrastructure.Tests.Repositories.GenericRepositoryTests.ReadRepositoryTests.SelectAsync_ReturnsFiltered" storage="c:\_proj\sai.dealassistant\sai-deal-assistant-backend\src\tests\sai.dealassistant.infrastructure.tests\bin\debug\net8.0\sai.dealassistant.infrastructure.tests.dll" id="922816f5-8bbb-2c17-06c3-26ed0a0b4108">
      <Execution id="da3305e9-e85e-4aaf-af6d-7b5853b03c49" />
      <TestMethod codeBase="C:\_PROJ\Sai.DealAssistant\sai-deal-assistant-backend\src\Tests\Sai.DealAssistant.Infrastructure.Tests\bin\Debug\net8.0\Sai.DealAssistant.Infrastructure.Tests.dll" adapterTypeName="executor://xunit/VsTestRunner2/netcoreapp" className="Sai.DealAssistant.Infrastructure.Tests.Repositories.GenericRepositoryTests.ReadRepositoryTests" name="SelectAsync_ReturnsFiltered" />
    </UnitTest>
  </TestDefinitions>
  <TestEntries>
    <TestEntry testId="72919150-5887-87f4-4a6f-48ea004d02e3" executionId="9323c3ce-17c3-46d7-aae0-07f17588ff1d" testListId="8c84fa94-04c1-424b-9868-57a2d4851a1d" />
    <TestEntry testId="68c01459-f0e2-8b58-919c-b29ed90ee47e" executionId="75be5ab9-96df-4c68-a802-eb7a23ae18b0" testListId="8c84fa94-04c1-424b-9868-57a2d4851a1d" />
    <TestEntry testId="a574bb46-1c03-df34-93cf-c646dad296e6" executionId="23884307-1d18-4f62-8158-85a329bdec8c" testListId="8c84fa94-04c1-424b-9868-57a2d4851a1d" />
    <TestEntry testId="6935523f-f65e-d0cf-c3f6-365262a1a7ea" executionId="0a82e205-3461-49ff-ad2f-f2c303f857f5" testListId="8c84fa94-04c1-424b-9868-57a2d4851a1d" />
    <TestEntry testId="9817eabf-4a92-b4bd-b04c-d5bb5964faa6" executionId="8337bc67-3909-428e-a24c-c9f875b93636" testListId="8c84fa94-04c1-424b-9868-57a2d4851a1d" />
    <TestEntry testId="25e0e243-3b2f-051b-5904-3623e34db590" executionId="a070aac8-3618-4a0b-947a-31c860fc2925" testListId="8c84fa94-04c1-424b-9868-57a2d4851a1d" />
    <TestEntry testId="4c2e6fe7-2828-2971-df3a-e3ed0ec580cb" executionId="cae18016-1ff1-4b44-a927-70641df11041" testListId="8c84fa94-04c1-424b-9868-57a2d4851a1d" />
    <TestEntry testId="193a0e43-3a47-5b22-3c7e-07c150be723a" executionId="678a3230-6ac0-4cb9-a473-1352b70b08cc" testListId="8c84fa94-04c1-424b-9868-57a2d4851a1d" />
    <TestEntry testId="1b4d8d3a-0163-c205-b1ee-baf15feb9a32" executionId="64a18b2c-d14d-4dab-801f-70347fc87fe8" testListId="8c84fa94-04c1-424b-9868-57a2d4851a1d" />
    <TestEntry testId="29a20248-d0b5-742c-03bf-cc306c3bbd1c" executionId="9e4f3635-690d-43eb-a0e8-38ee5e50b514" testListId="8c84fa94-04c1-424b-9868-57a2d4851a1d" />
    <TestEntry testId="c53680ad-6df4-66e8-ccb7-e83308eaca94" executionId="34bab0ef-991b-4291-817c-7910ebe0a895" testListId="8c84fa94-04c1-424b-9868-57a2d4851a1d" />
    <TestEntry testId="05b35716-8b80-c898-e9c0-db852b006064" executionId="6cfc307b-7100-4c95-a3ed-18ab3a92eed6" testListId="8c84fa94-04c1-424b-9868-57a2d4851a1d" />
    <TestEntry testId="f326dd1f-aedd-d307-7b9e-0fa5f3201931" executionId="8b692dd1-4090-4041-8e97-537a608aabb6" testListId="8c84fa94-04c1-424b-9868-57a2d4851a1d" />
    <TestEntry testId="1a8c3b8a-f442-fa63-4012-8369a5cc7cb0" executionId="023a9bbc-20ad-4e4a-9db4-7b4fcf49d0d2" testListId="8c84fa94-04c1-424b-9868-57a2d4851a1d" />
    <TestEntry testId="a967686b-33b4-f3f3-9890-0bc1992e4a31" executionId="60ee2d6b-4708-4ca3-a018-b39d8bcbaed4" testListId="8c84fa94-04c1-424b-9868-57a2d4851a1d" />
    <TestEntry testId="e238d11b-e1e2-9e04-4658-a10b70c8c0e0" executionId="391a610e-ab61-4598-96dc-d2cccb26228b" testListId="8c84fa94-04c1-424b-9868-57a2d4851a1d" />
    <TestEntry testId="03b6df63-97a2-4d33-2101-7f83ed454113" executionId="58cde9dc-c07d-41ae-a35f-32116de45300" testListId="8c84fa94-04c1-424b-9868-57a2d4851a1d" />
    <TestEntry testId="a8620362-50a4-f444-677e-3025fd0e754f" executionId="e771107c-bffc-49dd-81f2-5395712956fb" testListId="8c84fa94-04c1-424b-9868-57a2d4851a1d" />
    <TestEntry testId="d3cbe634-d457-aa4d-5f88-75cfb62e3771" executionId="7c0e265f-ddea-47e2-8e28-9dd978463fa0" testListId="8c84fa94-04c1-424b-9868-57a2d4851a1d" />
    <TestEntry testId="fbe1a45a-ea29-5e55-ae65-7274ab0de3b1" executionId="2d043999-cfca-4548-a157-28269809c746" testListId="8c84fa94-04c1-424b-9868-57a2d4851a1d" />
    <TestEntry testId="d81382b6-74ad-b86b-99ea-3177e5a4a7b0" executionId="bb92ce0f-736d-4862-a194-a4483d916935" testListId="8c84fa94-04c1-424b-9868-57a2d4851a1d" />
    <TestEntry testId="cc459ca6-39a6-38b1-cef5-05d96d911ed4" executionId="c48bc11b-7951-4de7-8c31-de0b8545dc52" testListId="8c84fa94-04c1-424b-9868-57a2d4851a1d" />
    <TestEntry testId="922816f5-8bbb-2c17-06c3-26ed0a0b4108" executionId="da3305e9-e85e-4aaf-af6d-7b5853b03c49" testListId="8c84fa94-04c1-424b-9868-57a2d4851a1d" />
    <TestEntry testId="5b7f3d86-82c9-9ed6-004b-48b6a036a044" executionId="d92245d5-e315-472b-8caa-56d9648c701f" testListId="8c84fa94-04c1-424b-9868-57a2d4851a1d" />
    <TestEntry testId="821793b1-eb91-c7a3-2bb7-a418da5c2f9d" executionId="0ec8b0ba-0ab0-4448-a300-2bd06eebec43" testListId="8c84fa94-04c1-424b-9868-57a2d4851a1d" />
    <TestEntry testId="4f50c7e4-27c1-b6ae-f410-bc87cd6855b7" executionId="435200e3-958e-4e42-800b-84ca9a23c973" testListId="8c84fa94-04c1-424b-9868-57a2d4851a1d" />
    <TestEntry testId="a9a149e2-684b-29cd-32ba-3268edaa6702" executionId="9c1309ff-2f58-4e21-89aa-8f14cea0b4dd" testListId="8c84fa94-04c1-424b-9868-57a2d4851a1d" />
    <TestEntry testId="f111b91a-dee7-b574-1506-4287bc17fba1" executionId="3cb51abe-cbc6-4289-8d2a-98e3af312fd3" testListId="8c84fa94-04c1-424b-9868-57a2d4851a1d" />
    <TestEntry testId="a0343a1f-04a1-5c88-b3ed-7007324c208d" executionId="458265e7-479a-40c0-97cb-465f6182fcac" testListId="8c84fa94-04c1-424b-9868-57a2d4851a1d" />
    <TestEntry testId="ac7497d6-71b5-64e8-1c5b-0938ffdf0299" executionId="1ad20405-22ff-437e-a03a-bc773f7c2cc1" testListId="8c84fa94-04c1-424b-9868-57a2d4851a1d" />
    <TestEntry testId="e2c108e4-5239-e09a-752b-7b6bd3fb2261" executionId="ccda763a-03bf-4b25-894d-c2d71f57a666" testListId="8c84fa94-04c1-424b-9868-57a2d4851a1d" />
    <TestEntry testId="c60741ba-ce87-4389-62b6-abfaecce0cb4" executionId="9bfb0177-7181-40e2-ab73-f8b3185f60d8" testListId="8c84fa94-04c1-424b-9868-57a2d4851a1d" />
    <TestEntry testId="d7298ef1-0749-4da1-78d7-984e46e41f0d" executionId="b448481a-2440-403e-9f26-b2406fb2cbac" testListId="8c84fa94-04c1-424b-9868-57a2d4851a1d" />
    <TestEntry testId="f8f98c89-f6e3-4ae5-ba70-dc160420889d" executionId="06c76f6c-d4bf-4275-9247-96af0fa9819b" testListId="8c84fa94-04c1-424b-9868-57a2d4851a1d" />
    <TestEntry testId="bfe814d8-c538-93de-ef56-a817cf11863a" executionId="7af41974-f435-4ae7-9725-3f7d5ea7d22a" testListId="8c84fa94-04c1-424b-9868-57a2d4851a1d" />
    <TestEntry testId="f8a80593-625b-555b-eb20-9b507c35dc99" executionId="00cacc86-8ea9-4d76-9cc6-fd4dec10eeca" testListId="8c84fa94-04c1-424b-9868-57a2d4851a1d" />
    <TestEntry testId="fd7bed65-2efb-3e90-0c1a-e47dc5ccec0a" executionId="6e7afbe0-75bc-46c9-b29b-887fcd162bcb" testListId="8c84fa94-04c1-424b-9868-57a2d4851a1d" />
    <TestEntry testId="320b8350-8c67-b05d-edb2-e11fae16e998" executionId="5cb26f26-6890-4771-b911-b7977c307193" testListId="8c84fa94-04c1-424b-9868-57a2d4851a1d" />
    <TestEntry testId="7e2b956a-20da-d288-c32e-fdfd7d19156c" executionId="c1a79e61-53e6-4e75-bfb8-25048f40796f" testListId="8c84fa94-04c1-424b-9868-57a2d4851a1d" />
    <TestEntry testId="85d1b520-9d63-3696-a0df-1f1be2cbe478" executionId="e6dde311-25c0-44fb-85a4-b0220084e85f" testListId="8c84fa94-04c1-424b-9868-57a2d4851a1d" />
    <TestEntry testId="0b38bb53-002a-e188-4fe2-417fb886c207" executionId="d1309128-c635-48ee-9d9b-258209f18554" testListId="8c84fa94-04c1-424b-9868-57a2d4851a1d" />
    <TestEntry testId="7575dc31-5f20-6d05-ee77-1b6005ffa4e1" executionId="e9ab8ba3-fa28-4a79-9a03-8f1fd88f08cb" testListId="8c84fa94-04c1-424b-9868-57a2d4851a1d" />
    <TestEntry testId="9704f739-0251-d674-9762-c0620410d507" executionId="bfc653fd-882a-4ec0-87a1-72723dc6177e" testListId="8c84fa94-04c1-424b-9868-57a2d4851a1d" />
    <TestEntry testId="a8d65476-b903-071b-760c-2ad4f4d33be6" executionId="a9ea33a0-ab7b-47ad-b365-604650f4a1f7" testListId="8c84fa94-04c1-424b-9868-57a2d4851a1d" />
    <TestEntry testId="f38b4d81-fd18-5172-e695-fab88f35652d" executionId="d9fb4539-4553-462e-ab53-74bc189d80e8" testListId="8c84fa94-04c1-424b-9868-57a2d4851a1d" />
  </TestEntries>
  <TestLists>
    <TestList name="Results Not in a List" id="8c84fa94-04c1-424b-9868-57a2d4851a1d" />
    <TestList name="All Loaded Results" id="19431567-8539-422a-85d7-44ee4e166bda" />
  </TestLists>
  <ResultSummary outcome="Completed">
    <Counters total="45" executed="45" passed="45" failed="0" error="0" timeout="0" aborted="0" inconclusive="0" passedButRunAborted="0" notRunnable="0" notExecuted="0" disconnected="0" warning="0" completed="0" inProgress="0" pending="0" />
    <Output>
      <StdOut>[xUnit.net 00:00:00.00] xUnit.net VSTest Adapter v2.5.3.1+6b60a9e56a (64-bit .NET 8.0.26)&#xD;
[xUnit.net 00:00:00.12]   Discovering: Sai.DealAssistant.Infrastructure.Tests&#xD;
[xUnit.net 00:00:00.17]   Discovered:  Sai.DealAssistant.Infrastructure.Tests&#xD;
[xUnit.net 00:00:00.17]   Starting:    Sai.DealAssistant.Infrastructure.Tests&#xD;
[xUnit.net 00:02:01.88]   Finished:    Sai.DealAssistant.Infrastructure.Tests&#xD;
</StdOut>
    </Output>
  </ResultSummary>
</TestRun>