<?xml version="1.0" encoding="utf-8"?>
<TestRun id="3be7cf88-0488-4cbb-b733-964d4c3dd2d5" name="olexi@SAI-W11 2026-04-27 15:16:12" runUser="SAI-W11\olexi" xmlns="http://microsoft.com/schemas/VisualStudio/TeamTest/2010">
  <Times creation="2026-04-27T15:16:12.9273437+01:00" queuing="2026-04-27T15:16:12.9273441+01:00" start="2026-04-27T15:16:10.2553585+01:00" finish="2026-04-27T15:18:17.8701284+01:00" />
  <TestSettings name="default" id="ff55f984-8fe5-4aa3-bce0-58e486c81ddc">
    <Deployment runDeploymentRoot="olexi_SAI-W11_2026-04-27_15_16_12" />
  </TestSettings>
  <Results>
    <UnitTestResult executionId="91e89504-3d38-4892-a609-8c6cc16f9531" testId="fbe1a45a-ea29-5e55-ae65-7274ab0de3b1" testName="Sai.DealAssistant.Infrastructure.Tests.Repositories.GenericRepositoryTests.CrudRepositoryTests.DeleteAsync_ForNonExistingId_ReturnsNull" computerName="SAI-W11" duration="00:00:00.0234763" startTime="2026-04-27T15:16:13.0488147+01:00" endTime="2026-04-27T15:16:13.0488147+01:00" testType="13cdc9d9-ddb5-4fa4-a97d-d965ccfc6d4b" outcome="Passed" testListId="8c84fa94-04c1-424b-9868-57a2d4851a1d" relativeResultsDirectory="91e89504-3d38-4892-a609-8c6cc16f9531" />
    <UnitTestResult executionId="098e5b62-099b-4b9a-8110-7956e89db278" testId="1b4d8d3a-0163-c205-b1ee-baf15feb9a32" testName="Sai.DealAssistant.Infrastructure.Tests.Repositories.GenericRepositoryTests.ReadRepositoryTests.SelectPagedAsync_ReturnsAll_SortDefault_LastPage" computerName="SAI-W11" duration="00:00:00.0376926" startTime="2026-04-27T15:16:13.3078578+01:00" endTime="2026-04-27T15:16:13.3078581+01:00" testType="13cdc9d9-ddb5-4fa4-a97d-d965ccfc6d4b" outcome="Passed" testListId="8c84fa94-04c1-424b-9868-57a2d4851a1d" relativeResultsDirectory="098e5b62-099b-4b9a-8110-7956e89db278" />
    <UnitTestResult executionId="21ee9899-ea70-4f40-8593-2e264c565153" testId="9704f739-0251-d674-9762-c0620410d507" testName="Sai.DealAssistant.Infrastructure.Tests.Repositories.GenericRepositoryTests.CrudRepositoryTests.CreateAsync_CreatesSampleEmployee" computerName="SAI-W11" duration="00:00:00.0535584" startTime="2026-04-27T15:16:13.0251872+01:00" endTime="2026-04-27T15:16:13.0251873+01:00" testType="13cdc9d9-ddb5-4fa4-a97d-d965ccfc6d4b" outcome="Passed" testListId="8c84fa94-04c1-424b-9868-57a2d4851a1d" relativeResultsDirectory="21ee9899-ea70-4f40-8593-2e264c565153" />
    <UnitTestResult executionId="54743028-8702-4c23-9aa9-520e36e727da" testId="d3cbe634-d457-aa4d-5f88-75cfb62e3771" testName="Sai.DealAssistant.Infrastructure.Tests.Persistence.DenormFieldsTests.UpdateDeal_FirmIdUnchanged_DoesNotChangeDenormFirmName" computerName="SAI-W11" duration="00:00:10.5131210" startTime="2026-04-27T15:17:57.1206179+01:00" endTime="2026-04-27T15:17:57.1206181+01:00" testType="13cdc9d9-ddb5-4fa4-a97d-d965ccfc6d4b" outcome="Passed" testListId="8c84fa94-04c1-424b-9868-57a2d4851a1d" relativeResultsDirectory="54743028-8702-4c23-9aa9-520e36e727da" />
    <UnitTestResult executionId="9e690a80-c95b-4f73-adcd-8afb55069d28" testId="68c01459-f0e2-8b58-919c-b29ed90ee47e" testName="Sai.DealAssistant.Infrastructure.Tests.Persistence.DenormFieldsTests.CreateEvent_SetsDenormLastActionDate" computerName="SAI-W11" duration="00:00:10.2313452" startTime="2026-04-27T15:18:07.3524103+01:00" endTime="2026-04-27T15:18:07.3524105+01:00" testType="13cdc9d9-ddb5-4fa4-a97d-d965ccfc6d4b" outcome="Passed" testListId="8c84fa94-04c1-424b-9868-57a2d4851a1d" relativeResultsDirectory="9e690a80-c95b-4f73-adcd-8afb55069d28" />
    <UnitTestResult executionId="d1ad94aa-328a-4db9-b6af-061aac56baea" testId="f8f98c89-f6e3-4ae5-ba70-dc160420889d" testName="Sai.DealAssistant.Infrastructure.Tests.Repositories.GenericRepositoryTests.ReadRepositoryTests.GetAll_FilteredByCustomerId" computerName="SAI-W11" duration="00:00:00.0397239" startTime="2026-04-27T15:16:13.6032105+01:00" endTime="2026-04-27T15:16:13.6032107+01:00" testType="13cdc9d9-ddb5-4fa4-a97d-d965ccfc6d4b" outcome="Passed" testListId="8c84fa94-04c1-424b-9868-57a2d4851a1d" relativeResultsDirectory="d1ad94aa-328a-4db9-b6af-061aac56baea" />
    <UnitTestResult executionId="7f593ee1-5127-4f15-8152-0642f1c0cc6e" testId="a8620362-50a4-f444-677e-3025fd0e754f" testName="Sai.DealAssistant.Infrastructure.Tests.Repositories.GenericRepositoryTests.ReadRepositoryTests.GetAll_ReturnsAll" computerName="SAI-W11" duration="00:00:00.0393169" startTime="2026-04-27T15:16:13.0705150+01:00" endTime="2026-04-27T15:16:13.0705152+01:00" testType="13cdc9d9-ddb5-4fa4-a97d-d965ccfc6d4b" outcome="Passed" testListId="8c84fa94-04c1-424b-9868-57a2d4851a1d" relativeResultsDirectory="7f593ee1-5127-4f15-8152-0642f1c0cc6e" />
    <UnitTestResult executionId="b4bf6954-6d22-4d65-a1f2-7ff1a3d3eae9" testId="a967686b-33b4-f3f3-9890-0bc1992e4a31" testName="Sai.DealAssistant.Infrastructure.Tests.Repositories.GenericRepositoryTests.ReadRepositoryTests.ExistsAsync_ReturnsTrue_ForExistingEntity" computerName="SAI-W11" duration="00:00:00.0272051" startTime="2026-04-27T15:16:13.4581751+01:00" endTime="2026-04-27T15:16:13.4581755+01:00" testType="13cdc9d9-ddb5-4fa4-a97d-d965ccfc6d4b" outcome="Passed" testListId="8c84fa94-04c1-424b-9868-57a2d4851a1d" relativeResultsDirectory="b4bf6954-6d22-4d65-a1f2-7ff1a3d3eae9" />
    <UnitTestResult executionId="abca76c2-6bf6-428e-b8e1-fb985a28ce47" testId="85d1b520-9d63-3696-a0df-1f1be2cbe478" testName="Sai.DealAssistant.Infrastructure.Tests.Persistence.DenormFieldsTests.UpdateEvent_DateChanged_UpdatesDenormLastActionDate" computerName="SAI-W11" duration="00:00:15.9128421" startTime="2026-04-27T15:17:12.3290556+01:00" endTime="2026-04-27T15:17:12.3290559+01:00" testType="13cdc9d9-ddb5-4fa4-a97d-d965ccfc6d4b" outcome="Passed" testListId="8c84fa94-04c1-424b-9868-57a2d4851a1d" relativeResultsDirectory="abca76c2-6bf6-428e-b8e1-fb985a28ce47" />
    <UnitTestResult executionId="d716d456-e685-4593-bfce-e9bae3af5ef6" testId="03b6df63-97a2-4d33-2101-7f83ed454113" testName="Sai.DealAssistant.Infrastructure.Tests.Repositories.GenericRepositoryTests.ReadRepositoryTests.GetAll_FilteredBySecondNameThanByEmail" computerName="SAI-W11" duration="00:00:00.0714063" startTime="2026-04-27T15:16:13.8425130+01:00" endTime="2026-04-27T15:16:13.8425132+01:00" testType="13cdc9d9-ddb5-4fa4-a97d-d965ccfc6d4b" outcome="Passed" testListId="8c84fa94-04c1-424b-9868-57a2d4851a1d" relativeResultsDirectory="d716d456-e685-4593-bfce-e9bae3af5ef6" />
    <UnitTestResult executionId="5b6ffbee-177a-4207-aabc-27d02246af81" testId="29a20248-d0b5-742c-03bf-cc306c3bbd1c" testName="Sai.DealAssistant.Infrastructure.Tests.Repositories.GenericRepositoryTests.FieldUpdateRepositoryTests.UpdateFieldAsync_IdNotExists_Throws" computerName="SAI-W11" duration="00:00:00.0113871" startTime="2026-04-27T15:16:12.6887120+01:00" endTime="2026-04-27T15:16:12.6887124+01:00" testType="13cdc9d9-ddb5-4fa4-a97d-d965ccfc6d4b" outcome="Passed" testListId="8c84fa94-04c1-424b-9868-57a2d4851a1d" relativeResultsDirectory="5b6ffbee-177a-4207-aabc-27d02246af81" />
    <UnitTestResult executionId="7f399572-e267-436c-b12e-c4ee8777b218" testId="1a8c3b8a-f442-fa63-4012-8369a5cc7cb0" testName="Sai.DealAssistant.Infrastructure.Tests.Repositories.GenericRepositoryTests.EnumCache_Tests.GetAllAsync_CachesResultsAcrossCalls" computerName="SAI-W11" duration="00:00:00.0926324" startTime="2026-04-27T15:16:12.9263590+01:00" endTime="2026-04-27T15:16:12.9263592+01:00" testType="13cdc9d9-ddb5-4fa4-a97d-d965ccfc6d4b" outcome="Passed" testListId="8c84fa94-04c1-424b-9868-57a2d4851a1d" relativeResultsDirectory="7f399572-e267-436c-b12e-c4ee8777b218" />
    <UnitTestResult executionId="7a1d3e43-01c2-4da1-ba64-a7abc00cdb24" testId="f8a80593-625b-555b-eb20-9b507c35dc99" testName="Sai.DealAssistant.Infrastructure.Tests.Repositories.GenericRepositoryTests.FieldUpdateRepositoryTests.UpdateFieldAsync_UpdatesDateField" computerName="SAI-W11" duration="00:00:00.0110215" startTime="2026-04-27T15:16:12.6762210+01:00" endTime="2026-04-27T15:16:12.6762211+01:00" testType="13cdc9d9-ddb5-4fa4-a97d-d965ccfc6d4b" outcome="Passed" testListId="8c84fa94-04c1-424b-9868-57a2d4851a1d" relativeResultsDirectory="7a1d3e43-01c2-4da1-ba64-a7abc00cdb24" />
    <UnitTestResult executionId="5437ab48-687e-4ee5-b64e-cea3adc1698b" testId="a574bb46-1c03-df34-93cf-c646dad296e6" testName="Sai.DealAssistant.Infrastructure.Tests.Repositories.GenericRepositoryTests.ReadRepositoryTests.CountAsync_ReturnsAll" computerName="SAI-W11" duration="00:00:00.0588359" startTime="2026-04-27T15:16:13.6622266+01:00" endTime="2026-04-27T15:16:13.6622267+01:00" testType="13cdc9d9-ddb5-4fa4-a97d-d965ccfc6d4b" outcome="Passed" testListId="8c84fa94-04c1-424b-9868-57a2d4851a1d" relativeResultsDirectory="5437ab48-687e-4ee5-b64e-cea3adc1698b" />
    <UnitTestResult executionId="951a0a0b-2b86-4dfd-944e-1ad54e7d8409" testId="d7298ef1-0749-4da1-78d7-984e46e41f0d" testName="Sai.DealAssistant.Infrastructure.Tests.Persistence.DenormFieldsTests.CreateMultipleEvents_SetsDenormLastActionDateToMax" computerName="SAI-W11" duration="00:00:10.3516190" startTime="2026-04-27T15:18:17.7076002+01:00" endTime="2026-04-27T15:18:17.7076005+01:00" testType="13cdc9d9-ddb5-4fa4-a97d-d965ccfc6d4b" outcome="Passed" testListId="8c84fa94-04c1-424b-9868-57a2d4851a1d" relativeResultsDirectory="951a0a0b-2b86-4dfd-944e-1ad54e7d8409" />
    <UnitTestResult executionId="d7a675ff-e3ca-4336-b232-08f00aeaeeae" testId="c53680ad-6df4-66e8-ccb7-e83308eaca94" testName="Sai.DealAssistant.Infrastructure.Tests.Repositories.GenericRepositoryTests.ReadRepositoryTests.SelectPagedAsync_ReturnsAll_SortByEmailDesc_LastPage" computerName="SAI-W11" duration="00:00:00.0358255" startTime="2026-04-27T15:16:13.5634002+01:00" endTime="2026-04-27T15:16:13.5634006+01:00" testType="13cdc9d9-ddb5-4fa4-a97d-d965ccfc6d4b" outcome="Passed" testListId="8c84fa94-04c1-424b-9868-57a2d4851a1d" relativeResultsDirectory="d7a675ff-e3ca-4336-b232-08f00aeaeeae" />
    <UnitTestResult executionId="fa8d6338-6850-4bdf-a678-4cbf8fbe0887" testId="6935523f-f65e-d0cf-c3f6-365262a1a7ea" testName="Sai.DealAssistant.Infrastructure.Tests.Repositories.GenericRepositoryTests.ReadRepositoryTests.ExistsAsync_ReturnsFalse_WhenItemDoesNotExist" computerName="SAI-W11" duration="00:00:00.0312693" startTime="2026-04-27T15:16:13.1018239+01:00" endTime="2026-04-27T15:16:13.1018241+01:00" testType="13cdc9d9-ddb5-4fa4-a97d-d965ccfc6d4b" outcome="Passed" testListId="8c84fa94-04c1-424b-9868-57a2d4851a1d" relativeResultsDirectory="fa8d6338-6850-4bdf-a678-4cbf8fbe0887" />
    <UnitTestResult executionId="e0f2016a-4160-4e86-b50f-ca9da039860a" testId="193a0e43-3a47-5b22-3c7e-07c150be723a" testName="Sai.DealAssistant.Infrastructure.Tests.UnitOfWork.UnitOfWorkTests.ExecuteResilientTransactionAsync_InputActionCompletesSuccessfully_BeginsAndCommitsTransaction" computerName="SAI-W11" duration="00:00:01.7538342" startTime="2026-04-27T15:16:12.8348029+01:00" endTime="2026-04-27T15:16:12.8348030+01:00" testType="13cdc9d9-ddb5-4fa4-a97d-d965ccfc6d4b" outcome="Passed" testListId="8c84fa94-04c1-424b-9868-57a2d4851a1d" relativeResultsDirectory="e0f2016a-4160-4e86-b50f-ca9da039860a" />
    <UnitTestResult executionId="7a8bfc3d-82e1-404a-8c1d-d6c7e1cc7f3f" testId="922816f5-8bbb-2c17-06c3-26ed0a0b4108" testName="Sai.DealAssistant.Infrastructure.Tests.Repositories.GenericRepositoryTests.ReadRepositoryTests.SelectAsync_ReturnsFiltered" computerName="SAI-W11" duration="00:00:00.0426980" startTime="2026-04-27T15:16:13.4278378+01:00" endTime="2026-04-27T15:16:13.4278383+01:00" testType="13cdc9d9-ddb5-4fa4-a97d-d965ccfc6d4b" outcome="Passed" testListId="8c84fa94-04c1-424b-9868-57a2d4851a1d" relativeResultsDirectory="7a8bfc3d-82e1-404a-8c1d-d6c7e1cc7f3f" />
    <UnitTestResult executionId="470eb7ed-58ba-47a4-8aa1-22fae08e04e1" testId="7575dc31-5f20-6d05-ee77-1b6005ffa4e1" testName="Sai.DealAssistant.Infrastructure.Tests.Repositories.GenericRepositoryTests.ReadRepositoryTests.ApplySorting_ThrowsInvalidSortColumnException" computerName="SAI-W11" duration="00:00:00.0249195" startTime="2026-04-27T15:16:13.0309474+01:00" endTime="2026-04-27T15:16:13.0309480+01:00" testType="13cdc9d9-ddb5-4fa4-a97d-d965ccfc6d4b" outcome="Passed" testListId="8c84fa94-04c1-424b-9868-57a2d4851a1d" relativeResultsDirectory="470eb7ed-58ba-47a4-8aa1-22fae08e04e1" />
    <UnitTestResult executionId="2a87caf8-0e0f-4640-919d-611a6a7c7d44" testId="ac7497d6-71b5-64e8-1c5b-0938ffdf0299" testName="Sai.DealAssistant.Infrastructure.Tests.Repositories.GenericRepositoryTests.ReadRepositoryTests.SelectPagedAsync_ThrowsInvalidSortColumnException" computerName="SAI-W11" duration="00:00:00.0652280" startTime="2026-04-27T15:16:13.7276331+01:00" endTime="2026-04-27T15:16:13.7276335+01:00" testType="13cdc9d9-ddb5-4fa4-a97d-d965ccfc6d4b" outcome="Passed" testListId="8c84fa94-04c1-424b-9868-57a2d4851a1d" relativeResultsDirectory="2a87caf8-0e0f-4640-919d-611a6a7c7d44" />
    <UnitTestResult executionId="2251ca9c-3e61-4351-ba39-07211912f7ed" testId="bfe814d8-c538-93de-ef56-a817cf11863a" testName="Sai.DealAssistant.Infrastructure.Tests.Repositories.GenericRepositoryTests.ReadRepositoryTests.SelectPagedAsync_ReturnsAll_SortByEmail_LastPage" computerName="SAI-W11" duration="00:00:00.0498419" startTime="2026-04-27T15:16:13.3849535+01:00" endTime="2026-04-27T15:16:13.3849537+01:00" testType="13cdc9d9-ddb5-4fa4-a97d-d965ccfc6d4b" outcome="Passed" testListId="8c84fa94-04c1-424b-9868-57a2d4851a1d" relativeResultsDirectory="2251ca9c-3e61-4351-ba39-07211912f7ed" />
    <UnitTestResult executionId="d7a80be3-e44d-4e3b-bdff-c2d3ffe12e4b" testId="f326dd1f-aedd-d307-7b9e-0fa5f3201931" testName="Sai.DealAssistant.Infrastructure.Tests.Repositories.GenericRepositoryTests.ReadRepositoryTests.SingleOrDefaultAsync_ReturnsItem_WhenItemExists" computerName="SAI-W11" duration="00:00:00.0303534" startTime="2026-04-27T15:16:13.2110712+01:00" endTime="2026-04-27T15:16:13.2110714+01:00" testType="13cdc9d9-ddb5-4fa4-a97d-d965ccfc6d4b" outcome="Passed" testListId="8c84fa94-04c1-424b-9868-57a2d4851a1d" relativeResultsDirectory="d7a80be3-e44d-4e3b-bdff-c2d3ffe12e4b" />
    <UnitTestResult executionId="0685ac3e-4c70-4541-aaef-5295cb9ea6bf" testId="821793b1-eb91-c7a3-2bb7-a418da5c2f9d" testName="Sai.DealAssistant.Infrastructure.Tests.Persistence.DenormFieldsTests.CreateDeal_SetsDenormFirmName" computerName="SAI-W11" duration="00:00:12.8351279" startTime="2026-04-27T15:17:25.1649229+01:00" endTime="2026-04-27T15:17:25.1649230+01:00" testType="13cdc9d9-ddb5-4fa4-a97d-d965ccfc6d4b" outcome="Passed" testListId="8c84fa94-04c1-424b-9868-57a2d4851a1d" relativeResultsDirectory="0685ac3e-4c70-4541-aaef-5295cb9ea6bf" />
    <UnitTestResult executionId="d0e2bf67-239b-4f23-b8ed-9c58232a3b9d" testId="c60741ba-ce87-4389-62b6-abfaecce0cb4" testName="Sai.DealAssistant.Infrastructure.Tests.Repositories.GenericRepositoryTests.CrudRepositoryTests.DeleteAsync_DeletesSampleEmployee" computerName="SAI-W11" duration="00:00:00.0231882" startTime="2026-04-27T15:16:13.0748095+01:00" endTime="2026-04-27T15:16:13.0748097+01:00" testType="13cdc9d9-ddb5-4fa4-a97d-d965ccfc6d4b" outcome="Passed" testListId="8c84fa94-04c1-424b-9868-57a2d4851a1d" relativeResultsDirectory="d0e2bf67-239b-4f23-b8ed-9c58232a3b9d" />
    <UnitTestResult executionId="696a596a-040c-45e8-bd3f-0aa2a3cbcd73" testId="fd7bed65-2efb-3e90-0c1a-e47dc5ccec0a" testName="Sai.DealAssistant.Infrastructure.Tests.Persistence.DenormFieldsTests.UpdateDeal_FirmIdChanged_UpdatesDenormFirmName" computerName="SAI-W11" duration="00:00:10.6165994" startTime="2026-04-27T15:17:46.6072363+01:00" endTime="2026-04-27T15:17:46.6072365+01:00" testType="13cdc9d9-ddb5-4fa4-a97d-d965ccfc6d4b" outcome="Passed" testListId="8c84fa94-04c1-424b-9868-57a2d4851a1d" relativeResultsDirectory="696a596a-040c-45e8-bd3f-0aa2a3cbcd73" />
    <UnitTestResult executionId="b62c8a52-367a-42f8-9745-8f193a40a4a7" testId="9817eabf-4a92-b4bd-b04c-d5bb5964faa6" testName="Sai.DealAssistant.Infrastructure.Tests.Repositories.GenericRepositoryTests.ReadRepositoryTests.FirstOrDefaultAsync_ReturnsItem_WhenItemExists" computerName="SAI-W11" duration="00:00:00.0288146" startTime="2026-04-27T15:16:13.1307662+01:00" endTime="2026-04-27T15:16:13.1307664+01:00" testType="13cdc9d9-ddb5-4fa4-a97d-d965ccfc6d4b" outcome="Passed" testListId="8c84fa94-04c1-424b-9868-57a2d4851a1d" relativeResultsDirectory="b62c8a52-367a-42f8-9745-8f193a40a4a7" />
    <UnitTestResult executionId="b5aaa4e9-35f8-4ac2-a592-d6aeed52b9e4" testId="e2c108e4-5239-e09a-752b-7b6bd3fb2261" testName="Sai.DealAssistant.Infrastructure.Tests.Repositories.GenericRepositoryTests.ReadRepositoryTests.ApplySorting_SortsAscending" computerName="SAI-W11" duration="00:00:00.0305094" startTime="2026-04-27T15:16:13.2429099+01:00" endTime="2026-04-27T15:16:13.2429103+01:00" testType="13cdc9d9-ddb5-4fa4-a97d-d965ccfc6d4b" outcome="Passed" testListId="8c84fa94-04c1-424b-9868-57a2d4851a1d" relativeResultsDirectory="b5aaa4e9-35f8-4ac2-a592-d6aeed52b9e4" />
    <UnitTestResult executionId="b148acd5-fb63-4409-9755-c2c3b5bef44f" testId="a9a149e2-684b-29cd-32ba-3268edaa6702" testName="Sai.DealAssistant.Infrastructure.Tests.Repositories.GenericRepositoryTests.ReadRepositoryTests.CountAsync_ReturnsFiltered" computerName="SAI-W11" duration="00:00:00.2162655" startTime="2026-04-27T15:16:12.9104194+01:00" endTime="2026-04-27T15:16:12.9104197+01:00" testType="13cdc9d9-ddb5-4fa4-a97d-d965ccfc6d4b" outcome="Passed" testListId="8c84fa94-04c1-424b-9868-57a2d4851a1d" relativeResultsDirectory="b148acd5-fb63-4409-9755-c2c3b5bef44f" />
    <UnitTestResult executionId="d2e49b95-7a26-44c9-b4aa-2e723b0e7a94" testId="0b38bb53-002a-e188-4fe2-417fb886c207" testName="Sai.DealAssistant.Infrastructure.Tests.Repositories.GenericRepositoryTests.ReadRepositoryTests.SelectPagedAsync_AfterLastPage_ShouldBeEmpty" computerName="SAI-W11" duration="00:00:00.0269110" startTime="2026-04-27T15:16:13.3350032+01:00" endTime="2026-04-27T15:16:13.3350035+01:00" testType="13cdc9d9-ddb5-4fa4-a97d-d965ccfc6d4b" outcome="Passed" testListId="8c84fa94-04c1-424b-9868-57a2d4851a1d" relativeResultsDirectory="d2e49b95-7a26-44c9-b4aa-2e723b0e7a94" />
    <UnitTestResult executionId="bbe80e7b-0dcf-4216-92a0-51ca8995e1ce" testId="72919150-5887-87f4-4a6f-48ea004d02e3" testName="Sai.DealAssistant.Infrastructure.Tests.Persistence.DenormFieldsTests.DeleteEvent_WhenMultipleEvents_SetsDenormLastActionDateToRemainingMax" computerName="SAI-W11" duration="00:00:45.3361649" startTime="2026-04-27T15:16:56.4156620+01:00" endTime="2026-04-27T15:16:56.4156624+01:00" testType="13cdc9d9-ddb5-4fa4-a97d-d965ccfc6d4b" outcome="Passed" testListId="8c84fa94-04c1-424b-9868-57a2d4851a1d" relativeResultsDirectory="bbe80e7b-0dcf-4216-92a0-51ca8995e1ce" />
    <UnitTestResult executionId="842722d2-760d-4224-a27f-d0dd0096c5c2" testId="e238d11b-e1e2-9e04-4658-a10b70c8c0e0" testName="Sai.DealAssistant.Infrastructure.Tests.Repositories.GenericRepositoryTests.CrudRepositoryTests.DeleteAsync_DeletesSampleEmployeeById" computerName="SAI-W11" duration="00:00:00.1078056" startTime="2026-04-27T15:16:12.9713729+01:00" endTime="2026-04-27T15:16:12.9713730+01:00" testType="13cdc9d9-ddb5-4fa4-a97d-d965ccfc6d4b" outcome="Passed" testListId="8c84fa94-04c1-424b-9868-57a2d4851a1d" relativeResultsDirectory="842722d2-760d-4224-a27f-d0dd0096c5c2" />
    <UnitTestResult executionId="0d9a3ccf-43cb-41c9-afca-d17533372990" testId="f111b91a-dee7-b574-1506-4287bc17fba1" testName="Sai.DealAssistant.Infrastructure.Tests.Repositories.GenericRepositoryTests.ReadRepositoryTests.SelectAsync_ReturnsAll" computerName="SAI-W11" duration="00:00:00.0984979" startTime="2026-04-27T15:16:13.0058836+01:00" endTime="2026-04-27T15:16:13.0058838+01:00" testType="13cdc9d9-ddb5-4fa4-a97d-d965ccfc6d4b" outcome="Passed" testListId="8c84fa94-04c1-424b-9868-57a2d4851a1d" relativeResultsDirectory="0d9a3ccf-43cb-41c9-afca-d17533372990" />
    <UnitTestResult executionId="af21dc0b-2d1a-4e50-aa9f-39c6321ed74b" testId="f38b4d81-fd18-5172-e695-fab88f35652d" testName="Sai.DealAssistant.Infrastructure.Tests.Repositories.GenericRepositoryTests.ReadRepositoryTests.FirstOrDefaultAsync_ReturnsNull_WhenItemDoesNotExist" computerName="SAI-W11" duration="00:00:00.0201268" startTime="2026-04-27T15:16:13.1510711+01:00" endTime="2026-04-27T15:16:13.1510714+01:00" testType="13cdc9d9-ddb5-4fa4-a97d-d965ccfc6d4b" outcome="Passed" testListId="8c84fa94-04c1-424b-9868-57a2d4851a1d" relativeResultsDirectory="af21dc0b-2d1a-4e50-aa9f-39c6321ed74b" />
    <UnitTestResult executionId="b79c5982-4439-42ed-be97-b1e1a1f14f6b" testId="a0343a1f-04a1-5c88-b3ed-7007324c208d" testName="Sai.DealAssistant.Infrastructure.Tests.Repositories.GenericRepositoryTests.ReadRepositoryTests.ApplySorting_ThrowsArgumentNullException_ForColumn" computerName="SAI-W11" duration="00:00:00.0279980" startTime="2026-04-27T15:16:13.2700403+01:00" endTime="2026-04-27T15:16:13.2700405+01:00" testType="13cdc9d9-ddb5-4fa4-a97d-d965ccfc6d4b" outcome="Passed" testListId="8c84fa94-04c1-424b-9868-57a2d4851a1d" relativeResultsDirectory="b79c5982-4439-42ed-be97-b1e1a1f14f6b" />
    <UnitTestResult executionId="d0fa36ec-34c3-4bb8-a07e-ff047609a8b5" testId="4f50c7e4-27c1-b6ae-f410-bc87cd6855b7" testName="Sai.DealAssistant.Infrastructure.Tests.Repositories.GenericRepositoryTests.CrudRepositoryTests.UpdateAsync_WithChangedName_UpdatesSampleEmployee" computerName="SAI-W11" duration="00:00:01.7818875" startTime="2026-04-27T15:16:12.8633783+01:00" endTime="2026-04-27T15:16:12.8633785+01:00" testType="13cdc9d9-ddb5-4fa4-a97d-d965ccfc6d4b" outcome="Passed" testListId="8c84fa94-04c1-424b-9868-57a2d4851a1d" relativeResultsDirectory="d0fa36ec-34c3-4bb8-a07e-ff047609a8b5" />
    <UnitTestResult executionId="8c1a0797-4604-4953-bfa4-84577eb20c89" testId="5b7f3d86-82c9-9ed6-004b-48b6a036a044" testName="Sai.DealAssistant.Infrastructure.Tests.Repositories.GenericRepositoryTests.FieldUpdateRepositoryTests.UpdateFieldAsync_UpdatesNumericField" computerName="SAI-W11" duration="00:00:01.4822549" startTime="2026-04-27T15:16:12.5785873+01:00" endTime="2026-04-27T15:16:12.5786189+01:00" testType="13cdc9d9-ddb5-4fa4-a97d-d965ccfc6d4b" outcome="Passed" testListId="8c84fa94-04c1-424b-9868-57a2d4851a1d" relativeResultsDirectory="8c1a0797-4604-4953-bfa4-84577eb20c89" />
    <UnitTestResult executionId="9cdf7631-2679-4692-869f-4f24707ab790" testId="05b35716-8b80-c898-e9c0-db852b006064" testName="Sai.DealAssistant.Infrastructure.Tests.Repositories.GenericRepositoryTests.EnumCache_Tests.GetAllAsync_ReturnsSeededDealTypes" computerName="SAI-W11" duration="00:00:00.0280278" startTime="2026-04-27T15:16:12.9545312+01:00" endTime="2026-04-27T15:16:12.9545315+01:00" testType="13cdc9d9-ddb5-4fa4-a97d-d965ccfc6d4b" outcome="Passed" testListId="8c84fa94-04c1-424b-9868-57a2d4851a1d" relativeResultsDirectory="9cdf7631-2679-4692-869f-4f24707ab790" />
    <UnitTestResult executionId="7c5040c5-33b8-4bf0-9595-4cfb7e6131d2" testId="7e2b956a-20da-d288-c32e-fdfd7d19156c" testName="Sai.DealAssistant.Infrastructure.Tests.Repositories.GenericRepositoryTests.FieldUpdateRepositoryTests.UpdateFieldAsync_TableNotExists_Throws" computerName="SAI-W11" duration="00:00:00.0016497" startTime="2026-04-27T15:16:12.6887922+01:00" endTime="2026-04-27T15:16:12.6887922+01:00" testType="13cdc9d9-ddb5-4fa4-a97d-d965ccfc6d4b" outcome="Passed" testListId="8c84fa94-04c1-424b-9868-57a2d4851a1d" relativeResultsDirectory="7c5040c5-33b8-4bf0-9595-4cfb7e6131d2" />
    <UnitTestResult executionId="cbf34189-7517-4b4f-8b53-9eb8b7fdee52" testId="4c2e6fe7-2828-2971-df3a-e3ed0ec580cb" testName="Sai.DealAssistant.Infrastructure.Tests.Repositories.GenericRepositoryTests.ReadRepositoryTests.ApplySorting_SortsDescending" computerName="SAI-W11" duration="00:00:00.0291771" startTime="2026-04-27T15:16:13.1805196+01:00" endTime="2026-04-27T15:16:13.1805197+01:00" testType="13cdc9d9-ddb5-4fa4-a97d-d965ccfc6d4b" outcome="Passed" testListId="8c84fa94-04c1-424b-9868-57a2d4851a1d" relativeResultsDirectory="cbf34189-7517-4b4f-8b53-9eb8b7fdee52" />
    <UnitTestResult executionId="9490b081-68ac-4370-91e6-799182ba4859" testId="a8d65476-b903-071b-760c-2ad4f4d33be6" testName="Sai.DealAssistant.Infrastructure.Tests.Repositories.GenericRepositoryTests.FieldUpdateRepositoryTests.UpdateFieldAsync_ColumnNotExists_Throws" computerName="SAI-W11" duration="00:00:00.0218969" startTime="2026-04-27T15:16:12.6761410+01:00" endTime="2026-04-27T15:16:12.6761412+01:00" testType="13cdc9d9-ddb5-4fa4-a97d-d965ccfc6d4b" outcome="Passed" testListId="8c84fa94-04c1-424b-9868-57a2d4851a1d" relativeResultsDirectory="9490b081-68ac-4370-91e6-799182ba4859" />
    <UnitTestResult executionId="5e899f6e-bbe2-4508-9235-6b165f65c1c7" testId="d81382b6-74ad-b86b-99ea-3177e5a4a7b0" testName="Sai.DealAssistant.Infrastructure.Tests.Repositories.GenericRepositoryTests.ReadRepositoryTests.SelectPagedAsync_ReturnsFiltered_SortDefault_FirstPage" computerName="SAI-W11" duration="00:00:00.0430798" startTime="2026-04-27T15:16:13.7776284+01:00" endTime="2026-04-27T15:16:13.7776288+01:00" testType="13cdc9d9-ddb5-4fa4-a97d-d965ccfc6d4b" outcome="Passed" testListId="8c84fa94-04c1-424b-9868-57a2d4851a1d" relativeResultsDirectory="5e899f6e-bbe2-4508-9235-6b165f65c1c7" />
    <UnitTestResult executionId="3f49769a-edab-4d32-bb91-adfcb16930db" testId="25e0e243-3b2f-051b-5904-3623e34db590" testName="Sai.DealAssistant.Infrastructure.Tests.Repositories.GenericRepositoryTests.FieldUpdateRepositoryTests.UpdateFieldAsync_UpdatesStringField" computerName="SAI-W11" duration="00:00:00.0551637" startTime="2026-04-27T15:16:12.6410223+01:00" endTime="2026-04-27T15:16:12.6410225+01:00" testType="13cdc9d9-ddb5-4fa4-a97d-d965ccfc6d4b" outcome="Passed" testListId="8c84fa94-04c1-424b-9868-57a2d4851a1d" relativeResultsDirectory="3f49769a-edab-4d32-bb91-adfcb16930db" />
    <UnitTestResult executionId="dc7fb724-99e3-4efb-972d-5a215c962c81" testId="320b8350-8c67-b05d-edb2-e11fae16e998" testName="Sai.DealAssistant.Infrastructure.Tests.Repositories.GenericRepositoryTests.ReadRepositoryTests.SelectPagedAsync_ReturnsAll_SortDefault_FirstPage" computerName="SAI-W11" duration="00:00:00.0688119" startTime="2026-04-27T15:16:13.5272749+01:00" endTime="2026-04-27T15:16:13.5272751+01:00" testType="13cdc9d9-ddb5-4fa4-a97d-d965ccfc6d4b" outcome="Passed" testListId="8c84fa94-04c1-424b-9868-57a2d4851a1d" relativeResultsDirectory="dc7fb724-99e3-4efb-972d-5a215c962c81" />
    <UnitTestResult executionId="b0142944-0dae-4ff9-b1a2-ca39cc724e28" testId="cc459ca6-39a6-38b1-cef5-05d96d911ed4" testName="Sai.DealAssistant.Infrastructure.Tests.Persistence.DenormFieldsTests.DeleteEvent_WhenOnlyEvent_ClearsDenormLastActionDate" computerName="SAI-W11" duration="00:00:10.8232939" startTime="2026-04-27T15:17:35.9904436+01:00" endTime="2026-04-27T15:17:35.9904438+01:00" testType="13cdc9d9-ddb5-4fa4-a97d-d965ccfc6d4b" outcome="Passed" testListId="8c84fa94-04c1-424b-9868-57a2d4851a1d" relativeResultsDirectory="b0142944-0dae-4ff9-b1a2-ca39cc724e28" />
  </Results>
  <TestDefinitions>
    <UnitTest name="Sai.DealAssistant.Infrastructure.Tests.Repositories.GenericRepositoryTests.CrudRepositoryTests.CreateAsync_CreatesSampleEmployee" storage="c:\_proj\sai.dealassistant\sai-deal-assistant-backend\src\tests\sai.dealassistant.infrastructure.tests\bin\debug\net8.0\sai.dealassistant.infrastructure.tests.dll" id="9704f739-0251-d674-9762-c0620410d507">
      <Execution id="21ee9899-ea70-4f40-8593-2e264c565153" />
      <TestMethod codeBase="C:\_PROJ\Sai.DealAssistant\sai-deal-assistant-backend\src\Tests\Sai.DealAssistant.Infrastructure.Tests\bin\Debug\net8.0\Sai.DealAssistant.Infrastructure.Tests.dll" adapterTypeName="executor://xunit/VsTestRunner2/netcoreapp" className="Sai.DealAssistant.Infrastructure.Tests.Repositories.GenericRepositoryTests.CrudRepositoryTests" name="CreateAsync_CreatesSampleEmployee" />
    </UnitTest>
    <UnitTest name="Sai.DealAssistant.Infrastructure.Tests.Persistence.DenormFieldsTests.UpdateDeal_FirmIdChanged_UpdatesDenormFirmName" storage="c:\_proj\sai.dealassistant\sai-deal-assistant-backend\src\tests\sai.dealassistant.infrastructure.tests\bin\debug\net8.0\sai.dealassistant.infrastructure.tests.dll" id="fd7bed65-2efb-3e90-0c1a-e47dc5ccec0a">
      <Execution id="696a596a-040c-45e8-bd3f-0aa2a3cbcd73" />
      <TestMethod codeBase="C:\_PROJ\Sai.DealAssistant\sai-deal-assistant-backend\src\Tests\Sai.DealAssistant.Infrastructure.Tests\bin\Debug\net8.0\Sai.DealAssistant.Infrastructure.Tests.dll" adapterTypeName="executor://xunit/VsTestRunner2/netcoreapp" className="Sai.DealAssistant.Infrastructure.Tests.Persistence.DenormFieldsTests" name="UpdateDeal_FirmIdChanged_UpdatesDenormFirmName" />
    </UnitTest>
    <UnitTest name="Sai.DealAssistant.Infrastructure.Tests.Persistence.DenormFieldsTests.DeleteEvent_WhenOnlyEvent_ClearsDenormLastActionDate" storage="c:\_proj\sai.dealassistant\sai-deal-assistant-backend\src\tests\sai.dealassistant.infrastructure.tests\bin\debug\net8.0\sai.dealassistant.infrastructure.tests.dll" id="cc459ca6-39a6-38b1-cef5-05d96d911ed4">
      <Execution id="b0142944-0dae-4ff9-b1a2-ca39cc724e28" />
      <TestMethod codeBase="C:\_PROJ\Sai.DealAssistant\sai-deal-assistant-backend\src\Tests\Sai.DealAssistant.Infrastructure.Tests\bin\Debug\net8.0\Sai.DealAssistant.Infrastructure.Tests.dll" adapterTypeName="executor://xunit/VsTestRunner2/netcoreapp" className="Sai.DealAssistant.Infrastructure.Tests.Persistence.DenormFieldsTests" name="DeleteEvent_WhenOnlyEvent_ClearsDenormLastActionDate" />
    </UnitTest>
    <UnitTest name="Sai.DealAssistant.Infrastructure.Tests.Repositories.GenericRepositoryTests.ReadRepositoryTests.ApplySorting_SortsDescending" storage="c:\_proj\sai.dealassistant\sai-deal-assistant-backend\src\tests\sai.dealassistant.infrastructure.tests\bin\debug\net8.0\sai.dealassistant.infrastructure.tests.dll" id="4c2e6fe7-2828-2971-df3a-e3ed0ec580cb">
      <Execution id="cbf34189-7517-4b4f-8b53-9eb8b7fdee52" />
      <TestMethod codeBase="C:\_PROJ\Sai.DealAssistant\sai-deal-assistant-backend\src\Tests\Sai.DealAssistant.Infrastructure.Tests\bin\Debug\net8.0\Sai.DealAssistant.Infrastructure.Tests.dll" adapterTypeName="executor://xunit/VsTestRunner2/netcoreapp" className="Sai.DealAssistant.Infrastructure.Tests.Repositories.GenericRepositoryTests.ReadRepositoryTests" name="ApplySorting_SortsDescending" />
    </UnitTest>
    <UnitTest name="Sai.DealAssistant.Infrastructure.Tests.Repositories.GenericRepositoryTests.ReadRepositoryTests.SelectPagedAsync_ReturnsAll_SortDefault_FirstPage" storage="c:\_proj\sai.dealassistant\sai-deal-assistant-backend\src\tests\sai.dealassistant.infrastructure.tests\bin\debug\net8.0\sai.dealassistant.infrastructure.tests.dll" id="320b8350-8c67-b05d-edb2-e11fae16e998">
      <Execution id="dc7fb724-99e3-4efb-972d-5a215c962c81" />
      <TestMethod codeBase="C:\_PROJ\Sai.DealAssistant\sai-deal-assistant-backend\src\Tests\Sai.DealAssistant.Infrastructure.Tests\bin\Debug\net8.0\Sai.DealAssistant.Infrastructure.Tests.dll" adapterTypeName="executor://xunit/VsTestRunner2/netcoreapp" className="Sai.DealAssistant.Infrastructure.Tests.Repositories.GenericRepositoryTests.ReadRepositoryTests" name="SelectPagedAsync_ReturnsAll_SortDefault_FirstPage" />
    </UnitTest>
    <UnitTest name="Sai.DealAssistant.Infrastructure.Tests.Repositories.GenericRepositoryTests.FieldUpdateRepositoryTests.UpdateFieldAsync_UpdatesDateField" storage="c:\_proj\sai.dealassistant\sai-deal-assistant-backend\src\tests\sai.dealassistant.infrastructure.tests\bin\debug\net8.0\sai.dealassistant.infrastructure.tests.dll" id="f8a80593-625b-555b-eb20-9b507c35dc99">
      <Execution id="7a1d3e43-01c2-4da1-ba64-a7abc00cdb24" />
      <TestMethod codeBase="C:\_PROJ\Sai.DealAssistant\sai-deal-assistant-backend\src\Tests\Sai.DealAssistant.Infrastructure.Tests\bin\Debug\net8.0\Sai.DealAssistant.Infrastructure.Tests.dll" adapterTypeName="executor://xunit/VsTestRunner2/netcoreapp" className="Sai.DealAssistant.Infrastructure.Tests.Repositories.GenericRepositoryTests.FieldUpdateRepositoryTests" name="UpdateFieldAsync_UpdatesDateField" />
    </UnitTest>
    <UnitTest name="Sai.DealAssistant.Infrastructure.Tests.Repositories.GenericRepositoryTests.ReadRepositoryTests.ApplySorting_ThrowsArgumentNullException_ForColumn" storage="c:\_proj\sai.dealassistant\sai-deal-assistant-backend\src\tests\sai.dealassistant.infrastructure.tests\bin\debug\net8.0\sai.dealassistant.infrastructure.tests.dll" id="a0343a1f-04a1-5c88-b3ed-7007324c208d">
      <Execution id="b79c5982-4439-42ed-be97-b1e1a1f14f6b" />
      <TestMethod codeBase="C:\_PROJ\Sai.DealAssistant\sai-deal-assistant-backend\src\Tests\Sai.DealAssistant.Infrastructure.Tests\bin\Debug\net8.0\Sai.DealAssistant.Infrastructure.Tests.dll" adapterTypeName="executor://xunit/VsTestRunner2/netcoreapp" className="Sai.DealAssistant.Infrastructure.Tests.Repositories.GenericRepositoryTests.ReadRepositoryTests" name="ApplySorting_ThrowsArgumentNullException_ForColumn" />
    </UnitTest>
    <UnitTest name="Sai.DealAssistant.Infrastructure.Tests.Repositories.GenericRepositoryTests.EnumCache_Tests.GetAllAsync_ReturnsSeededDealTypes" storage="c:\_proj\sai.dealassistant\sai-deal-assistant-backend\src\tests\sai.dealassistant.infrastructure.tests\bin\debug\net8.0\sai.dealassistant.infrastructure.tests.dll" id="05b35716-8b80-c898-e9c0-db852b006064">
      <Execution id="9cdf7631-2679-4692-869f-4f24707ab790" />
      <TestMethod codeBase="C:\_PROJ\Sai.DealAssistant\sai-deal-assistant-backend\src\Tests\Sai.DealAssistant.Infrastructure.Tests\bin\Debug\net8.0\Sai.DealAssistant.Infrastructure.Tests.dll" adapterTypeName="executor://xunit/VsTestRunner2/netcoreapp" className="Sai.DealAssistant.Infrastructure.Tests.Repositories.GenericRepositoryTests.EnumCache_Tests" name="GetAllAsync_ReturnsSeededDealTypes" />
    </UnitTest>
    <UnitTest name="Sai.DealAssistant.Infrastructure.Tests.Repositories.GenericRepositoryTests.CrudRepositoryTests.DeleteAsync_ForNonExistingId_ReturnsNull" storage="c:\_proj\sai.dealassistant\sai-deal-assistant-backend\src\tests\sai.dealassistant.infrastructure.tests\bin\debug\net8.0\sai.dealassistant.infrastructure.tests.dll" id="fbe1a45a-ea29-5e55-ae65-7274ab0de3b1">
      <Execution id="91e89504-3d38-4892-a609-8c6cc16f9531" />
      <TestMethod codeBase="C:\_PROJ\Sai.DealAssistant\sai-deal-assistant-backend\src\Tests\Sai.DealAssistant.Infrastructure.Tests\bin\Debug\net8.0\Sai.DealAssistant.Infrastructure.Tests.dll" adapterTypeName="executor://xunit/VsTestRunner2/netcoreapp" className="Sai.DealAssistant.Infrastructure.Tests.Repositories.GenericRepositoryTests.CrudRepositoryTests" name="DeleteAsync_ForNonExistingId_ReturnsNull" />
    </UnitTest>
    <UnitTest name="Sai.DealAssistant.Infrastructure.Tests.Repositories.GenericRepositoryTests.ReadRepositoryTests.CountAsync_ReturnsFiltered" storage="c:\_proj\sai.dealassistant\sai-deal-assistant-backend\src\tests\sai.dealassistant.infrastructure.tests\bin\debug\net8.0\sai.dealassistant.infrastructure.tests.dll" id="a9a149e2-684b-29cd-32ba-3268edaa6702">
      <Execution id="b148acd5-fb63-4409-9755-c2c3b5bef44f" />
      <TestMethod codeBase="C:\_PROJ\Sai.DealAssistant\sai-deal-assistant-backend\src\Tests\Sai.DealAssistant.Infrastructure.Tests\bin\Debug\net8.0\Sai.DealAssistant.Infrastructure.Tests.dll" adapterTypeName="executor://xunit/VsTestRunner2/netcoreapp" className="Sai.DealAssistant.Infrastructure.Tests.Repositories.GenericRepositoryTests.ReadRepositoryTests" name="CountAsync_ReturnsFiltered" />
    </UnitTest>
    <UnitTest name="Sai.DealAssistant.Infrastructure.Tests.Repositories.GenericRepositoryTests.ReadRepositoryTests.SelectPagedAsync_ReturnsAll_SortByEmail_LastPage" storage="c:\_proj\sai.dealassistant\sai-deal-assistant-backend\src\tests\sai.dealassistant.infrastructure.tests\bin\debug\net8.0\sai.dealassistant.infrastructure.tests.dll" id="bfe814d8-c538-93de-ef56-a817cf11863a">
      <Execution id="2251ca9c-3e61-4351-ba39-07211912f7ed" />
      <TestMethod codeBase="C:\_PROJ\Sai.DealAssistant\sai-deal-assistant-backend\src\Tests\Sai.DealAssistant.Infrastructure.Tests\bin\Debug\net8.0\Sai.DealAssistant.Infrastructure.Tests.dll" adapterTypeName="executor://xunit/VsTestRunner2/netcoreapp" className="Sai.DealAssistant.Infrastructure.Tests.Repositories.GenericRepositoryTests.ReadRepositoryTests" name="SelectPagedAsync_ReturnsAll_SortByEmail_LastPage" />
    </UnitTest>
    <UnitTest name="Sai.DealAssistant.Infrastructure.Tests.Repositories.GenericRepositoryTests.ReadRepositoryTests.SelectPagedAsync_ThrowsInvalidSortColumnException" storage="c:\_proj\sai.dealassistant\sai-deal-assistant-backend\src\tests\sai.dealassistant.infrastructure.tests\bin\debug\net8.0\sai.dealassistant.infrastructure.tests.dll" id="ac7497d6-71b5-64e8-1c5b-0938ffdf0299">
      <Execution id="2a87caf8-0e0f-4640-919d-611a6a7c7d44" />
      <TestMethod codeBase="C:\_PROJ\Sai.DealAssistant\sai-deal-assistant-backend\src\Tests\Sai.DealAssistant.Infrastructure.Tests\bin\Debug\net8.0\Sai.DealAssistant.Infrastructure.Tests.dll" adapterTypeName="executor://xunit/VsTestRunner2/netcoreapp" className="Sai.DealAssistant.Infrastructure.Tests.Repositories.GenericRepositoryTests.ReadRepositoryTests" name="SelectPagedAsync_ThrowsInvalidSortColumnException" />
    </UnitTest>
    <UnitTest name="Sai.DealAssistant.Infrastructure.Tests.Persistence.DenormFieldsTests.CreateEvent_SetsDenormLastActionDate" storage="c:\_proj\sai.dealassistant\sai-deal-assistant-backend\src\tests\sai.dealassistant.infrastructure.tests\bin\debug\net8.0\sai.dealassistant.infrastructure.tests.dll" id="68c01459-f0e2-8b58-919c-b29ed90ee47e">
      <Execution id="9e690a80-c95b-4f73-adcd-8afb55069d28" />
      <TestMethod codeBase="C:\_PROJ\Sai.DealAssistant\sai-deal-assistant-backend\src\Tests\Sai.DealAssistant.Infrastructure.Tests\bin\Debug\net8.0\Sai.DealAssistant.Infrastructure.Tests.dll" adapterTypeName="executor://xunit/VsTestRunner2/netcoreapp" className="Sai.DealAssistant.Infrastructure.Tests.Persistence.DenormFieldsTests" name="CreateEvent_SetsDenormLastActionDate" />
    </UnitTest>
    <UnitTest name="Sai.DealAssistant.Infrastructure.Tests.Repositories.GenericRepositoryTests.CrudRepositoryTests.DeleteAsync_DeletesSampleEmployee" storage="c:\_proj\sai.dealassistant\sai-deal-assistant-backend\src\tests\sai.dealassistant.infrastructure.tests\bin\debug\net8.0\sai.dealassistant.infrastructure.tests.dll" id="c60741ba-ce87-4389-62b6-abfaecce0cb4">
      <Execution id="d0e2bf67-239b-4f23-b8ed-9c58232a3b9d" />
      <TestMethod codeBase="C:\_PROJ\Sai.DealAssistant\sai-deal-assistant-backend\src\Tests\Sai.DealAssistant.Infrastructure.Tests\bin\Debug\net8.0\Sai.DealAssistant.Infrastructure.Tests.dll" adapterTypeName="executor://xunit/VsTestRunner2/netcoreapp" className="Sai.DealAssistant.Infrastructure.Tests.Repositories.GenericRepositoryTests.CrudRepositoryTests" name="DeleteAsync_DeletesSampleEmployee" />
    </UnitTest>
    <UnitTest name="Sai.DealAssistant.Infrastructure.Tests.Repositories.GenericRepositoryTests.ReadRepositoryTests.SingleOrDefaultAsync_ReturnsItem_WhenItemExists" storage="c:\_proj\sai.dealassistant\sai-deal-assistant-backend\src\tests\sai.dealassistant.infrastructure.tests\bin\debug\net8.0\sai.dealassistant.infrastructure.tests.dll" id="f326dd1f-aedd-d307-7b9e-0fa5f3201931">
      <Execution id="d7a80be3-e44d-4e3b-bdff-c2d3ffe12e4b" />
      <TestMethod codeBase="C:\_PROJ\Sai.DealAssistant\sai-deal-assistant-backend\src\Tests\Sai.DealAssistant.Infrastructure.Tests\bin\Debug\net8.0\Sai.DealAssistant.Infrastructure.Tests.dll" adapterTypeName="executor://xunit/VsTestRunner2/netcoreapp" className="Sai.DealAssistant.Infrastructure.Tests.Repositories.GenericRepositoryTests.ReadRepositoryTests" name="SingleOrDefaultAsync_ReturnsItem_WhenItemExists" />
    </UnitTest>
    <UnitTest name="Sai.DealAssistant.Infrastructure.Tests.Repositories.GenericRepositoryTests.FieldUpdateRepositoryTests.UpdateFieldAsync_UpdatesStringField" storage="c:\_proj\sai.dealassistant\sai-deal-assistant-backend\src\tests\sai.dealassistant.infrastructure.tests\bin\debug\net8.0\sai.dealassistant.infrastructure.tests.dll" id="25e0e243-3b2f-051b-5904-3623e34db590">
      <Execution id="3f49769a-edab-4d32-bb91-adfcb16930db" />
      <TestMethod codeBase="C:\_PROJ\Sai.DealAssistant\sai-deal-assistant-backend\src\Tests\Sai.DealAssistant.Infrastructure.Tests\bin\Debug\net8.0\Sai.DealAssistant.Infrastructure.Tests.dll" adapterTypeName="executor://xunit/VsTestRunner2/netcoreapp" className="Sai.DealAssistant.Infrastructure.Tests.Repositories.GenericRepositoryTests.FieldUpdateRepositoryTests" name="UpdateFieldAsync_UpdatesStringField" />
    </UnitTest>
    <UnitTest name="Sai.DealAssistant.Infrastructure.Tests.Repositories.GenericRepositoryTests.ReadRepositoryTests.ApplySorting_SortsAscending" storage="c:\_proj\sai.dealassistant\sai-deal-assistant-backend\src\tests\sai.dealassistant.infrastructure.tests\bin\debug\net8.0\sai.dealassistant.infrastructure.tests.dll" id="e2c108e4-5239-e09a-752b-7b6bd3fb2261">
      <Execution id="b5aaa4e9-35f8-4ac2-a592-d6aeed52b9e4" />
      <TestMethod codeBase="C:\_PROJ\Sai.DealAssistant\sai-deal-assistant-backend\src\Tests\Sai.DealAssistant.Infrastructure.Tests\bin\Debug\net8.0\Sai.DealAssistant.Infrastructure.Tests.dll" adapterTypeName="executor://xunit/VsTestRunner2/netcoreapp" className="Sai.DealAssistant.Infrastructure.Tests.Repositories.GenericRepositoryTests.ReadRepositoryTests" name="ApplySorting_SortsAscending" />
    </UnitTest>
    <UnitTest name="Sai.DealAssistant.Infrastructure.Tests.Repositories.GenericRepositoryTests.ReadRepositoryTests.ExistsAsync_ReturnsTrue_ForExistingEntity" storage="c:\_proj\sai.dealassistant\sai-deal-assistant-backend\src\tests\sai.dealassistant.infrastructure.tests\bin\debug\net8.0\sai.dealassistant.infrastructure.tests.dll" id="a967686b-33b4-f3f3-9890-0bc1992e4a31">
      <Execution id="b4bf6954-6d22-4d65-a1f2-7ff1a3d3eae9" />
      <TestMethod codeBase="C:\_PROJ\Sai.DealAssistant\sai-deal-assistant-backend\src\Tests\Sai.DealAssistant.Infrastructure.Tests\bin\Debug\net8.0\Sai.DealAssistant.Infrastructure.Tests.dll" adapterTypeName="executor://xunit/VsTestRunner2/netcoreapp" className="Sai.DealAssistant.Infrastructure.Tests.Repositories.GenericRepositoryTests.ReadRepositoryTests" name="ExistsAsync_ReturnsTrue_ForExistingEntity" />
    </UnitTest>
    <UnitTest name="Sai.DealAssistant.Infrastructure.Tests.Repositories.GenericRepositoryTests.ReadRepositoryTests.FirstOrDefaultAsync_ReturnsItem_WhenItemExists" storage="c:\_proj\sai.dealassistant\sai-deal-assistant-backend\src\tests\sai.dealassistant.infrastructure.tests\bin\debug\net8.0\sai.dealassistant.infrastructure.tests.dll" id="9817eabf-4a92-b4bd-b04c-d5bb5964faa6">
      <Execution id="b62c8a52-367a-42f8-9745-8f193a40a4a7" />
      <TestMethod codeBase="C:\_PROJ\Sai.DealAssistant\sai-deal-assistant-backend\src\Tests\Sai.DealAssistant.Infrastructure.Tests\bin\Debug\net8.0\Sai.DealAssistant.Infrastructure.Tests.dll" adapterTypeName="executor://xunit/VsTestRunner2/netcoreapp" className="Sai.DealAssistant.Infrastructure.Tests.Repositories.GenericRepositoryTests.ReadRepositoryTests" name="FirstOrDefaultAsync_ReturnsItem_WhenItemExists" />
    </UnitTest>
    <UnitTest name="Sai.DealAssistant.Infrastructure.Tests.Persistence.DenormFieldsTests.CreateDeal_SetsDenormFirmName" storage="c:\_proj\sai.dealassistant\sai-deal-assistant-backend\src\tests\sai.dealassistant.infrastructure.tests\bin\debug\net8.0\sai.dealassistant.infrastructure.tests.dll" id="821793b1-eb91-c7a3-2bb7-a418da5c2f9d">
      <Execution id="0685ac3e-4c70-4541-aaef-5295cb9ea6bf" />
      <TestMethod codeBase="C:\_PROJ\Sai.DealAssistant\sai-deal-assistant-backend\src\Tests\Sai.DealAssistant.Infrastructure.Tests\bin\Debug\net8.0\Sai.DealAssistant.Infrastructure.Tests.dll" adapterTypeName="executor://xunit/VsTestRunner2/netcoreapp" className="Sai.DealAssistant.Infrastructure.Tests.Persistence.DenormFieldsTests" name="CreateDeal_SetsDenormFirmName" />
    </UnitTest>
    <UnitTest name="Sai.DealAssistant.Infrastructure.Tests.Repositories.GenericRepositoryTests.ReadRepositoryTests.SelectPagedAsync_ReturnsFiltered_SortDefault_FirstPage" storage="c:\_proj\sai.dealassistant\sai-deal-assistant-backend\src\tests\sai.dealassistant.infrastructure.tests\bin\debug\net8.0\sai.dealassistant.infrastructure.tests.dll" id="d81382b6-74ad-b86b-99ea-3177e5a4a7b0">
      <Execution id="5e899f6e-bbe2-4508-9235-6b165f65c1c7" />
      <TestMethod codeBase="C:\_PROJ\Sai.DealAssistant\sai-deal-assistant-backend\src\Tests\Sai.DealAssistant.Infrastructure.Tests\bin\Debug\net8.0\Sai.DealAssistant.Infrastructure.Tests.dll" adapterTypeName="executor://xunit/VsTestRunner2/netcoreapp" className="Sai.DealAssistant.Infrastructure.Tests.Repositories.GenericRepositoryTests.ReadRepositoryTests" name="SelectPagedAsync_ReturnsFiltered_SortDefault_FirstPage" />
    </UnitTest>
    <UnitTest name="Sai.DealAssistant.Infrastructure.Tests.UnitOfWork.UnitOfWorkTests.ExecuteResilientTransactionAsync_InputActionCompletesSuccessfully_BeginsAndCommitsTransaction" storage="c:\_proj\sai.dealassistant\sai-deal-assistant-backend\src\tests\sai.dealassistant.infrastructure.tests\bin\debug\net8.0\sai.dealassistant.infrastructure.tests.dll" id="193a0e43-3a47-5b22-3c7e-07c150be723a">
      <Execution id="e0f2016a-4160-4e86-b50f-ca9da039860a" />
      <TestMethod codeBase="C:\_PROJ\Sai.DealAssistant\sai-deal-assistant-backend\src\Tests\Sai.DealAssistant.Infrastructure.Tests\bin\Debug\net8.0\Sai.DealAssistant.Infrastructure.Tests.dll" adapterTypeName="executor://xunit/VsTestRunner2/netcoreapp" className="Sai.DealAssistant.Infrastructure.Tests.UnitOfWork.UnitOfWorkTests" name="ExecuteResilientTransactionAsync_InputActionCompletesSuccessfully_BeginsAndCommitsTransaction" />
    </UnitTest>
    <UnitTest name="Sai.DealAssistant.Infrastructure.Tests.Persistence.DenormFieldsTests.UpdateEvent_DateChanged_UpdatesDenormLastActionDate" storage="c:\_proj\sai.dealassistant\sai-deal-assistant-backend\src\tests\sai.dealassistant.infrastructure.tests\bin\debug\net8.0\sai.dealassistant.infrastructure.tests.dll" id="85d1b520-9d63-3696-a0df-1f1be2cbe478">
      <Execution id="abca76c2-6bf6-428e-b8e1-fb985a28ce47" />
      <TestMethod codeBase="C:\_PROJ\Sai.DealAssistant\sai-deal-assistant-backend\src\Tests\Sai.DealAssistant.Infrastructure.Tests\bin\Debug\net8.0\Sai.DealAssistant.Infrastructure.Tests.dll" adapterTypeName="executor://xunit/VsTestRunner2/netcoreapp" className="Sai.DealAssistant.Infrastructure.Tests.Persistence.DenormFieldsTests" name="UpdateEvent_DateChanged_UpdatesDenormLastActionDate" />
    </UnitTest>
    <UnitTest name="Sai.DealAssistant.Infrastructure.Tests.Repositories.GenericRepositoryTests.FieldUpdateRepositoryTests.UpdateFieldAsync_UpdatesNumericField" storage="c:\_proj\sai.dealassistant\sai-deal-assistant-backend\src\tests\sai.dealassistant.infrastructure.tests\bin\debug\net8.0\sai.dealassistant.infrastructure.tests.dll" id="5b7f3d86-82c9-9ed6-004b-48b6a036a044">
      <Execution id="8c1a0797-4604-4953-bfa4-84577eb20c89" />
      <TestMethod codeBase="C:\_PROJ\Sai.DealAssistant\sai-deal-assistant-backend\src\Tests\Sai.DealAssistant.Infrastructure.Tests\bin\Debug\net8.0\Sai.DealAssistant.Infrastructure.Tests.dll" adapterTypeName="executor://xunit/VsTestRunner2/netcoreapp" className="Sai.DealAssistant.Infrastructure.Tests.Repositories.GenericRepositoryTests.FieldUpdateRepositoryTests" name="UpdateFieldAsync_UpdatesNumericField" />
    </UnitTest>
    <UnitTest name="Sai.DealAssistant.Infrastructure.Tests.Repositories.GenericRepositoryTests.ReadRepositoryTests.GetAll_FilteredByCustomerId" storage="c:\_proj\sai.dealassistant\sai-deal-assistant-backend\src\tests\sai.dealassistant.infrastructure.tests\bin\debug\net8.0\sai.dealassistant.infrastructure.tests.dll" id="f8f98c89-f6e3-4ae5-ba70-dc160420889d">
      <Execution id="d1ad94aa-328a-4db9-b6af-061aac56baea" />
      <TestMethod codeBase="C:\_PROJ\Sai.DealAssistant\sai-deal-assistant-backend\src\Tests\Sai.DealAssistant.Infrastructure.Tests\bin\Debug\net8.0\Sai.DealAssistant.Infrastructure.Tests.dll" adapterTypeName="executor://xunit/VsTestRunner2/netcoreapp" className="Sai.DealAssistant.Infrastructure.Tests.Repositories.GenericRepositoryTests.ReadRepositoryTests" name="GetAll_FilteredByCustomerId" />
    </UnitTest>
    <UnitTest name="Sai.DealAssistant.Infrastructure.Tests.Repositories.GenericRepositoryTests.ReadRepositoryTests.ExistsAsync_ReturnsFalse_WhenItemDoesNotExist" storage="c:\_proj\sai.dealassistant\sai-deal-assistant-backend\src\tests\sai.dealassistant.infrastructure.tests\bin\debug\net8.0\sai.dealassistant.infrastructure.tests.dll" id="6935523f-f65e-d0cf-c3f6-365262a1a7ea">
      <Execution id="fa8d6338-6850-4bdf-a678-4cbf8fbe0887" />
      <TestMethod codeBase="C:\_PROJ\Sai.DealAssistant\sai-deal-assistant-backend\src\Tests\Sai.DealAssistant.Infrastructure.Tests\bin\Debug\net8.0\Sai.DealAssistant.Infrastructure.Tests.dll" adapterTypeName="executor://xunit/VsTestRunner2/netcoreapp" className="Sai.DealAssistant.Infrastructure.Tests.Repositories.GenericRepositoryTests.ReadRepositoryTests" name="ExistsAsync_ReturnsFalse_WhenItemDoesNotExist" />
    </UnitTest>
    <UnitTest name="Sai.DealAssistant.Infrastructure.Tests.Persistence.DenormFieldsTests.CreateMultipleEvents_SetsDenormLastActionDateToMax" storage="c:\_proj\sai.dealassistant\sai-deal-assistant-backend\src\tests\sai.dealassistant.infrastructure.tests\bin\debug\net8.0\sai.dealassistant.infrastructure.tests.dll" id="d7298ef1-0749-4da1-78d7-984e46e41f0d">
      <Execution id="951a0a0b-2b86-4dfd-944e-1ad54e7d8409" />
      <TestMethod codeBase="C:\_PROJ\Sai.DealAssistant\sai-deal-assistant-backend\src\Tests\Sai.DealAssistant.Infrastructure.Tests\bin\Debug\net8.0\Sai.DealAssistant.Infrastructure.Tests.dll" adapterTypeName="executor://xunit/VsTestRunner2/netcoreapp" className="Sai.DealAssistant.Infrastructure.Tests.Persistence.DenormFieldsTests" name="CreateMultipleEvents_SetsDenormLastActionDateToMax" />
    </UnitTest>
    <UnitTest name="Sai.DealAssistant.Infrastructure.Tests.Persistence.DenormFieldsTests.UpdateDeal_FirmIdUnchanged_DoesNotChangeDenormFirmName" storage="c:\_proj\sai.dealassistant\sai-deal-assistant-backend\src\tests\sai.dealassistant.infrastructure.tests\bin\debug\net8.0\sai.dealassistant.infrastructure.tests.dll" id="d3cbe634-d457-aa4d-5f88-75cfb62e3771">
      <Execution id="54743028-8702-4c23-9aa9-520e36e727da" />
      <TestMethod codeBase="C:\_PROJ\Sai.DealAssistant\sai-deal-assistant-backend\src\Tests\Sai.DealAssistant.Infrastructure.Tests\bin\Debug\net8.0\Sai.DealAssistant.Infrastructure.Tests.dll" adapterTypeName="executor://xunit/VsTestRunner2/netcoreapp" className="Sai.DealAssistant.Infrastructure.Tests.Persistence.DenormFieldsTests" name="UpdateDeal_FirmIdUnchanged_DoesNotChangeDenormFirmName" />
    </UnitTest>
    <UnitTest name="Sai.DealAssistant.Infrastructure.Tests.Repositories.GenericRepositoryTests.ReadRepositoryTests.SelectPagedAsync_ReturnsAll_SortDefault_LastPage" storage="c:\_proj\sai.dealassistant\sai-deal-assistant-backend\src\tests\sai.dealassistant.infrastructure.tests\bin\debug\net8.0\sai.dealassistant.infrastructure.tests.dll" id="1b4d8d3a-0163-c205-b1ee-baf15feb9a32">
      <Execution id="098e5b62-099b-4b9a-8110-7956e89db278" />
      <TestMethod codeBase="C:\_PROJ\Sai.DealAssistant\sai-deal-assistant-backend\src\Tests\Sai.DealAssistant.Infrastructure.Tests\bin\Debug\net8.0\Sai.DealAssistant.Infrastructure.Tests.dll" adapterTypeName="executor://xunit/VsTestRunner2/netcoreapp" className="Sai.DealAssistant.Infrastructure.Tests.Repositories.GenericRepositoryTests.ReadRepositoryTests" name="SelectPagedAsync_ReturnsAll_SortDefault_LastPage" />
    </UnitTest>
    <UnitTest name="Sai.DealAssistant.Infrastructure.Tests.Repositories.GenericRepositoryTests.ReadRepositoryTests.CountAsync_ReturnsAll" storage="c:\_proj\sai.dealassistant\sai-deal-assistant-backend\src\tests\sai.dealassistant.infrastructure.tests\bin\debug\net8.0\sai.dealassistant.infrastructure.tests.dll" id="a574bb46-1c03-df34-93cf-c646dad296e6">
      <Execution id="5437ab48-687e-4ee5-b64e-cea3adc1698b" />
      <TestMethod codeBase="C:\_PROJ\Sai.DealAssistant\sai-deal-assistant-backend\src\Tests\Sai.DealAssistant.Infrastructure.Tests\bin\Debug\net8.0\Sai.DealAssistant.Infrastructure.Tests.dll" adapterTypeName="executor://xunit/VsTestRunner2/netcoreapp" className="Sai.DealAssistant.Infrastructure.Tests.Repositories.GenericRepositoryTests.ReadRepositoryTests" name="CountAsync_ReturnsAll" />
    </UnitTest>
    <UnitTest name="Sai.DealAssistant.Infrastructure.Tests.Repositories.GenericRepositoryTests.EnumCache_Tests.GetAllAsync_CachesResultsAcrossCalls" storage="c:\_proj\sai.dealassistant\sai-deal-assistant-backend\src\tests\sai.dealassistant.infrastructure.tests\bin\debug\net8.0\sai.dealassistant.infrastructure.tests.dll" id="1a8c3b8a-f442-fa63-4012-8369a5cc7cb0">
      <Execution id="7f399572-e267-436c-b12e-c4ee8777b218" />
      <TestMethod codeBase="C:\_PROJ\Sai.DealAssistant\sai-deal-assistant-backend\src\Tests\Sai.DealAssistant.Infrastructure.Tests\bin\Debug\net8.0\Sai.DealAssistant.Infrastructure.Tests.dll" adapterTypeName="executor://xunit/VsTestRunner2/netcoreapp" className="Sai.DealAssistant.Infrastructure.Tests.Repositories.GenericRepositoryTests.EnumCache_Tests" name="GetAllAsync_CachesResultsAcrossCalls" />
    </UnitTest>
    <UnitTest name="Sai.DealAssistant.Infrastructure.Tests.Repositories.GenericRepositoryTests.ReadRepositoryTests.GetAll_ReturnsAll" storage="c:\_proj\sai.dealassistant\sai-deal-assistant-backend\src\tests\sai.dealassistant.infrastructure.tests\bin\debug\net8.0\sai.dealassistant.infrastructure.tests.dll" id="a8620362-50a4-f444-677e-3025fd0e754f">
      <Execution id="7f593ee1-5127-4f15-8152-0642f1c0cc6e" />
      <TestMethod codeBase="C:\_PROJ\Sai.DealAssistant\sai-deal-assistant-backend\src\Tests\Sai.DealAssistant.Infrastructure.Tests\bin\Debug\net8.0\Sai.DealAssistant.Infrastructure.Tests.dll" adapterTypeName="executor://xunit/VsTestRunner2/netcoreapp" className="Sai.DealAssistant.Infrastructure.Tests.Repositories.GenericRepositoryTests.ReadRepositoryTests" name="GetAll_ReturnsAll" />
    </UnitTest>
    <UnitTest name="Sai.DealAssistant.Infrastructure.Tests.Repositories.GenericRepositoryTests.FieldUpdateRepositoryTests.UpdateFieldAsync_ColumnNotExists_Throws" storage="c:\_proj\sai.dealassistant\sai-deal-assistant-backend\src\tests\sai.dealassistant.infrastructure.tests\bin\debug\net8.0\sai.dealassistant.infrastructure.tests.dll" id="a8d65476-b903-071b-760c-2ad4f4d33be6">
      <Execution id="9490b081-68ac-4370-91e6-799182ba4859" />
      <TestMethod codeBase="C:\_PROJ\Sai.DealAssistant\sai-deal-assistant-backend\src\Tests\Sai.DealAssistant.Infrastructure.Tests\bin\Debug\net8.0\Sai.DealAssistant.Infrastructure.Tests.dll" adapterTypeName="executor://xunit/VsTestRunner2/netcoreapp" className="Sai.DealAssistant.Infrastructure.Tests.Repositories.GenericRepositoryTests.FieldUpdateRepositoryTests" name="UpdateFieldAsync_ColumnNotExists_Throws" />
    </UnitTest>
    <UnitTest name="Sai.DealAssistant.Infrastructure.Tests.Repositories.GenericRepositoryTests.ReadRepositoryTests.ApplySorting_ThrowsInvalidSortColumnException" storage="c:\_proj\sai.dealassistant\sai-deal-assistant-backend\src\tests\sai.dealassistant.infrastructure.tests\bin\debug\net8.0\sai.dealassistant.infrastructure.tests.dll" id="7575dc31-5f20-6d05-ee77-1b6005ffa4e1">
      <Execution id="470eb7ed-58ba-47a4-8aa1-22fae08e04e1" />
      <TestMethod codeBase="C:\_PROJ\Sai.DealAssistant\sai-deal-assistant-backend\src\Tests\Sai.DealAssistant.Infrastructure.Tests\bin\Debug\net8.0\Sai.DealAssistant.Infrastructure.Tests.dll" adapterTypeName="executor://xunit/VsTestRunner2/netcoreapp" className="Sai.DealAssistant.Infrastructure.Tests.Repositories.GenericRepositoryTests.ReadRepositoryTests" name="ApplySorting_ThrowsInvalidSortColumnException" />
    </UnitTest>
    <UnitTest name="Sai.DealAssistant.Infrastructure.Tests.Repositories.GenericRepositoryTests.FieldUpdateRepositoryTests.UpdateFieldAsync_IdNotExists_Throws" storage="c:\_proj\sai.dealassistant\sai-deal-assistant-backend\src\tests\sai.dealassistant.infrastructure.tests\bin\debug\net8.0\sai.dealassistant.infrastructure.tests.dll" id="29a20248-d0b5-742c-03bf-cc306c3bbd1c">
      <Execution id="5b6ffbee-177a-4207-aabc-27d02246af81" />
      <TestMethod codeBase="C:\_PROJ\Sai.DealAssistant\sai-deal-assistant-backend\src\Tests\Sai.DealAssistant.Infrastructure.Tests\bin\Debug\net8.0\Sai.DealAssistant.Infrastructure.Tests.dll" adapterTypeName="executor://xunit/VsTestRunner2/netcoreapp" className="Sai.DealAssistant.Infrastructure.Tests.Repositories.GenericRepositoryTests.FieldUpdateRepositoryTests" name="UpdateFieldAsync_IdNotExists_Throws" />
    </UnitTest>
    <UnitTest name="Sai.DealAssistant.Infrastructure.Tests.Repositories.GenericRepositoryTests.CrudRepositoryTests.DeleteAsync_DeletesSampleEmployeeById" storage="c:\_proj\sai.dealassistant\sai-deal-assistant-backend\src\tests\sai.dealassistant.infrastructure.tests\bin\debug\net8.0\sai.dealassistant.infrastructure.tests.dll" id="e238d11b-e1e2-9e04-4658-a10b70c8c0e0">
      <Execution id="842722d2-760d-4224-a27f-d0dd0096c5c2" />
      <TestMethod codeBase="C:\_PROJ\Sai.DealAssistant\sai-deal-assistant-backend\src\Tests\Sai.DealAssistant.Infrastructure.Tests\bin\Debug\net8.0\Sai.DealAssistant.Infrastructure.Tests.dll" adapterTypeName="executor://xunit/VsTestRunner2/netcoreapp" className="Sai.DealAssistant.Infrastructure.Tests.Repositories.GenericRepositoryTests.CrudRepositoryTests" name="DeleteAsync_DeletesSampleEmployeeById" />
    </UnitTest>
    <UnitTest name="Sai.DealAssistant.Infrastructure.Tests.Repositories.GenericRepositoryTests.ReadRepositoryTests.SelectPagedAsync_ReturnsAll_SortByEmailDesc_LastPage" storage="c:\_proj\sai.dealassistant\sai-deal-assistant-backend\src\tests\sai.dealassistant.infrastructure.tests\bin\debug\net8.0\sai.dealassistant.infrastructure.tests.dll" id="c53680ad-6df4-66e8-ccb7-e83308eaca94">
      <Execution id="d7a675ff-e3ca-4336-b232-08f00aeaeeae" />
      <TestMethod codeBase="C:\_PROJ\Sai.DealAssistant\sai-deal-assistant-backend\src\Tests\Sai.DealAssistant.Infrastructure.Tests\bin\Debug\net8.0\Sai.DealAssistant.Infrastructure.Tests.dll" adapterTypeName="executor://xunit/VsTestRunner2/netcoreapp" className="Sai.DealAssistant.Infrastructure.Tests.Repositories.GenericRepositoryTests.ReadRepositoryTests" name="SelectPagedAsync_ReturnsAll_SortByEmailDesc_LastPage" />
    </UnitTest>
    <UnitTest name="Sai.DealAssistant.Infrastructure.Tests.Repositories.GenericRepositoryTests.FieldUpdateRepositoryTests.UpdateFieldAsync_TableNotExists_Throws" storage="c:\_proj\sai.dealassistant\sai-deal-assistant-backend\src\tests\sai.dealassistant.infrastructure.tests\bin\debug\net8.0\sai.dealassistant.infrastructure.tests.dll" id="7e2b956a-20da-d288-c32e-fdfd7d19156c">
      <Execution id="7c5040c5-33b8-4bf0-9595-4cfb7e6131d2" />
      <TestMethod codeBase="C:\_PROJ\Sai.DealAssistant\sai-deal-assistant-backend\src\Tests\Sai.DealAssistant.Infrastructure.Tests\bin\Debug\net8.0\Sai.DealAssistant.Infrastructure.Tests.dll" adapterTypeName="executor://xunit/VsTestRunner2/netcoreapp" className="Sai.DealAssistant.Infrastructure.Tests.Repositories.GenericRepositoryTests.FieldUpdateRepositoryTests" name="UpdateFieldAsync_TableNotExists_Throws" />
    </UnitTest>
    <UnitTest name="Sai.DealAssistant.Infrastructure.Tests.Repositories.GenericRepositoryTests.CrudRepositoryTests.UpdateAsync_WithChangedName_UpdatesSampleEmployee" storage="c:\_proj\sai.dealassistant\sai-deal-assistant-backend\src\tests\sai.dealassistant.infrastructure.tests\bin\debug\net8.0\sai.dealassistant.infrastructure.tests.dll" id="4f50c7e4-27c1-b6ae-f410-bc87cd6855b7">
      <Execution id="d0fa36ec-34c3-4bb8-a07e-ff047609a8b5" />
      <TestMethod codeBase="C:\_PROJ\Sai.DealAssistant\sai-deal-assistant-backend\src\Tests\Sai.DealAssistant.Infrastructure.Tests\bin\Debug\net8.0\Sai.DealAssistant.Infrastructure.Tests.dll" adapterTypeName="executor://xunit/VsTestRunner2/netcoreapp" className="Sai.DealAssistant.Infrastructure.Tests.Repositories.GenericRepositoryTests.CrudRepositoryTests" name="UpdateAsync_WithChangedName_UpdatesSampleEmployee" />
    </UnitTest>
    <UnitTest name="Sai.DealAssistant.Infrastructure.Tests.Repositories.GenericRepositoryTests.ReadRepositoryTests.FirstOrDefaultAsync_ReturnsNull_WhenItemDoesNotExist" storage="c:\_proj\sai.dealassistant\sai-deal-assistant-backend\src\tests\sai.dealassistant.infrastructure.tests\bin\debug\net8.0\sai.dealassistant.infrastructure.tests.dll" id="f38b4d81-fd18-5172-e695-fab88f35652d">
      <Execution id="af21dc0b-2d1a-4e50-aa9f-39c6321ed74b" />
      <TestMethod codeBase="C:\_PROJ\Sai.DealAssistant\sai-deal-assistant-backend\src\Tests\Sai.DealAssistant.Infrastructure.Tests\bin\Debug\net8.0\Sai.DealAssistant.Infrastructure.Tests.dll" adapterTypeName="executor://xunit/VsTestRunner2/netcoreapp" className="Sai.DealAssistant.Infrastructure.Tests.Repositories.GenericRepositoryTests.ReadRepositoryTests" name="FirstOrDefaultAsync_ReturnsNull_WhenItemDoesNotExist" />
    </UnitTest>
    <UnitTest name="Sai.DealAssistant.Infrastructure.Tests.Repositories.GenericRepositoryTests.ReadRepositoryTests.SelectAsync_ReturnsAll" storage="c:\_proj\sai.dealassistant\sai-deal-assistant-backend\src\tests\sai.dealassistant.infrastructure.tests\bin\debug\net8.0\sai.dealassistant.infrastructure.tests.dll" id="f111b91a-dee7-b574-1506-4287bc17fba1">
      <Execution id="0d9a3ccf-43cb-41c9-afca-d17533372990" />
      <TestMethod codeBase="C:\_PROJ\Sai.DealAssistant\sai-deal-assistant-backend\src\Tests\Sai.DealAssistant.Infrastructure.Tests\bin\Debug\net8.0\Sai.DealAssistant.Infrastructure.Tests.dll" adapterTypeName="executor://xunit/VsTestRunner2/netcoreapp" className="Sai.DealAssistant.Infrastructure.Tests.Repositories.GenericRepositoryTests.ReadRepositoryTests" name="SelectAsync_ReturnsAll" />
    </UnitTest>
    <UnitTest name="Sai.DealAssistant.Infrastructure.Tests.Repositories.GenericRepositoryTests.ReadRepositoryTests.GetAll_FilteredBySecondNameThanByEmail" storage="c:\_proj\sai.dealassistant\sai-deal-assistant-backend\src\tests\sai.dealassistant.infrastructure.tests\bin\debug\net8.0\sai.dealassistant.infrastructure.tests.dll" id="03b6df63-97a2-4d33-2101-7f83ed454113">
      <Execution id="d716d456-e685-4593-bfce-e9bae3af5ef6" />
      <TestMethod codeBase="C:\_PROJ\Sai.DealAssistant\sai-deal-assistant-backend\src\Tests\Sai.DealAssistant.Infrastructure.Tests\bin\Debug\net8.0\Sai.DealAssistant.Infrastructure.Tests.dll" adapterTypeName="executor://xunit/VsTestRunner2/netcoreapp" className="Sai.DealAssistant.Infrastructure.Tests.Repositories.GenericRepositoryTests.ReadRepositoryTests" name="GetAll_FilteredBySecondNameThanByEmail" />
    </UnitTest>
    <UnitTest name="Sai.DealAssistant.Infrastructure.Tests.Repositories.GenericRepositoryTests.ReadRepositoryTests.SelectPagedAsync_AfterLastPage_ShouldBeEmpty" storage="c:\_proj\sai.dealassistant\sai-deal-assistant-backend\src\tests\sai.dealassistant.infrastructure.tests\bin\debug\net8.0\sai.dealassistant.infrastructure.tests.dll" id="0b38bb53-002a-e188-4fe2-417fb886c207">
      <Execution id="d2e49b95-7a26-44c9-b4aa-2e723b0e7a94" />
      <TestMethod codeBase="C:\_PROJ\Sai.DealAssistant\sai-deal-assistant-backend\src\Tests\Sai.DealAssistant.Infrastructure.Tests\bin\Debug\net8.0\Sai.DealAssistant.Infrastructure.Tests.dll" adapterTypeName="executor://xunit/VsTestRunner2/netcoreapp" className="Sai.DealAssistant.Infrastructure.Tests.Repositories.GenericRepositoryTests.ReadRepositoryTests" name="SelectPagedAsync_AfterLastPage_ShouldBeEmpty" />
    </UnitTest>
    <UnitTest name="Sai.DealAssistant.Infrastructure.Tests.Persistence.DenormFieldsTests.DeleteEvent_WhenMultipleEvents_SetsDenormLastActionDateToRemainingMax" storage="c:\_proj\sai.dealassistant\sai-deal-assistant-backend\src\tests\sai.dealassistant.infrastructure.tests\bin\debug\net8.0\sai.dealassistant.infrastructure.tests.dll" id="72919150-5887-87f4-4a6f-48ea004d02e3">
      <Execution id="bbe80e7b-0dcf-4216-92a0-51ca8995e1ce" />
      <TestMethod codeBase="C:\_PROJ\Sai.DealAssistant\sai-deal-assistant-backend\src\Tests\Sai.DealAssistant.Infrastructure.Tests\bin\Debug\net8.0\Sai.DealAssistant.Infrastructure.Tests.dll" adapterTypeName="executor://xunit/VsTestRunner2/netcoreapp" className="Sai.DealAssistant.Infrastructure.Tests.Persistence.DenormFieldsTests" name="DeleteEvent_WhenMultipleEvents_SetsDenormLastActionDateToRemainingMax" />
    </UnitTest>
    <UnitTest name="Sai.DealAssistant.Infrastructure.Tests.Repositories.GenericRepositoryTests.ReadRepositoryTests.SelectAsync_ReturnsFiltered" storage="c:\_proj\sai.dealassistant\sai-deal-assistant-backend\src\tests\sai.dealassistant.infrastructure.tests\bin\debug\net8.0\sai.dealassistant.infrastructure.tests.dll" id="922816f5-8bbb-2c17-06c3-26ed0a0b4108">
      <Execution id="7a8bfc3d-82e1-404a-8c1d-d6c7e1cc7f3f" />
      <TestMethod codeBase="C:\_PROJ\Sai.DealAssistant\sai-deal-assistant-backend\src\Tests\Sai.DealAssistant.Infrastructure.Tests\bin\Debug\net8.0\Sai.DealAssistant.Infrastructure.Tests.dll" adapterTypeName="executor://xunit/VsTestRunner2/netcoreapp" className="Sai.DealAssistant.Infrastructure.Tests.Repositories.GenericRepositoryTests.ReadRepositoryTests" name="SelectAsync_ReturnsFiltered" />
    </UnitTest>
  </TestDefinitions>
  <TestEntries>
    <TestEntry testId="fbe1a45a-ea29-5e55-ae65-7274ab0de3b1" executionId="91e89504-3d38-4892-a609-8c6cc16f9531" testListId="8c84fa94-04c1-424b-9868-57a2d4851a1d" />
    <TestEntry testId="1b4d8d3a-0163-c205-b1ee-baf15feb9a32" executionId="098e5b62-099b-4b9a-8110-7956e89db278" testListId="8c84fa94-04c1-424b-9868-57a2d4851a1d" />
    <TestEntry testId="9704f739-0251-d674-9762-c0620410d507" executionId="21ee9899-ea70-4f40-8593-2e264c565153" testListId="8c84fa94-04c1-424b-9868-57a2d4851a1d" />
    <TestEntry testId="d3cbe634-d457-aa4d-5f88-75cfb62e3771" executionId="54743028-8702-4c23-9aa9-520e36e727da" testListId="8c84fa94-04c1-424b-9868-57a2d4851a1d" />
    <TestEntry testId="68c01459-f0e2-8b58-919c-b29ed90ee47e" executionId="9e690a80-c95b-4f73-adcd-8afb55069d28" testListId="8c84fa94-04c1-424b-9868-57a2d4851a1d" />
    <TestEntry testId="f8f98c89-f6e3-4ae5-ba70-dc160420889d" executionId="d1ad94aa-328a-4db9-b6af-061aac56baea" testListId="8c84fa94-04c1-424b-9868-57a2d4851a1d" />
    <TestEntry testId="a8620362-50a4-f444-677e-3025fd0e754f" executionId="7f593ee1-5127-4f15-8152-0642f1c0cc6e" testListId="8c84fa94-04c1-424b-9868-57a2d4851a1d" />
    <TestEntry testId="a967686b-33b4-f3f3-9890-0bc1992e4a31" executionId="b4bf6954-6d22-4d65-a1f2-7ff1a3d3eae9" testListId="8c84fa94-04c1-424b-9868-57a2d4851a1d" />
    <TestEntry testId="85d1b520-9d63-3696-a0df-1f1be2cbe478" executionId="abca76c2-6bf6-428e-b8e1-fb985a28ce47" testListId="8c84fa94-04c1-424b-9868-57a2d4851a1d" />
    <TestEntry testId="03b6df63-97a2-4d33-2101-7f83ed454113" executionId="d716d456-e685-4593-bfce-e9bae3af5ef6" testListId="8c84fa94-04c1-424b-9868-57a2d4851a1d" />
    <TestEntry testId="29a20248-d0b5-742c-03bf-cc306c3bbd1c" executionId="5b6ffbee-177a-4207-aabc-27d02246af81" testListId="8c84fa94-04c1-424b-9868-57a2d4851a1d" />
    <TestEntry testId="1a8c3b8a-f442-fa63-4012-8369a5cc7cb0" executionId="7f399572-e267-436c-b12e-c4ee8777b218" testListId="8c84fa94-04c1-424b-9868-57a2d4851a1d" />
    <TestEntry testId="f8a80593-625b-555b-eb20-9b507c35dc99" executionId="7a1d3e43-01c2-4da1-ba64-a7abc00cdb24" testListId="8c84fa94-04c1-424b-9868-57a2d4851a1d" />
    <TestEntry testId="a574bb46-1c03-df34-93cf-c646dad296e6" executionId="5437ab48-687e-4ee5-b64e-cea3adc1698b" testListId="8c84fa94-04c1-424b-9868-57a2d4851a1d" />
    <TestEntry testId="d7298ef1-0749-4da1-78d7-984e46e41f0d" executionId="951a0a0b-2b86-4dfd-944e-1ad54e7d8409" testListId="8c84fa94-04c1-424b-9868-57a2d4851a1d" />
    <TestEntry testId="c53680ad-6df4-66e8-ccb7-e83308eaca94" executionId="d7a675ff-e3ca-4336-b232-08f00aeaeeae" testListId="8c84fa94-04c1-424b-9868-57a2d4851a1d" />
    <TestEntry testId="6935523f-f65e-d0cf-c3f6-365262a1a7ea" executionId="fa8d6338-6850-4bdf-a678-4cbf8fbe0887" testListId="8c84fa94-04c1-424b-9868-57a2d4851a1d" />
    <TestEntry testId="193a0e43-3a47-5b22-3c7e-07c150be723a" executionId="e0f2016a-4160-4e86-b50f-ca9da039860a" testListId="8c84fa94-04c1-424b-9868-57a2d4851a1d" />
    <TestEntry testId="922816f5-8bbb-2c17-06c3-26ed0a0b4108" executionId="7a8bfc3d-82e1-404a-8c1d-d6c7e1cc7f3f" testListId="8c84fa94-04c1-424b-9868-57a2d4851a1d" />
    <TestEntry testId="7575dc31-5f20-6d05-ee77-1b6005ffa4e1" executionId="470eb7ed-58ba-47a4-8aa1-22fae08e04e1" testListId="8c84fa94-04c1-424b-9868-57a2d4851a1d" />
    <TestEntry testId="ac7497d6-71b5-64e8-1c5b-0938ffdf0299" executionId="2a87caf8-0e0f-4640-919d-611a6a7c7d44" testListId="8c84fa94-04c1-424b-9868-57a2d4851a1d" />
    <TestEntry testId="bfe814d8-c538-93de-ef56-a817cf11863a" executionId="2251ca9c-3e61-4351-ba39-07211912f7ed" testListId="8c84fa94-04c1-424b-9868-57a2d4851a1d" />
    <TestEntry testId="f326dd1f-aedd-d307-7b9e-0fa5f3201931" executionId="d7a80be3-e44d-4e3b-bdff-c2d3ffe12e4b" testListId="8c84fa94-04c1-424b-9868-57a2d4851a1d" />
    <TestEntry testId="821793b1-eb91-c7a3-2bb7-a418da5c2f9d" executionId="0685ac3e-4c70-4541-aaef-5295cb9ea6bf" testListId="8c84fa94-04c1-424b-9868-57a2d4851a1d" />
    <TestEntry testId="c60741ba-ce87-4389-62b6-abfaecce0cb4" executionId="d0e2bf67-239b-4f23-b8ed-9c58232a3b9d" testListId="8c84fa94-04c1-424b-9868-57a2d4851a1d" />
    <TestEntry testId="fd7bed65-2efb-3e90-0c1a-e47dc5ccec0a" executionId="696a596a-040c-45e8-bd3f-0aa2a3cbcd73" testListId="8c84fa94-04c1-424b-9868-57a2d4851a1d" />
    <TestEntry testId="9817eabf-4a92-b4bd-b04c-d5bb5964faa6" executionId="b62c8a52-367a-42f8-9745-8f193a40a4a7" testListId="8c84fa94-04c1-424b-9868-57a2d4851a1d" />
    <TestEntry testId="e2c108e4-5239-e09a-752b-7b6bd3fb2261" executionId="b5aaa4e9-35f8-4ac2-a592-d6aeed52b9e4" testListId="8c84fa94-04c1-424b-9868-57a2d4851a1d" />
    <TestEntry testId="a9a149e2-684b-29cd-32ba-3268edaa6702" executionId="b148acd5-fb63-4409-9755-c2c3b5bef44f" testListId="8c84fa94-04c1-424b-9868-57a2d4851a1d" />
    <TestEntry testId="0b38bb53-002a-e188-4fe2-417fb886c207" executionId="d2e49b95-7a26-44c9-b4aa-2e723b0e7a94" testListId="8c84fa94-04c1-424b-9868-57a2d4851a1d" />
    <TestEntry testId="72919150-5887-87f4-4a6f-48ea004d02e3" executionId="bbe80e7b-0dcf-4216-92a0-51ca8995e1ce" testListId="8c84fa94-04c1-424b-9868-57a2d4851a1d" />
    <TestEntry testId="e238d11b-e1e2-9e04-4658-a10b70c8c0e0" executionId="842722d2-760d-4224-a27f-d0dd0096c5c2" testListId="8c84fa94-04c1-424b-9868-57a2d4851a1d" />
    <TestEntry testId="f111b91a-dee7-b574-1506-4287bc17fba1" executionId="0d9a3ccf-43cb-41c9-afca-d17533372990" testListId="8c84fa94-04c1-424b-9868-57a2d4851a1d" />
    <TestEntry testId="f38b4d81-fd18-5172-e695-fab88f35652d" executionId="af21dc0b-2d1a-4e50-aa9f-39c6321ed74b" testListId="8c84fa94-04c1-424b-9868-57a2d4851a1d" />
    <TestEntry testId="a0343a1f-04a1-5c88-b3ed-7007324c208d" executionId="b79c5982-4439-42ed-be97-b1e1a1f14f6b" testListId="8c84fa94-04c1-424b-9868-57a2d4851a1d" />
    <TestEntry testId="4f50c7e4-27c1-b6ae-f410-bc87cd6855b7" executionId="d0fa36ec-34c3-4bb8-a07e-ff047609a8b5" testListId="8c84fa94-04c1-424b-9868-57a2d4851a1d" />
    <TestEntry testId="5b7f3d86-82c9-9ed6-004b-48b6a036a044" executionId="8c1a0797-4604-4953-bfa4-84577eb20c89" testListId="8c84fa94-04c1-424b-9868-57a2d4851a1d" />
    <TestEntry testId="05b35716-8b80-c898-e9c0-db852b006064" executionId="9cdf7631-2679-4692-869f-4f24707ab790" testListId="8c84fa94-04c1-424b-9868-57a2d4851a1d" />
    <TestEntry testId="7e2b956a-20da-d288-c32e-fdfd7d19156c" executionId="7c5040c5-33b8-4bf0-9595-4cfb7e6131d2" testListId="8c84fa94-04c1-424b-9868-57a2d4851a1d" />
    <TestEntry testId="4c2e6fe7-2828-2971-df3a-e3ed0ec580cb" executionId="cbf34189-7517-4b4f-8b53-9eb8b7fdee52" testListId="8c84fa94-04c1-424b-9868-57a2d4851a1d" />
    <TestEntry testId="a8d65476-b903-071b-760c-2ad4f4d33be6" executionId="9490b081-68ac-4370-91e6-799182ba4859" testListId="8c84fa94-04c1-424b-9868-57a2d4851a1d" />
    <TestEntry testId="d81382b6-74ad-b86b-99ea-3177e5a4a7b0" executionId="5e899f6e-bbe2-4508-9235-6b165f65c1c7" testListId="8c84fa94-04c1-424b-9868-57a2d4851a1d" />
    <TestEntry testId="25e0e243-3b2f-051b-5904-3623e34db590" executionId="3f49769a-edab-4d32-bb91-adfcb16930db" testListId="8c84fa94-04c1-424b-9868-57a2d4851a1d" />
    <TestEntry testId="320b8350-8c67-b05d-edb2-e11fae16e998" executionId="dc7fb724-99e3-4efb-972d-5a215c962c81" testListId="8c84fa94-04c1-424b-9868-57a2d4851a1d" />
    <TestEntry testId="cc459ca6-39a6-38b1-cef5-05d96d911ed4" executionId="b0142944-0dae-4ff9-b1a2-ca39cc724e28" testListId="8c84fa94-04c1-424b-9868-57a2d4851a1d" />
  </TestEntries>
  <TestLists>
    <TestList name="Results Not in a List" id="8c84fa94-04c1-424b-9868-57a2d4851a1d" />
    <TestList name="All Loaded Results" id="19431567-8539-422a-85d7-44ee4e166bda" />
  </TestLists>
  <ResultSummary outcome="Completed">
    <Counters total="45" executed="45" passed="45" failed="0" error="0" timeout="0" aborted="0" inconclusive="0" passedButRunAborted="0" notRunnable="0" notExecuted="0" disconnected="0" warning="0" completed="0" inProgress="0" pending="0" />
    <Output>
      <StdOut>[xUnit.net 00:00:00.00] xUnit.net VSTest Adapter v2.5.3.1+6b60a9e56a (64-bit .NET 8.0.26)&#xD;
[xUnit.net 00:00:00.12]   Discovering: Sai.DealAssistant.Infrastructure.Tests&#xD;
[xUnit.net 00:00:00.17]   Discovered:  Sai.DealAssistant.Infrastructure.Tests&#xD;
[xUnit.net 00:00:00.18]   Starting:    Sai.DealAssistant.Infrastructure.Tests&#xD;
[xUnit.net 00:02:06.88]   Finished:    Sai.DealAssistant.Infrastructure.Tests&#xD;
</StdOut>
    </Output>
  </ResultSummary>
</TestRun>